    Finished `release` profile [optimized] target(s) in 0.05s
     Running `target/release/examples/gray-benchmark /home/aristidas/Desktop/zkp-benchmark/tile-based/benchmark/grayscale/outputs_hd/passport_0003.json 100`
=========================================
Tile-Based Grayscale Proof Generation
=========================================
JSON file: /home/aristidas/Desktop/zkp-benchmark/tile-based/benchmark/grayscale/outputs_hd/passport_0003.json
Tile height: 100 rows
=========================================
Image dimensions: 720x1280 pixels
Number of tiles: 8

Building tile circuit (100x1280 pixels per tile)...
Circuit build took: 7.638444279s
Number of constraints: 5
Number of variables per tile: 384000

Processing tile 1/8 (rows 0..100)
  Proof generation: 8.958696733s
  Verification: 36.369452000ms

Processing tile 2/8 (rows 100..200)
  Proof generation: 9.057937000s
  Verification: 26.788159000ms

Processing tile 3/8 (rows 200..300)
  Proof generation: 8.986580836s
  Verification: 24.819164000ms

Processing tile 4/8 (rows 300..400)
  Proof generation: 8.801676664s
  Verification: 24.136551000ms

Processing tile 5/8 (rows 400..500)
  Proof generation: 8.860523599s
  Verification: 31.237445000ms

Processing tile 6/8 (rows 500..600)
  Proof generation: 8.896041522s
  Verification: 29.919478000ms

Processing tile 7/8 (rows 600..700)
  Proof generation: 8.748859875s
  Verification: 28.402341000ms

Processing tile 8/8 (rows 700..720)
  Proof generation: 8.741731504s
  Verification: 29.689238000ms

=========================================
Summary
=========================================
Total tiles processed: 8
Circuit build time: 7.638444279s
Total proof generation time: 71.052047733s
Average proof time per tile: 8.881505967s
Total verification time: 231.361828000ms
Average verification time per tile: 28.920228500ms
Variables per tile: 384000 (vs 2764800 for full image)
=========================================
	Command being timed: "cargo run --release --example gray-benchmark -- /home/aristidas/Desktop/zkp-benchmark/tile-based/benchmark/grayscale/outputs_hd/passport_0003.json 100"
	User time (seconds): 205.28
	System time (seconds): 58.20
	Percent of CPU this job got: 330%
	Elapsed (wall clock) time (h:mm:ss or m:ss): 1:19.73
	Average shared text size (kbytes): 0
	Average unshared data size (kbytes): 0
	Average stack size (kbytes): 0
	Average total size (kbytes): 0
	Maximum resident set size (kbytes): 2794724
	Average resident set size (kbytes): 0
	Major (requiring I/O) page faults: 0
	Minor (reclaiming a frame) page faults: 1540052
	Voluntary context switches: 7923
	Involuntary context switches: 8551
	Swaps: 0
	File system inputs: 118272
	File system outputs: 24
	Socket messages sent: 0
	Socket messages received: 0
	Signals delivered: 0
	Page size (bytes): 4096
	Exit status: 0

=== Memory and Resource Statistics ===
