    Finished `release` profile [optimized] target(s) in 0.04s
     Running `target/release/examples/gray-benchmark /home/aristidas/Desktop/zkp-benchmark/tile-based/benchmark/grayscale/outputs_hd/passport_0015.json 100`
=========================================
Tile-Based Grayscale Proof Generation
=========================================
JSON file: /home/aristidas/Desktop/zkp-benchmark/tile-based/benchmark/grayscale/outputs_hd/passport_0015.json
Tile height: 100 rows
=========================================
Image dimensions: 720x1280 pixels
Number of tiles: 8

Building tile circuit (100x1280 pixels per tile)...
Circuit build took: 7.454507650s
Number of constraints: 5
Number of variables per tile: 384000

Processing tile 1/8 (rows 0..100)
  Proof generation: 9.168110828s
  Verification: 25.344154000ms

Processing tile 2/8 (rows 100..200)
  Proof generation: 9.104367000s
  Verification: 41.970682000ms

Processing tile 3/8 (rows 200..300)
  Proof generation: 9.378596960s
  Verification: 30.662922000ms

Processing tile 4/8 (rows 300..400)
  Proof generation: 9.656274072s
  Verification: 30.131775000ms

Processing tile 5/8 (rows 400..500)
  Proof generation: 13.906109044s
  Verification: 29.546938000ms

Processing tile 6/8 (rows 500..600)
  Proof generation: 9.259563119s
  Verification: 30.611011000ms

Processing tile 7/8 (rows 600..700)
  Proof generation: 10.263936282s
  Verification: 30.815107000ms

Processing tile 8/8 (rows 700..720)
  Proof generation: 9.243953089s
  Verification: 32.036382000ms

=========================================
Summary
=========================================
Total tiles processed: 8
Circuit build time: 7.454507650s
Total proof generation time: 79.980910394s
Average proof time per tile: 9.997613799s
Total verification time: 251.118971000ms
Average verification time per tile: 31.389871375ms
Variables per tile: 384000 (vs 2764800 for full image)
=========================================
	Command being timed: "cargo run --release --example gray-benchmark -- /home/aristidas/Desktop/zkp-benchmark/tile-based/benchmark/grayscale/outputs_hd/passport_0015.json 100"
	User time (seconds): 209.69
	System time (seconds): 79.69
	Percent of CPU this job got: 326%
	Elapsed (wall clock) time (h:mm:ss or m:ss): 1:28.52
	Average shared text size (kbytes): 0
	Average unshared data size (kbytes): 0
	Average stack size (kbytes): 0
	Average total size (kbytes): 0
	Maximum resident set size (kbytes): 2807932
	Average resident set size (kbytes): 0
	Major (requiring I/O) page faults: 0
	Minor (reclaiming a frame) page faults: 1493484
	Voluntary context switches: 8281
	Involuntary context switches: 21759
	Swaps: 0
	File system inputs: 118240
	File system outputs: 24
	Socket messages sent: 0
	Socket messages received: 0
	Signals delivered: 0
	Page size (bytes): 4096
	Exit status: 0

=== Memory and Resource Statistics ===
