    Finished `release` profile [optimized] target(s) in 0.08s
     Running `target/release/examples/gray-benchmark /home/aristidas/Desktop/zkp-benchmark/tile-based/benchmark/grayscale/outputs_hd/passport_0008.json 100`
=========================================
Tile-Based Grayscale Proof Generation
=========================================
JSON file: /home/aristidas/Desktop/zkp-benchmark/tile-based/benchmark/grayscale/outputs_hd/passport_0008.json
Tile height: 100 rows
=========================================
Image dimensions: 720x1280 pixels
Number of tiles: 8

Building tile circuit (100x1280 pixels per tile)...
Circuit build took: 7.615748949s
Number of constraints: 5
Number of variables per tile: 384000

Processing tile 1/8 (rows 0..100)
  Proof generation: 9.091594894s
  Verification: 28.410549000ms

Processing tile 2/8 (rows 100..200)
  Proof generation: 8.686008517s
  Verification: 27.362443000ms

Processing tile 3/8 (rows 200..300)
  Proof generation: 9.401672500s
  Verification: 23.357780000ms

Processing tile 4/8 (rows 300..400)
  Proof generation: 8.884278926s
  Verification: 28.579509000ms

Processing tile 5/8 (rows 400..500)
  Proof generation: 8.709880029s
  Verification: 29.222003000ms

Processing tile 6/8 (rows 500..600)
  Proof generation: 8.739538851s
  Verification: 26.486978000ms

Processing tile 7/8 (rows 600..700)
  Proof generation: 8.740914918s
  Verification: 30.656824000ms

Processing tile 8/8 (rows 700..720)
  Proof generation: 8.656476086s
  Verification: 32.706921000ms

=========================================
Summary
=========================================
Total tiles processed: 8
Circuit build time: 7.615748949s
Total proof generation time: 70.910364721s
Average proof time per tile: 8.863795590s
Total verification time: 226.783007000ms
Average verification time per tile: 28.347875875ms
Variables per tile: 384000 (vs 2764800 for full image)
=========================================
	Command being timed: "cargo run --release --example gray-benchmark -- /home/aristidas/Desktop/zkp-benchmark/tile-based/benchmark/grayscale/outputs_hd/passport_0008.json 100"
	User time (seconds): 204.22
	System time (seconds): 56.89
	Percent of CPU this job got: 328%
	Elapsed (wall clock) time (h:mm:ss or m:ss): 1:19.60
	Average shared text size (kbytes): 0
	Average unshared data size (kbytes): 0
	Average stack size (kbytes): 0
	Average total size (kbytes): 0
	Maximum resident set size (kbytes): 2848216
	Average resident set size (kbytes): 0
	Major (requiring I/O) page faults: 0
	Minor (reclaiming a frame) page faults: 1520464
	Voluntary context switches: 7937
	Involuntary context switches: 16631
	Swaps: 0
	File system inputs: 118288
	File system outputs: 232
	Socket messages sent: 0
	Socket messages received: 0
	Signals delivered: 0
	Page size (bytes): 4096
	Exit status: 0

=== Memory and Resource Statistics ===
