    Finished `release` profile [optimized] target(s) in 0.05s
     Running `target/release/examples/gray-benchmark /home/aristidas/Desktop/zkp-benchmark/tile-based/benchmark/grayscale/outputs_hd/passport_0038.json 100`
=========================================
Tile-Based Grayscale Proof Generation
=========================================
JSON file: /home/aristidas/Desktop/zkp-benchmark/tile-based/benchmark/grayscale/outputs_hd/passport_0038.json
Tile height: 100 rows
=========================================
Image dimensions: 720x1280 pixels
Number of tiles: 8

Building tile circuit (100x1280 pixels per tile)...
Circuit build took: 7.217304552s
Number of constraints: 5
Number of variables per tile: 384000

Processing tile 1/8 (rows 0..100)
  Proof generation: 9.229308828s
  Verification: 27.032787000ms

Processing tile 2/8 (rows 100..200)
  Proof generation: 9.297176917s
  Verification: 25.351676000ms

Processing tile 3/8 (rows 200..300)
  Proof generation: 9.014663315s
  Verification: 27.679092000ms

Processing tile 4/8 (rows 300..400)
  Proof generation: 8.790795196s
  Verification: 24.753542000ms

Processing tile 5/8 (rows 400..500)
  Proof generation: 8.799759229s
  Verification: 28.485086000ms

Processing tile 6/8 (rows 500..600)
  Proof generation: 8.889905466s
  Verification: 34.857140000ms

Processing tile 7/8 (rows 600..700)
  Proof generation: 9.021268256s
  Verification: 36.649254000ms

Processing tile 8/8 (rows 700..720)
  Proof generation: 9.431612837s
  Verification: 25.267998000ms

=========================================
Summary
=========================================
Total tiles processed: 8
Circuit build time: 7.217304552s
Total proof generation time: 72.474490044s
Average proof time per tile: 9.059311256s
Total verification time: 230.076575000ms
Average verification time per tile: 28.759571875ms
Variables per tile: 384000 (vs 2764800 for full image)
=========================================
	Command being timed: "cargo run --release --example gray-benchmark -- /home/aristidas/Desktop/zkp-benchmark/tile-based/benchmark/grayscale/outputs_hd/passport_0038.json 100"
	User time (seconds): 198.69
	System time (seconds): 64.86
	Percent of CPU this job got: 326%
	Elapsed (wall clock) time (h:mm:ss or m:ss): 1:20.65
	Average shared text size (kbytes): 0
	Average unshared data size (kbytes): 0
	Average stack size (kbytes): 0
	Average total size (kbytes): 0
	Maximum resident set size (kbytes): 2784620
	Average resident set size (kbytes): 0
	Major (requiring I/O) page faults: 0
	Minor (reclaiming a frame) page faults: 1517900
	Voluntary context switches: 8145
	Involuntary context switches: 9854
	Swaps: 0
	File system inputs: 117936
	File system outputs: 24
	Socket messages sent: 0
	Socket messages received: 0
	Signals delivered: 0
	Page size (bytes): 4096
	Exit status: 0

=== Memory and Resource Statistics ===
