    Finished `release` profile [optimized] target(s) in 0.04s
     Running `target/release/examples/gray-benchmark /home/aristidas/Desktop/zkp-benchmark/tile-based/benchmark/grayscale/outputs_hd/passport_0027.json 100`
=========================================
Tile-Based Grayscale Proof Generation
=========================================
JSON file: /home/aristidas/Desktop/zkp-benchmark/tile-based/benchmark/grayscale/outputs_hd/passport_0027.json
Tile height: 100 rows
=========================================
Image dimensions: 720x1280 pixels
Number of tiles: 8

Building tile circuit (100x1280 pixels per tile)...
Circuit build took: 7.692999571s
Number of constraints: 5
Number of variables per tile: 384000

Processing tile 1/8 (rows 0..100)
  Proof generation: 9.813806536s
  Verification: 30.100395000ms

Processing tile 2/8 (rows 100..200)
  Proof generation: 9.273340644s
  Verification: 34.447338000ms

Processing tile 3/8 (rows 200..300)
  Proof generation: 8.717801234s
  Verification: 25.586593000ms

Processing tile 4/8 (rows 300..400)
  Proof generation: 10.132557169s
  Verification: 27.387862000ms

Processing tile 5/8 (rows 400..500)
  Proof generation: 9.050445103s
  Verification: 27.587018000ms

Processing tile 6/8 (rows 500..600)
  Proof generation: 8.908304914s
  Verification: 24.332820000ms

Processing tile 7/8 (rows 600..700)
  Proof generation: 9.249206058s
  Verification: 25.576925000ms

Processing tile 8/8 (rows 700..720)
  Proof generation: 8.848681852s
  Verification: 25.467198000ms

=========================================
Summary
=========================================
Total tiles processed: 8
Circuit build time: 7.692999571s
Total proof generation time: 73.994143510s
Average proof time per tile: 9.249267939s
Total verification time: 220.486149000ms
Average verification time per tile: 27.560768625ms
Variables per tile: 384000 (vs 2764800 for full image)
=========================================
	Command being timed: "cargo run --release --example gray-benchmark -- /home/aristidas/Desktop/zkp-benchmark/tile-based/benchmark/grayscale/outputs_hd/passport_0027.json 100"
	User time (seconds): 202.57
	System time (seconds): 69.27
	Percent of CPU this job got: 328%
	Elapsed (wall clock) time (h:mm:ss or m:ss): 1:22.75
	Average shared text size (kbytes): 0
	Average unshared data size (kbytes): 0
	Average stack size (kbytes): 0
	Average total size (kbytes): 0
	Maximum resident set size (kbytes): 2768328
	Average resident set size (kbytes): 0
	Major (requiring I/O) page faults: 0
	Minor (reclaiming a frame) page faults: 1524103
	Voluntary context switches: 6487
	Involuntary context switches: 9873
	Swaps: 0
	File system inputs: 118144
	File system outputs: 24
	Socket messages sent: 0
	Socket messages received: 0
	Signals delivered: 0
	Page size (bytes): 4096
	Exit status: 0

=== Memory and Resource Statistics ===
