    Finished `release` profile [optimized] target(s) in 0.06s
     Running `target/release/examples/gray-benchmark /home/aristidas/Desktop/zkp-benchmark/tile-based/benchmark/grayscale/outputs_hd/passport_0017.json 100`
=========================================
Tile-Based Grayscale Proof Generation
=========================================
JSON file: /home/aristidas/Desktop/zkp-benchmark/tile-based/benchmark/grayscale/outputs_hd/passport_0017.json
Tile height: 100 rows
=========================================
Image dimensions: 720x1280 pixels
Number of tiles: 8

Building tile circuit (100x1280 pixels per tile)...
Circuit build took: 7.606162185s
Number of constraints: 5
Number of variables per tile: 384000

Processing tile 1/8 (rows 0..100)
  Proof generation: 9.601591446s
  Verification: 28.717922000ms

Processing tile 2/8 (rows 100..200)
  Proof generation: 8.896549587s
  Verification: 26.687454000ms

Processing tile 3/8 (rows 200..300)
  Proof generation: 9.331219914s
  Verification: 33.723745000ms

Processing tile 4/8 (rows 300..400)
  Proof generation: 8.998676434s
  Verification: 26.723229000ms

Processing tile 5/8 (rows 400..500)
  Proof generation: 8.748728112s
  Verification: 29.362970000ms

Processing tile 6/8 (rows 500..600)
  Proof generation: 8.909331726s
  Verification: 27.116433000ms

Processing tile 7/8 (rows 600..700)
  Proof generation: 9.074102388s
  Verification: 26.216232000ms

Processing tile 8/8 (rows 700..720)
  Proof generation: 9.401153485s
  Verification: 25.508483000ms

=========================================
Summary
=========================================
Total tiles processed: 8
Circuit build time: 7.606162185s
Total proof generation time: 72.961353092s
Average proof time per tile: 9.120169136s
Total verification time: 224.056468000ms
Average verification time per tile: 28.007058500ms
Variables per tile: 384000 (vs 2764800 for full image)
=========================================
	Command being timed: "cargo run --release --example gray-benchmark -- /home/aristidas/Desktop/zkp-benchmark/tile-based/benchmark/grayscale/outputs_hd/passport_0017.json 100"
	User time (seconds): 199.60
	System time (seconds): 68.46
	Percent of CPU this job got: 328%
	Elapsed (wall clock) time (h:mm:ss or m:ss): 1:21.63
	Average shared text size (kbytes): 0
	Average unshared data size (kbytes): 0
	Average stack size (kbytes): 0
	Average total size (kbytes): 0
	Maximum resident set size (kbytes): 2738292
	Average resident set size (kbytes): 0
	Major (requiring I/O) page faults: 0
	Minor (reclaiming a frame) page faults: 1497452
	Voluntary context switches: 8323
	Involuntary context switches: 12612
	Swaps: 0
	File system inputs: 117832
	File system outputs: 24
	Socket messages sent: 0
	Socket messages received: 0
	Signals delivered: 0
	Page size (bytes): 4096
	Exit status: 0

=== Memory and Resource Statistics ===
