    Finished `release` profile [optimized] target(s) in 0.04s
     Running `target/release/examples/gray-benchmark /home/aristidas/Desktop/zkp-benchmark/tile-based/benchmark/grayscale/outputs_hd/passport_0009.json 100`
=========================================
Tile-Based Grayscale Proof Generation
=========================================
JSON file: /home/aristidas/Desktop/zkp-benchmark/tile-based/benchmark/grayscale/outputs_hd/passport_0009.json
Tile height: 100 rows
=========================================
Image dimensions: 720x1280 pixels
Number of tiles: 8

Building tile circuit (100x1280 pixels per tile)...
Circuit build took: 7.543079784s
Number of constraints: 5
Number of variables per tile: 384000

Processing tile 1/8 (rows 0..100)
  Proof generation: 9.242666040s
  Verification: 27.133784000ms

Processing tile 2/8 (rows 100..200)
  Proof generation: 8.765631256s
  Verification: 26.311587000ms

Processing tile 3/8 (rows 200..300)
  Proof generation: 8.614069072s
  Verification: 34.275472000ms

Processing tile 4/8 (rows 300..400)
  Proof generation: 8.672990267s
  Verification: 31.207774000ms

Processing tile 5/8 (rows 400..500)
  Proof generation: 8.891243153s
  Verification: 33.214117000ms

Processing tile 6/8 (rows 500..600)
  Proof generation: 8.665488383s
  Verification: 33.656481000ms

Processing tile 7/8 (rows 600..700)
  Proof generation: 8.718056573s
  Verification: 25.533723000ms

Processing tile 8/8 (rows 700..720)
  Proof generation: 8.781505415s
  Verification: 29.404886000ms

=========================================
Summary
=========================================
Total tiles processed: 8
Circuit build time: 7.543079784s
Total proof generation time: 70.351650159s
Average proof time per tile: 8.793956270s
Total verification time: 240.737824000ms
Average verification time per tile: 30.092228000ms
Variables per tile: 384000 (vs 2764800 for full image)
=========================================
	Command being timed: "cargo run --release --example gray-benchmark -- /home/aristidas/Desktop/zkp-benchmark/tile-based/benchmark/grayscale/outputs_hd/passport_0009.json 100"
	User time (seconds): 193.33
	System time (seconds): 66.33
	Percent of CPU this job got: 328%
	Elapsed (wall clock) time (h:mm:ss or m:ss): 1:18.96
	Average shared text size (kbytes): 0
	Average unshared data size (kbytes): 0
	Average stack size (kbytes): 0
	Average total size (kbytes): 0
	Maximum resident set size (kbytes): 2862628
	Average resident set size (kbytes): 0
	Major (requiring I/O) page faults: 0
	Minor (reclaiming a frame) page faults: 1540501
	Voluntary context switches: 7512
	Involuntary context switches: 8517
	Swaps: 0
	File system inputs: 118512
	File system outputs: 24
	Socket messages sent: 0
	Socket messages received: 0
	Signals delivered: 0
	Page size (bytes): 4096
	Exit status: 0

=== Memory and Resource Statistics ===
