    Finished `release` profile [optimized] target(s) in 0.04s
     Running `target/release/examples/gray-benchmark /home/aristidas/Desktop/zkp-benchmark/tile-based/benchmark/grayscale/outputs_hd/passport_0046.json 100`
=========================================
Tile-Based Grayscale Proof Generation
=========================================
JSON file: /home/aristidas/Desktop/zkp-benchmark/tile-based/benchmark/grayscale/outputs_hd/passport_0046.json
Tile height: 100 rows
=========================================
Image dimensions: 720x1280 pixels
Number of tiles: 8

Building tile circuit (100x1280 pixels per tile)...
Circuit build took: 7.463617184s
Number of constraints: 5
Number of variables per tile: 384000

Processing tile 1/8 (rows 0..100)
  Proof generation: 9.438977560s
  Verification: 39.271548000ms

Processing tile 2/8 (rows 100..200)
  Proof generation: 8.927491045s
  Verification: 24.257008000ms

Processing tile 3/8 (rows 200..300)
  Proof generation: 10.136697197s
  Verification: 32.685754000ms

Processing tile 4/8 (rows 300..400)
  Proof generation: 8.909201495s
  Verification: 25.455642000ms

Processing tile 5/8 (rows 400..500)
  Proof generation: 8.830993111s
  Verification: 27.950608000ms

Processing tile 6/8 (rows 500..600)
  Proof generation: 9.072198638s
  Verification: 32.344434000ms

Processing tile 7/8 (rows 600..700)
  Proof generation: 8.799386487s
  Verification: 35.185889000ms

Processing tile 8/8 (rows 700..720)
  Proof generation: 8.891479768s
  Verification: 32.522732000ms

=========================================
Summary
=========================================
Total tiles processed: 8
Circuit build time: 7.463617184s
Total proof generation time: 73.006425301s
Average proof time per tile: 9.125803163s
Total verification time: 249.673615000ms
Average verification time per tile: 31.209201875ms
Variables per tile: 384000 (vs 2764800 for full image)
=========================================
	Command being timed: "cargo run --release --example gray-benchmark -- /home/aristidas/Desktop/zkp-benchmark/tile-based/benchmark/grayscale/outputs_hd/passport_0046.json 100"
	User time (seconds): 203.79
	System time (seconds): 64.00
	Percent of CPU this job got: 328%
	Elapsed (wall clock) time (h:mm:ss or m:ss): 1:21.56
	Average shared text size (kbytes): 0
	Average unshared data size (kbytes): 0
	Average stack size (kbytes): 0
	Average total size (kbytes): 0
	Maximum resident set size (kbytes): 2769064
	Average resident set size (kbytes): 0
	Major (requiring I/O) page faults: 0
	Minor (reclaiming a frame) page faults: 1515143
	Voluntary context switches: 7351
	Involuntary context switches: 9552
	Swaps: 0
	File system inputs: 118352
	File system outputs: 24
	Socket messages sent: 0
	Socket messages received: 0
	Signals delivered: 0
	Page size (bytes): 4096
	Exit status: 0

=== Memory and Resource Statistics ===
