    Finished `release` profile [optimized] target(s) in 0.05s
     Running `target/release/examples/gray-benchmark /home/aristidas/Desktop/zkp-benchmark/tile-based/benchmark/grayscale/outputs_hd/passport_0014.json 100`
=========================================
Tile-Based Grayscale Proof Generation
=========================================
JSON file: /home/aristidas/Desktop/zkp-benchmark/tile-based/benchmark/grayscale/outputs_hd/passport_0014.json
Tile height: 100 rows
=========================================
Image dimensions: 720x1280 pixels
Number of tiles: 8

Building tile circuit (100x1280 pixels per tile)...
Circuit build took: 8.033903675s
Number of constraints: 5
Number of variables per tile: 384000

Processing tile 1/8 (rows 0..100)
  Proof generation: 9.386163685s
  Verification: 26.104783000ms

Processing tile 2/8 (rows 100..200)
  Proof generation: 9.467558903s
  Verification: 34.513968000ms

Processing tile 3/8 (rows 200..300)
  Proof generation: 9.263179366s
  Verification: 24.260149000ms

Processing tile 4/8 (rows 300..400)
  Proof generation: 8.705879180s
  Verification: 26.030211000ms

Processing tile 5/8 (rows 400..500)
  Proof generation: 9.089394711s
  Verification: 36.678504000ms

Processing tile 6/8 (rows 500..600)
  Proof generation: 9.312069714s
  Verification: 25.518879000ms

Processing tile 7/8 (rows 600..700)
  Proof generation: 9.023651381s
  Verification: 27.814705000ms

Processing tile 8/8 (rows 700..720)
  Proof generation: 9.703964836s
  Verification: 26.251763000ms

=========================================
Summary
=========================================
Total tiles processed: 8
Circuit build time: 8.033903675s
Total proof generation time: 73.951861776s
Average proof time per tile: 9.243982722s
Total verification time: 227.172962000ms
Average verification time per tile: 28.396620250ms
Variables per tile: 384000 (vs 2764800 for full image)
=========================================
	Command being timed: "cargo run --release --example gray-benchmark -- /home/aristidas/Desktop/zkp-benchmark/tile-based/benchmark/grayscale/outputs_hd/passport_0014.json 100"
	User time (seconds): 204.23
	System time (seconds): 65.65
	Percent of CPU this job got: 325%
	Elapsed (wall clock) time (h:mm:ss or m:ss): 1:22.99
	Average shared text size (kbytes): 0
	Average unshared data size (kbytes): 0
	Average stack size (kbytes): 0
	Average total size (kbytes): 0
	Maximum resident set size (kbytes): 2843360
	Average resident set size (kbytes): 0
	Major (requiring I/O) page faults: 0
	Minor (reclaiming a frame) page faults: 1529275
	Voluntary context switches: 8360
	Involuntary context switches: 17824
	Swaps: 0
	File system inputs: 118368
	File system outputs: 24
	Socket messages sent: 0
	Socket messages received: 0
	Signals delivered: 0
	Page size (bytes): 4096
	Exit status: 0

=== Memory and Resource Statistics ===
