    Finished `release` profile [optimized] target(s) in 0.05s
     Running `target/release/examples/gray-benchmark /home/aristidas/Desktop/zkp-benchmark/tile-based/benchmark/grayscale/outputs_hd/passport_0031.json 100`
=========================================
Tile-Based Grayscale Proof Generation
=========================================
JSON file: /home/aristidas/Desktop/zkp-benchmark/tile-based/benchmark/grayscale/outputs_hd/passport_0031.json
Tile height: 100 rows
=========================================
Image dimensions: 720x1280 pixels
Number of tiles: 8

Building tile circuit (100x1280 pixels per tile)...
Circuit build took: 7.246922196s
Number of constraints: 5
Number of variables per tile: 384000

Processing tile 1/8 (rows 0..100)
  Proof generation: 9.781451386s
  Verification: 28.965745000ms

Processing tile 2/8 (rows 100..200)
  Proof generation: 8.990579064s
  Verification: 37.975831000ms

Processing tile 3/8 (rows 200..300)
  Proof generation: 9.275878847s
  Verification: 35.891031000ms

Processing tile 4/8 (rows 300..400)
  Proof generation: 9.080534231s
  Verification: 25.775986000ms

Processing tile 5/8 (rows 400..500)
  Proof generation: 9.198861969s
  Verification: 30.978599000ms

Processing tile 6/8 (rows 500..600)
  Proof generation: 9.230617852s
  Verification: 27.944602000ms

Processing tile 7/8 (rows 600..700)
  Proof generation: 9.126473203s
  Verification: 28.004279000ms

Processing tile 8/8 (rows 700..720)
  Proof generation: 10.006735561s
  Verification: 25.479486000ms

=========================================
Summary
=========================================
Total tiles processed: 8
Circuit build time: 7.246922196s
Total proof generation time: 74.691132113s
Average proof time per tile: 9.336391514s
Total verification time: 241.015559000ms
Average verification time per tile: 30.126944875ms
Variables per tile: 384000 (vs 2764800 for full image)
=========================================
	Command being timed: "cargo run --release --example gray-benchmark -- /home/aristidas/Desktop/zkp-benchmark/tile-based/benchmark/grayscale/outputs_hd/passport_0031.json 100"
	User time (seconds): 194.61
	System time (seconds): 79.57
	Percent of CPU this job got: 330%
	Elapsed (wall clock) time (h:mm:ss or m:ss): 1:23.02
	Average shared text size (kbytes): 0
	Average unshared data size (kbytes): 0
	Average stack size (kbytes): 0
	Average total size (kbytes): 0
	Maximum resident set size (kbytes): 2817856
	Average resident set size (kbytes): 0
	Major (requiring I/O) page faults: 0
	Minor (reclaiming a frame) page faults: 1541228
	Voluntary context switches: 9855
	Involuntary context switches: 9810
	Swaps: 0
	File system inputs: 118248
	File system outputs: 24
	Socket messages sent: 0
	Socket messages received: 0
	Signals delivered: 0
	Page size (bytes): 4096
	Exit status: 0

=== Memory and Resource Statistics ===
