    Finished `release` profile [optimized] target(s) in 0.04s
     Running `target/release/examples/gray-benchmark /home/aristidas/Desktop/zkp-benchmark/tile-based/benchmark/grayscale/outputs_hd/passport_0007.json 100`
=========================================
Tile-Based Grayscale Proof Generation
=========================================
JSON file: /home/aristidas/Desktop/zkp-benchmark/tile-based/benchmark/grayscale/outputs_hd/passport_0007.json
Tile height: 100 rows
=========================================
Image dimensions: 720x1280 pixels
Number of tiles: 8

Building tile circuit (100x1280 pixels per tile)...
Circuit build took: 7.138071601s
Number of constraints: 5
Number of variables per tile: 384000

Processing tile 1/8 (rows 0..100)
  Proof generation: 9.220966521s
  Verification: 31.554786000ms

Processing tile 2/8 (rows 100..200)
  Proof generation: 8.837104143s
  Verification: 25.636115000ms

Processing tile 3/8 (rows 200..300)
  Proof generation: 8.712835366s
  Verification: 26.236018000ms

Processing tile 4/8 (rows 300..400)
  Proof generation: 8.781254188s
  Verification: 22.883012000ms

Processing tile 5/8 (rows 400..500)
  Proof generation: 9.215738610s
  Verification: 26.470488000ms

Processing tile 6/8 (rows 500..600)
  Proof generation: 9.404323206s
  Verification: 22.593744000ms

Processing tile 7/8 (rows 600..700)
  Proof generation: 8.959723679s
  Verification: 25.935097000ms

Processing tile 8/8 (rows 700..720)
  Proof generation: 8.723783094s
  Verification: 26.219316000ms

=========================================
Summary
=========================================
Total tiles processed: 8
Circuit build time: 7.138071601s
Total proof generation time: 71.855728807s
Average proof time per tile: 8.981966101s
Total verification time: 207.528576000ms
Average verification time per tile: 25.941072000ms
Variables per tile: 384000 (vs 2764800 for full image)
=========================================
	Command being timed: "cargo run --release --example gray-benchmark -- /home/aristidas/Desktop/zkp-benchmark/tile-based/benchmark/grayscale/outputs_hd/passport_0007.json 100"
	User time (seconds): 192.82
	System time (seconds): 66.71
	Percent of CPU this job got: 324%
	Elapsed (wall clock) time (h:mm:ss or m:ss): 1:19.99
	Average shared text size (kbytes): 0
	Average unshared data size (kbytes): 0
	Average stack size (kbytes): 0
	Average total size (kbytes): 0
	Maximum resident set size (kbytes): 2769196
	Average resident set size (kbytes): 0
	Major (requiring I/O) page faults: 0
	Minor (reclaiming a frame) page faults: 1611745
	Voluntary context switches: 10569
	Involuntary context switches: 9052
	Swaps: 0
	File system inputs: 118384
	File system outputs: 24
	Socket messages sent: 0
	Socket messages received: 0
	Signals delivered: 0
	Page size (bytes): 4096
	Exit status: 0

=== Memory and Resource Statistics ===
