    Finished `release` profile [optimized] target(s) in 0.05s
     Running `target/release/examples/gray-benchmark /home/aristidas/Desktop/zkp-benchmark/tile-based/benchmark/grayscale/outputs_hd/passport_0002.json 100`
=========================================
Tile-Based Grayscale Proof Generation
=========================================
JSON file: /home/aristidas/Desktop/zkp-benchmark/tile-based/benchmark/grayscale/outputs_hd/passport_0002.json
Tile height: 100 rows
=========================================
Image dimensions: 720x1280 pixels
Number of tiles: 8

Building tile circuit (100x1280 pixels per tile)...
Circuit build took: 7.496245382s
Number of constraints: 5
Number of variables per tile: 384000

Processing tile 1/8 (rows 0..100)
  Proof generation: 9.333544763s
  Verification: 29.396025000ms

Processing tile 2/8 (rows 100..200)
  Proof generation: 8.764500565s
  Verification: 26.672318000ms

Processing tile 3/8 (rows 200..300)
  Proof generation: 9.155321252s
  Verification: 27.247381000ms

Processing tile 4/8 (rows 300..400)
  Proof generation: 8.705116278s
  Verification: 30.387550000ms

Processing tile 5/8 (rows 400..500)
  Proof generation: 8.854650043s
  Verification: 28.271846000ms

Processing tile 6/8 (rows 500..600)
  Proof generation: 9.061884907s
  Verification: 27.268768000ms

Processing tile 7/8 (rows 600..700)
  Proof generation: 8.969795666s
  Verification: 33.553284000ms

Processing tile 8/8 (rows 700..720)
  Proof generation: 9.980151406s
  Verification: 32.243667000ms

=========================================
Summary
=========================================
Total tiles processed: 8
Circuit build time: 7.496245382s
Total proof generation time: 72.824964880s
Average proof time per tile: 9.103120610s
Total verification time: 235.040839000ms
Average verification time per tile: 29.380104875ms
Variables per tile: 384000 (vs 2764800 for full image)
=========================================
	Command being timed: "cargo run --release --example gray-benchmark -- /home/aristidas/Desktop/zkp-benchmark/tile-based/benchmark/grayscale/outputs_hd/passport_0002.json 100"
	User time (seconds): 208.99
	System time (seconds): 60.07
	Percent of CPU this job got: 330%
	Elapsed (wall clock) time (h:mm:ss or m:ss): 1:21.36
	Average shared text size (kbytes): 0
	Average unshared data size (kbytes): 0
	Average stack size (kbytes): 0
	Average total size (kbytes): 0
	Maximum resident set size (kbytes): 2723120
	Average resident set size (kbytes): 0
	Major (requiring I/O) page faults: 0
	Minor (reclaiming a frame) page faults: 1499102
	Voluntary context switches: 6484
	Involuntary context switches: 7058
	Swaps: 0
	File system inputs: 117728
	File system outputs: 24
	Socket messages sent: 0
	Socket messages received: 0
	Signals delivered: 0
	Page size (bytes): 4096
	Exit status: 0

=== Memory and Resource Statistics ===
