    Finished `release` profile [optimized] target(s) in 0.05s
     Running `target/release/examples/gray-benchmark /home/aristidas/Desktop/zkp-benchmark/tile-based/benchmark/grayscale/outputs_hd/passport_0006.json 100`
=========================================
Tile-Based Grayscale Proof Generation
=========================================
JSON file: /home/aristidas/Desktop/zkp-benchmark/tile-based/benchmark/grayscale/outputs_hd/passport_0006.json
Tile height: 100 rows
=========================================
Image dimensions: 720x1280 pixels
Number of tiles: 8

Building tile circuit (100x1280 pixels per tile)...
Circuit build took: 7.141055064s
Number of constraints: 5
Number of variables per tile: 384000

Processing tile 1/8 (rows 0..100)
  Proof generation: 9.678353487s
  Verification: 34.917451000ms

Processing tile 2/8 (rows 100..200)
  Proof generation: 9.001422310s
  Verification: 27.362599000ms

Processing tile 3/8 (rows 200..300)
  Proof generation: 8.808281948s
  Verification: 31.166924000ms

Processing tile 4/8 (rows 300..400)
  Proof generation: 8.780173433s
  Verification: 27.324775000ms

Processing tile 5/8 (rows 400..500)
  Proof generation: 8.781312013s
  Verification: 31.061817000ms

Processing tile 6/8 (rows 500..600)
  Proof generation: 8.743207702s
  Verification: 26.434619000ms

Processing tile 7/8 (rows 600..700)
  Proof generation: 8.703851327s
  Verification: 38.828835000ms

Processing tile 8/8 (rows 700..720)
  Proof generation: 9.127753325s
  Verification: 28.213590000ms

=========================================
Summary
=========================================
Total tiles processed: 8
Circuit build time: 7.141055064s
Total proof generation time: 71.624355545s
Average proof time per tile: 8.953044443s
Total verification time: 245.310610000ms
Average verification time per tile: 30.663826250ms
Variables per tile: 384000 (vs 2764800 for full image)
=========================================
	Command being timed: "cargo run --release --example gray-benchmark -- /home/aristidas/Desktop/zkp-benchmark/tile-based/benchmark/grayscale/outputs_hd/passport_0006.json 100"
	User time (seconds): 199.98
	System time (seconds): 64.34
	Percent of CPU this job got: 331%
	Elapsed (wall clock) time (h:mm:ss or m:ss): 1:19.79
	Average shared text size (kbytes): 0
	Average unshared data size (kbytes): 0
	Average stack size (kbytes): 0
	Average total size (kbytes): 0
	Maximum resident set size (kbytes): 2742808
	Average resident set size (kbytes): 0
	Major (requiring I/O) page faults: 0
	Minor (reclaiming a frame) page faults: 1562692
	Voluntary context switches: 8919
	Involuntary context switches: 16715
	Swaps: 0
	File system inputs: 118400
	File system outputs: 24
	Socket messages sent: 0
	Socket messages received: 0
	Signals delivered: 0
	Page size (bytes): 4096
	Exit status: 0

=== Memory and Resource Statistics ===
