    Finished `release` profile [optimized] target(s) in 0.13s
     Running `target/release/examples/gray-benchmark /home/aristidas/Desktop/zkp-benchmark/tile-based/benchmark/grayscale/outputs_hd/passport_0012.json 100`
=========================================
Tile-Based Grayscale Proof Generation
=========================================
JSON file: /home/aristidas/Desktop/zkp-benchmark/tile-based/benchmark/grayscale/outputs_hd/passport_0012.json
Tile height: 100 rows
=========================================
Image dimensions: 720x1280 pixels
Number of tiles: 8

Building tile circuit (100x1280 pixels per tile)...
Circuit build took: 7.762310097s
Number of constraints: 5
Number of variables per tile: 384000

Processing tile 1/8 (rows 0..100)
  Proof generation: 9.322191328s
  Verification: 27.850142000ms

Processing tile 2/8 (rows 100..200)
  Proof generation: 9.040236090s
  Verification: 23.530042000ms

Processing tile 3/8 (rows 200..300)
  Proof generation: 8.668212650s
  Verification: 31.567815000ms

Processing tile 4/8 (rows 300..400)
  Proof generation: 8.626728090s
  Verification: 25.714834000ms

Processing tile 5/8 (rows 400..500)
  Proof generation: 8.937262520s
  Verification: 34.966705000ms

Processing tile 6/8 (rows 500..600)
  Proof generation: 9.060152143s
  Verification: 37.282127000ms

Processing tile 7/8 (rows 600..700)
  Proof generation: 8.879317181s
  Verification: 26.091594000ms

Processing tile 8/8 (rows 700..720)
  Proof generation: 8.889972976s
  Verification: 34.711404000ms

=========================================
Summary
=========================================
Total tiles processed: 8
Circuit build time: 7.762310097s
Total proof generation time: 71.424072978s
Average proof time per tile: 8.928009122s
Total verification time: 241.714663000ms
Average verification time per tile: 30.214332875ms
Variables per tile: 384000 (vs 2764800 for full image)
=========================================
	Command being timed: "cargo run --release --example gray-benchmark -- /home/aristidas/Desktop/zkp-benchmark/tile-based/benchmark/grayscale/outputs_hd/passport_0012.json 100"
	User time (seconds): 199.14
	System time (seconds): 64.03
	Percent of CPU this job got: 326%
	Elapsed (wall clock) time (h:mm:ss or m:ss): 1:20.49
	Average shared text size (kbytes): 0
	Average unshared data size (kbytes): 0
	Average stack size (kbytes): 0
	Average total size (kbytes): 0
	Maximum resident set size (kbytes): 2783088
	Average resident set size (kbytes): 0
	Major (requiring I/O) page faults: 1
	Minor (reclaiming a frame) page faults: 1497621
	Voluntary context switches: 7996
	Involuntary context switches: 14326
	Swaps: 0
	File system inputs: 121360
	File system outputs: 328
	Socket messages sent: 0
	Socket messages received: 0
	Signals delivered: 0
	Page size (bytes): 4096
	Exit status: 0

=== Memory and Resource Statistics ===
