    Finished `release` profile [optimized] target(s) in 0.04s
     Running `target/release/examples/gray-benchmark /home/aristidas/Desktop/zkp-benchmark/tile-based/benchmark/grayscale/outputs_hd/passport_0030.json 100`
=========================================
Tile-Based Grayscale Proof Generation
=========================================
JSON file: /home/aristidas/Desktop/zkp-benchmark/tile-based/benchmark/grayscale/outputs_hd/passport_0030.json
Tile height: 100 rows
=========================================
Image dimensions: 720x1280 pixels
Number of tiles: 8

Building tile circuit (100x1280 pixels per tile)...
Circuit build took: 7.230696428s
Number of constraints: 5
Number of variables per tile: 384000

Processing tile 1/8 (rows 0..100)
  Proof generation: 9.348993579s
  Verification: 21.979734000ms

Processing tile 2/8 (rows 100..200)
  Proof generation: 9.230533672s
  Verification: 27.829476000ms

Processing tile 3/8 (rows 200..300)
  Proof generation: 9.010272333s
  Verification: 27.014782000ms

Processing tile 4/8 (rows 300..400)
  Proof generation: 9.005391953s
  Verification: 28.438450000ms

Processing tile 5/8 (rows 400..500)
  Proof generation: 9.221042335s
  Verification: 38.183469000ms

Processing tile 6/8 (rows 500..600)
  Proof generation: 9.247699757s
  Verification: 39.549953000ms

Processing tile 7/8 (rows 600..700)
  Proof generation: 9.288235873s
  Verification: 36.805150000ms

Processing tile 8/8 (rows 700..720)
  Proof generation: 9.263619276s
  Verification: 31.967833000ms

=========================================
Summary
=========================================
Total tiles processed: 8
Circuit build time: 7.230696428s
Total proof generation time: 73.615788778s
Average proof time per tile: 9.201973597s
Total verification time: 251.768847000ms
Average verification time per tile: 31.471105875ms
Variables per tile: 384000 (vs 2764800 for full image)
=========================================
	Command being timed: "cargo run --release --example gray-benchmark -- /home/aristidas/Desktop/zkp-benchmark/tile-based/benchmark/grayscale/outputs_hd/passport_0030.json 100"
	User time (seconds): 199.05
	System time (seconds): 69.97
	Percent of CPU this job got: 328%
	Elapsed (wall clock) time (h:mm:ss or m:ss): 1:21.90
	Average shared text size (kbytes): 0
	Average unshared data size (kbytes): 0
	Average stack size (kbytes): 0
	Average total size (kbytes): 0
	Maximum resident set size (kbytes): 2790496
	Average resident set size (kbytes): 0
	Major (requiring I/O) page faults: 0
	Minor (reclaiming a frame) page faults: 1559352
	Voluntary context switches: 7036
	Involuntary context switches: 12645
	Swaps: 0
	File system inputs: 118288
	File system outputs: 24
	Socket messages sent: 0
	Socket messages received: 0
	Signals delivered: 0
	Page size (bytes): 4096
	Exit status: 0

=== Memory and Resource Statistics ===
