    Finished `release` profile [optimized] target(s) in 0.04s
     Running `target/release/examples/gray-benchmark /home/aristidas/Desktop/zkp-benchmark/tile-based/benchmark/grayscale/outputs_hd/passport_0039.json 100`
=========================================
Tile-Based Grayscale Proof Generation
=========================================
JSON file: /home/aristidas/Desktop/zkp-benchmark/tile-based/benchmark/grayscale/outputs_hd/passport_0039.json
Tile height: 100 rows
=========================================
Image dimensions: 720x1280 pixels
Number of tiles: 8

Building tile circuit (100x1280 pixels per tile)...
Circuit build took: 7.753553454s
Number of constraints: 5
Number of variables per tile: 384000

Processing tile 1/8 (rows 0..100)
  Proof generation: 10.323815576s
  Verification: 27.585005000ms

Processing tile 2/8 (rows 100..200)
  Proof generation: 8.976693925s
  Verification: 24.947960000ms

Processing tile 3/8 (rows 200..300)
  Proof generation: 9.102644464s
  Verification: 28.421501000ms

Processing tile 4/8 (rows 300..400)
  Proof generation: 9.114576031s
  Verification: 26.710920000ms

Processing tile 5/8 (rows 400..500)
  Proof generation: 9.302261382s
  Verification: 25.047643000ms

Processing tile 6/8 (rows 500..600)
  Proof generation: 8.763892252s
  Verification: 29.043511000ms

Processing tile 7/8 (rows 600..700)
  Proof generation: 9.006736625s
  Verification: 40.675025000ms

Processing tile 8/8 (rows 700..720)
  Proof generation: 9.233485341s
  Verification: 23.571571000ms

=========================================
Summary
=========================================
Total tiles processed: 8
Circuit build time: 7.753553454s
Total proof generation time: 73.824105596s
Average proof time per tile: 9.228013199s
Total verification time: 226.003136000ms
Average verification time per tile: 28.250392000ms
Variables per tile: 384000 (vs 2764800 for full image)
=========================================
	Command being timed: "cargo run --release --example gray-benchmark -- /home/aristidas/Desktop/zkp-benchmark/tile-based/benchmark/grayscale/outputs_hd/passport_0039.json 100"
	User time (seconds): 202.21
	System time (seconds): 66.75
	Percent of CPU this job got: 325%
	Elapsed (wall clock) time (h:mm:ss or m:ss): 1:22.61
	Average shared text size (kbytes): 0
	Average unshared data size (kbytes): 0
	Average stack size (kbytes): 0
	Average total size (kbytes): 0
	Maximum resident set size (kbytes): 2809536
	Average resident set size (kbytes): 0
	Major (requiring I/O) page faults: 0
	Minor (reclaiming a frame) page faults: 1526106
	Voluntary context switches: 9813
	Involuntary context switches: 23084
	Swaps: 0
	File system inputs: 117968
	File system outputs: 24
	Socket messages sent: 0
	Socket messages received: 0
	Signals delivered: 0
	Page size (bytes): 4096
	Exit status: 0

=== Memory and Resource Statistics ===
