    Finished `release` profile [optimized] target(s) in 0.07s
     Running `target/release/examples/gray-benchmark /home/aristidas/Desktop/zkp-benchmark/tile-based/benchmark/grayscale/outputs_hd/passport_0028.json 100`
=========================================
Tile-Based Grayscale Proof Generation
=========================================
JSON file: /home/aristidas/Desktop/zkp-benchmark/tile-based/benchmark/grayscale/outputs_hd/passport_0028.json
Tile height: 100 rows
=========================================
Image dimensions: 720x1280 pixels
Number of tiles: 8

Building tile circuit (100x1280 pixels per tile)...
Circuit build took: 7.683648093s
Number of constraints: 5
Number of variables per tile: 384000

Processing tile 1/8 (rows 0..100)
  Proof generation: 9.465179850s
  Verification: 28.367420000ms

Processing tile 2/8 (rows 100..200)
  Proof generation: 9.007754318s
  Verification: 25.584299000ms

Processing tile 3/8 (rows 200..300)
  Proof generation: 8.856079026s
  Verification: 25.552035000ms

Processing tile 4/8 (rows 300..400)
  Proof generation: 8.658660318s
  Verification: 26.724622000ms

Processing tile 5/8 (rows 400..500)
  Proof generation: 8.840750015s
  Verification: 35.492368000ms

Processing tile 6/8 (rows 500..600)
  Proof generation: 8.974597942s
  Verification: 24.752664000ms

Processing tile 7/8 (rows 600..700)
  Proof generation: 9.058046305s
  Verification: 34.449648000ms

Processing tile 8/8 (rows 700..720)
  Proof generation: 8.980264833s
  Verification: 24.972448000ms

=========================================
Summary
=========================================
Total tiles processed: 8
Circuit build time: 7.683648093s
Total proof generation time: 71.841332607s
Average proof time per tile: 8.980166576s
Total verification time: 225.895504000ms
Average verification time per tile: 28.236938000ms
Variables per tile: 384000 (vs 2764800 for full image)
=========================================
	Command being timed: "cargo run --release --example gray-benchmark -- /home/aristidas/Desktop/zkp-benchmark/tile-based/benchmark/grayscale/outputs_hd/passport_0028.json 100"
	User time (seconds): 199.08
	System time (seconds): 63.01
	Percent of CPU this job got: 325%
	Elapsed (wall clock) time (h:mm:ss or m:ss): 1:20.60
	Average shared text size (kbytes): 0
	Average unshared data size (kbytes): 0
	Average stack size (kbytes): 0
	Average total size (kbytes): 0
	Maximum resident set size (kbytes): 2784164
	Average resident set size (kbytes): 0
	Major (requiring I/O) page faults: 0
	Minor (reclaiming a frame) page faults: 1513545
	Voluntary context switches: 8949
	Involuntary context switches: 8537
	Swaps: 0
	File system inputs: 118264
	File system outputs: 232
	Socket messages sent: 0
	Socket messages received: 0
	Signals delivered: 0
	Page size (bytes): 4096
	Exit status: 0

=== Memory and Resource Statistics ===
