    Finished `release` profile [optimized] target(s) in 0.05s
     Running `target/release/examples/gray-benchmark /home/aristidas/Desktop/zkp-benchmark/tile-based/benchmark/grayscale/outputs_hd/passport_0010.json 100`
=========================================
Tile-Based Grayscale Proof Generation
=========================================
JSON file: /home/aristidas/Desktop/zkp-benchmark/tile-based/benchmark/grayscale/outputs_hd/passport_0010.json
Tile height: 100 rows
=========================================
Image dimensions: 720x1280 pixels
Number of tiles: 8

Building tile circuit (100x1280 pixels per tile)...
Circuit build took: 7.387013165s
Number of constraints: 5
Number of variables per tile: 384000

Processing tile 1/8 (rows 0..100)
  Proof generation: 9.577561098s
  Verification: 31.438256000ms

Processing tile 2/8 (rows 100..200)
  Proof generation: 10.129006926s
  Verification: 25.487234000ms

Processing tile 3/8 (rows 200..300)
  Proof generation: 8.783841972s
  Verification: 27.076869000ms

Processing tile 4/8 (rows 300..400)
  Proof generation: 8.748548863s
  Verification: 35.553336000ms

Processing tile 5/8 (rows 400..500)
  Proof generation: 9.082034085s
  Verification: 32.175248000ms

Processing tile 6/8 (rows 500..600)
  Proof generation: 8.981534367s
  Verification: 28.742259000ms

Processing tile 7/8 (rows 600..700)
  Proof generation: 8.626275945s
  Verification: 26.760207000ms

Processing tile 8/8 (rows 700..720)
  Proof generation: 8.635352084s
  Verification: 26.893829000ms

=========================================
Summary
=========================================
Total tiles processed: 8
Circuit build time: 7.387013165s
Total proof generation time: 72.564155340s
Average proof time per tile: 9.070519417s
Total verification time: 234.127238000ms
Average verification time per tile: 29.265904750ms
Variables per tile: 384000 (vs 2764800 for full image)
=========================================
	Command being timed: "cargo run --release --example gray-benchmark -- /home/aristidas/Desktop/zkp-benchmark/tile-based/benchmark/grayscale/outputs_hd/passport_0010.json 100"
	User time (seconds): 202.22
	System time (seconds): 64.56
	Percent of CPU this job got: 329%
	Elapsed (wall clock) time (h:mm:ss or m:ss): 1:20.99
	Average shared text size (kbytes): 0
	Average unshared data size (kbytes): 0
	Average stack size (kbytes): 0
	Average total size (kbytes): 0
	Maximum resident set size (kbytes): 2825008
	Average resident set size (kbytes): 0
	Major (requiring I/O) page faults: 0
	Minor (reclaiming a frame) page faults: 1536167
	Voluntary context switches: 8419
	Involuntary context switches: 9032
	Swaps: 0
	File system inputs: 118448
	File system outputs: 24
	Socket messages sent: 0
	Socket messages received: 0
	Signals delivered: 0
	Page size (bytes): 4096
	Exit status: 0

=== Memory and Resource Statistics ===
