    Finished `release` profile [optimized] target(s) in 0.03s
     Running `target/release/examples/gray-benchmark /home/aristidas/Desktop/zkp-benchmark/tile-based/benchmark/grayscale/outputs_hd/passport_0041.json 100`
=========================================
Tile-Based Grayscale Proof Generation
=========================================
JSON file: /home/aristidas/Desktop/zkp-benchmark/tile-based/benchmark/grayscale/outputs_hd/passport_0041.json
Tile height: 100 rows
=========================================
Image dimensions: 720x1280 pixels
Number of tiles: 8

Building tile circuit (100x1280 pixels per tile)...
Circuit build took: 7.353123560s
Number of constraints: 5
Number of variables per tile: 384000

Processing tile 1/8 (rows 0..100)
  Proof generation: 9.159958703s
  Verification: 30.730903000ms

Processing tile 2/8 (rows 100..200)
  Proof generation: 8.912639358s
  Verification: 28.165763000ms

Processing tile 3/8 (rows 200..300)
  Proof generation: 8.865200875s
  Verification: 27.850291000ms

Processing tile 4/8 (rows 300..400)
  Proof generation: 9.255835204s
  Verification: 32.161527000ms

Processing tile 5/8 (rows 400..500)
  Proof generation: 9.041448656s
  Verification: 28.435143000ms

Processing tile 6/8 (rows 500..600)
  Proof generation: 8.794064594s
  Verification: 29.398306000ms

Processing tile 7/8 (rows 600..700)
  Proof generation: 9.216642037s
  Verification: 25.113088000ms

Processing tile 8/8 (rows 700..720)
  Proof generation: 9.570443255s
  Verification: 30.763370000ms

=========================================
Summary
=========================================
Total tiles processed: 8
Circuit build time: 7.353123560s
Total proof generation time: 72.816232682s
Average proof time per tile: 9.102029085s
Total verification time: 232.618391000ms
Average verification time per tile: 29.077298875ms
Variables per tile: 384000 (vs 2764800 for full image)
=========================================
	Command being timed: "cargo run --release --example gray-benchmark -- /home/aristidas/Desktop/zkp-benchmark/tile-based/benchmark/grayscale/outputs_hd/passport_0041.json 100"
	User time (seconds): 190.26
	System time (seconds): 75.49
	Percent of CPU this job got: 327%
	Elapsed (wall clock) time (h:mm:ss or m:ss): 1:21.22
	Average shared text size (kbytes): 0
	Average unshared data size (kbytes): 0
	Average stack size (kbytes): 0
	Average total size (kbytes): 0
	Maximum resident set size (kbytes): 2809136
	Average resident set size (kbytes): 0
	Major (requiring I/O) page faults: 0
	Minor (reclaiming a frame) page faults: 1499303
	Voluntary context switches: 6113
	Involuntary context switches: 9303
	Swaps: 0
	File system inputs: 118728
	File system outputs: 24
	Socket messages sent: 0
	Socket messages received: 0
	Signals delivered: 0
	Page size (bytes): 4096
	Exit status: 0

=== Memory and Resource Statistics ===
