    Finished `release` profile [optimized] target(s) in 0.05s
     Running `target/release/examples/gray-benchmark /home/aristidas/Desktop/zkp-benchmark/tile-based/benchmark/grayscale/outputs_hd/passport_0043.json 100`
=========================================
Tile-Based Grayscale Proof Generation
=========================================
JSON file: /home/aristidas/Desktop/zkp-benchmark/tile-based/benchmark/grayscale/outputs_hd/passport_0043.json
Tile height: 100 rows
=========================================
Image dimensions: 720x1280 pixels
Number of tiles: 8

Building tile circuit (100x1280 pixels per tile)...
Circuit build took: 7.748910375s
Number of constraints: 5
Number of variables per tile: 384000

Processing tile 1/8 (rows 0..100)
  Proof generation: 9.154136773s
  Verification: 30.207209000ms

Processing tile 2/8 (rows 100..200)
  Proof generation: 9.155544906s
  Verification: 40.115486000ms

Processing tile 3/8 (rows 200..300)
  Proof generation: 9.360148249s
  Verification: 33.112577000ms

Processing tile 4/8 (rows 300..400)
  Proof generation: 8.832019549s
  Verification: 27.056136000ms

Processing tile 5/8 (rows 400..500)
  Proof generation: 8.832133955s
  Verification: 26.396020000ms

Processing tile 6/8 (rows 500..600)
  Proof generation: 9.175948683s
  Verification: 24.425946000ms

Processing tile 7/8 (rows 600..700)
  Proof generation: 9.285444286s
  Verification: 36.032729000ms

Processing tile 8/8 (rows 700..720)
  Proof generation: 8.952178962s
  Verification: 25.340305000ms

=========================================
Summary
=========================================
Total tiles processed: 8
Circuit build time: 7.748910375s
Total proof generation time: 72.747555363s
Average proof time per tile: 9.093444420s
Total verification time: 242.686408000ms
Average verification time per tile: 30.335801000ms
Variables per tile: 384000 (vs 2764800 for full image)
=========================================
	Command being timed: "cargo run --release --example gray-benchmark -- /home/aristidas/Desktop/zkp-benchmark/tile-based/benchmark/grayscale/outputs_hd/passport_0043.json 100"
	User time (seconds): 199.34
	System time (seconds): 65.08
	Percent of CPU this job got: 324%
	Elapsed (wall clock) time (h:mm:ss or m:ss): 1:21.51
	Average shared text size (kbytes): 0
	Average unshared data size (kbytes): 0
	Average stack size (kbytes): 0
	Average total size (kbytes): 0
	Maximum resident set size (kbytes): 2855980
	Average resident set size (kbytes): 0
	Major (requiring I/O) page faults: 0
	Minor (reclaiming a frame) page faults: 1491292
	Voluntary context switches: 7318
	Involuntary context switches: 10415
	Swaps: 0
	File system inputs: 116608
	File system outputs: 24
	Socket messages sent: 0
	Socket messages received: 0
	Signals delivered: 0
	Page size (bytes): 4096
	Exit status: 0

=== Memory and Resource Statistics ===
