    Finished `release` profile [optimized] target(s) in 0.06s
     Running `target/release/examples/gray-benchmark /home/aristidas/Desktop/zkp-benchmark/tile-based/benchmark/grayscale/outputs_hd/passport_0036.json 100`
=========================================
Tile-Based Grayscale Proof Generation
=========================================
JSON file: /home/aristidas/Desktop/zkp-benchmark/tile-based/benchmark/grayscale/outputs_hd/passport_0036.json
Tile height: 100 rows
=========================================
Image dimensions: 720x1280 pixels
Number of tiles: 8

Building tile circuit (100x1280 pixels per tile)...
Circuit build took: 7.369310345s
Number of constraints: 5
Number of variables per tile: 384000

Processing tile 1/8 (rows 0..100)
  Proof generation: 9.056473037s
  Verification: 27.971868000ms

Processing tile 2/8 (rows 100..200)
  Proof generation: 8.940896289s
  Verification: 29.701028000ms

Processing tile 3/8 (rows 200..300)
  Proof generation: 8.828693507s
  Verification: 26.497325000ms

Processing tile 4/8 (rows 300..400)
  Proof generation: 9.042220645s
  Verification: 29.599908000ms

Processing tile 5/8 (rows 400..500)
  Proof generation: 9.442683102s
  Verification: 44.549913000ms

Processing tile 6/8 (rows 500..600)
  Proof generation: 9.193067965s
  Verification: 24.368310000ms

Processing tile 7/8 (rows 600..700)
  Proof generation: 9.035703251s
  Verification: 26.020251000ms

Processing tile 8/8 (rows 700..720)
  Proof generation: 8.944813350s
  Verification: 28.233891000ms

=========================================
Summary
=========================================
Total tiles processed: 8
Circuit build time: 7.369310345s
Total proof generation time: 72.484551146s
Average proof time per tile: 9.060568893s
Total verification time: 236.942494000ms
Average verification time per tile: 29.617811750ms
Variables per tile: 384000 (vs 2764800 for full image)
=========================================
	Command being timed: "cargo run --release --example gray-benchmark -- /home/aristidas/Desktop/zkp-benchmark/tile-based/benchmark/grayscale/outputs_hd/passport_0036.json 100"
	User time (seconds): 198.83
	System time (seconds): 69.91
	Percent of CPU this job got: 332%
	Elapsed (wall clock) time (h:mm:ss or m:ss): 1:20.88
	Average shared text size (kbytes): 0
	Average unshared data size (kbytes): 0
	Average stack size (kbytes): 0
	Average total size (kbytes): 0
	Maximum resident set size (kbytes): 2793424
	Average resident set size (kbytes): 0
	Major (requiring I/O) page faults: 0
	Minor (reclaiming a frame) page faults: 1540796
	Voluntary context switches: 5779
	Involuntary context switches: 9184
	Swaps: 0
	File system inputs: 118344
	File system outputs: 232
	Socket messages sent: 0
	Socket messages received: 0
	Signals delivered: 0
	Page size (bytes): 4096
	Exit status: 0

=== Memory and Resource Statistics ===
