    Finished `release` profile [optimized] target(s) in 0.09s
     Running `target/release/examples/gray-benchmark /home/aristidas/Desktop/zkp-benchmark/tile-based/benchmark/grayscale/outputs_hd/passport_0048.json 100`
=========================================
Tile-Based Grayscale Proof Generation
=========================================
JSON file: /home/aristidas/Desktop/zkp-benchmark/tile-based/benchmark/grayscale/outputs_hd/passport_0048.json
Tile height: 100 rows
=========================================
Image dimensions: 720x1280 pixels
Number of tiles: 8

Building tile circuit (100x1280 pixels per tile)...
Circuit build took: 7.978913095s
Number of constraints: 5
Number of variables per tile: 384000

Processing tile 1/8 (rows 0..100)
  Proof generation: 9.122508624s
  Verification: 25.764639000ms

Processing tile 2/8 (rows 100..200)
  Proof generation: 8.927667607s
  Verification: 30.814678000ms

Processing tile 3/8 (rows 200..300)
  Proof generation: 9.288805800s
  Verification: 31.789990000ms

Processing tile 4/8 (rows 300..400)
  Proof generation: 9.083240204s
  Verification: 26.191012000ms

Processing tile 5/8 (rows 400..500)
  Proof generation: 9.030834176s
  Verification: 27.355169000ms

Processing tile 6/8 (rows 500..600)
  Proof generation: 8.890428442s
  Verification: 25.354002000ms

Processing tile 7/8 (rows 600..700)
  Proof generation: 8.884593770s
  Verification: 26.274266000ms

Processing tile 8/8 (rows 700..720)
  Proof generation: 9.074103691s
  Verification: 24.294525000ms

=========================================
Summary
=========================================
Total tiles processed: 8
Circuit build time: 7.978913095s
Total proof generation time: 72.302182314s
Average proof time per tile: 9.037772789s
Total verification time: 217.838281000ms
Average verification time per tile: 27.229785125ms
Variables per tile: 384000 (vs 2764800 for full image)
=========================================
	Command being timed: "cargo run --release --example gray-benchmark -- /home/aristidas/Desktop/zkp-benchmark/tile-based/benchmark/grayscale/outputs_hd/passport_0048.json 100"
	User time (seconds): 206.68
	System time (seconds): 62.45
	Percent of CPU this job got: 330%
	Elapsed (wall clock) time (h:mm:ss or m:ss): 1:21.44
	Average shared text size (kbytes): 0
	Average unshared data size (kbytes): 0
	Average stack size (kbytes): 0
	Average total size (kbytes): 0
	Maximum resident set size (kbytes): 2844916
	Average resident set size (kbytes): 0
	Major (requiring I/O) page faults: 0
	Minor (reclaiming a frame) page faults: 1525648
	Voluntary context switches: 7535
	Involuntary context switches: 19251
	Swaps: 0
	File system inputs: 118208
	File system outputs: 232
	Socket messages sent: 0
	Socket messages received: 0
	Signals delivered: 0
	Page size (bytes): 4096
	Exit status: 0

=== Memory and Resource Statistics ===
