    Finished `release` profile [optimized] target(s) in 0.07s
     Running `target/release/examples/gray-benchmark /home/aristidas/Desktop/zkp-benchmark/tile-based/benchmark/grayscale/outputs_hd/passport_0004.json 100`
=========================================
Tile-Based Grayscale Proof Generation
=========================================
JSON file: /home/aristidas/Desktop/zkp-benchmark/tile-based/benchmark/grayscale/outputs_hd/passport_0004.json
Tile height: 100 rows
=========================================
Image dimensions: 720x1280 pixels
Number of tiles: 8

Building tile circuit (100x1280 pixels per tile)...
Circuit build took: 7.572618829s
Number of constraints: 5
Number of variables per tile: 384000

Processing tile 1/8 (rows 0..100)
  Proof generation: 10.115510474s
  Verification: 30.062011000ms

Processing tile 2/8 (rows 100..200)
  Proof generation: 10.400279216s
  Verification: 34.618008000ms

Processing tile 3/8 (rows 200..300)
  Proof generation: 11.741559694s
  Verification: 27.636178000ms

Processing tile 4/8 (rows 300..400)
  Proof generation: 10.836006381s
  Verification: 31.961167000ms

Processing tile 5/8 (rows 400..500)
  Proof generation: 11.270516447s
  Verification: 41.050859000ms

Processing tile 6/8 (rows 500..600)
  Proof generation: 11.524895718s
  Verification: 29.540794000ms

Processing tile 7/8 (rows 600..700)
  Proof generation: 11.626004271s
  Verification: 27.806841000ms

Processing tile 8/8 (rows 700..720)
  Proof generation: 9.102210310s
  Verification: 26.338156000ms

=========================================
Summary
=========================================
Total tiles processed: 8
Circuit build time: 7.572618829s
Total proof generation time: 86.616982511s
Average proof time per tile: 10.827122814s
Total verification time: 249.014014000ms
Average verification time per tile: 31.126751750ms
Variables per tile: 384000 (vs 2764800 for full image)
=========================================
	Command being timed: "cargo run --release --example gray-benchmark -- /home/aristidas/Desktop/zkp-benchmark/tile-based/benchmark/grayscale/outputs_hd/passport_0004.json 100"
	User time (seconds): 210.48
	System time (seconds): 63.26
	Percent of CPU this job got: 287%
	Elapsed (wall clock) time (h:mm:ss or m:ss): 1:35.30
	Average shared text size (kbytes): 0
	Average unshared data size (kbytes): 0
	Average stack size (kbytes): 0
	Average total size (kbytes): 0
	Maximum resident set size (kbytes): 2875104
	Average resident set size (kbytes): 0
	Major (requiring I/O) page faults: 0
	Minor (reclaiming a frame) page faults: 1596354
	Voluntary context switches: 8128
	Involuntary context switches: 26043
	Swaps: 0
	File system inputs: 118200
	File system outputs: 232
	Socket messages sent: 0
	Socket messages received: 0
	Signals delivered: 0
	Page size (bytes): 4096
	Exit status: 0

=== Memory and Resource Statistics ===
