    Finished `release` profile [optimized] target(s) in 0.04s
     Running `target/release/examples/gray-benchmark /home/aristidas/Desktop/zkp-benchmark/tile-based/benchmark/grayscale/outputs_hd/passport_0049.json 100`
=========================================
Tile-Based Grayscale Proof Generation
=========================================
JSON file: /home/aristidas/Desktop/zkp-benchmark/tile-based/benchmark/grayscale/outputs_hd/passport_0049.json
Tile height: 100 rows
=========================================
Image dimensions: 720x1280 pixels
Number of tiles: 8

Building tile circuit (100x1280 pixels per tile)...
Circuit build took: 7.413870158s
Number of constraints: 5
Number of variables per tile: 384000

Processing tile 1/8 (rows 0..100)
  Proof generation: 9.311375153s
  Verification: 26.325449000ms

Processing tile 2/8 (rows 100..200)
  Proof generation: 8.776919452s
  Verification: 25.671602000ms

Processing tile 3/8 (rows 200..300)
  Proof generation: 8.976627240s
  Verification: 33.161397000ms

Processing tile 4/8 (rows 300..400)
  Proof generation: 9.113680311s
  Verification: 29.287836000ms

Processing tile 5/8 (rows 400..500)
  Proof generation: 8.925716266s
  Verification: 32.399553000ms

Processing tile 6/8 (rows 500..600)
  Proof generation: 8.717533043s
  Verification: 34.330367000ms

Processing tile 7/8 (rows 600..700)
  Proof generation: 9.059341420s
  Verification: 29.282743000ms

Processing tile 8/8 (rows 700..720)
  Proof generation: 9.413733502s
  Verification: 30.622347000ms

=========================================
Summary
=========================================
Total tiles processed: 8
Circuit build time: 7.413870158s
Total proof generation time: 72.294926387s
Average proof time per tile: 9.036865798s
Total verification time: 241.081294000ms
Average verification time per tile: 30.135161750ms
Variables per tile: 384000 (vs 2764800 for full image)
=========================================
	Command being timed: "cargo run --release --example gray-benchmark -- /home/aristidas/Desktop/zkp-benchmark/tile-based/benchmark/grayscale/outputs_hd/passport_0049.json 100"
	User time (seconds): 199.86
	System time (seconds): 65.16
	Percent of CPU this job got: 328%
	Elapsed (wall clock) time (h:mm:ss or m:ss): 1:20.74
	Average shared text size (kbytes): 0
	Average unshared data size (kbytes): 0
	Average stack size (kbytes): 0
	Average total size (kbytes): 0
	Maximum resident set size (kbytes): 2855996
	Average resident set size (kbytes): 0
	Major (requiring I/O) page faults: 0
	Minor (reclaiming a frame) page faults: 1495949
	Voluntary context switches: 5481
	Involuntary context switches: 18066
	Swaps: 0
	File system inputs: 118432
	File system outputs: 24
	Socket messages sent: 0
	Socket messages received: 0
	Signals delivered: 0
	Page size (bytes): 4096
	Exit status: 0

=== Memory and Resource Statistics ===
