    Finished `release` profile [optimized] target(s) in 0.09s
     Running `target/release/examples/gray-benchmark /home/aristidas/Desktop/zkp-benchmark/tile-based/benchmark/grayscale/outputs_hd/passport_0040.json 100`
=========================================
Tile-Based Grayscale Proof Generation
=========================================
JSON file: /home/aristidas/Desktop/zkp-benchmark/tile-based/benchmark/grayscale/outputs_hd/passport_0040.json
Tile height: 100 rows
=========================================
Image dimensions: 720x1280 pixels
Number of tiles: 8

Building tile circuit (100x1280 pixels per tile)...
Circuit build took: 7.761331609s
Number of constraints: 5
Number of variables per tile: 384000

Processing tile 1/8 (rows 0..100)
  Proof generation: 9.568730473s
  Verification: 29.092664000ms

Processing tile 2/8 (rows 100..200)
  Proof generation: 9.383816752s
  Verification: 32.764396000ms

Processing tile 3/8 (rows 200..300)
  Proof generation: 11.224649348s
  Verification: 24.276002000ms

Processing tile 4/8 (rows 300..400)
  Proof generation: 11.650989598s
  Verification: 30.840139000ms

Processing tile 5/8 (rows 400..500)
  Proof generation: 11.039842443s
  Verification: 26.087203000ms

Processing tile 6/8 (rows 500..600)
  Proof generation: 11.685102519s
  Verification: 26.309172000ms

Processing tile 7/8 (rows 600..700)
  Proof generation: 11.422736993s
  Verification: 42.277329000ms

Processing tile 8/8 (rows 700..720)
  Proof generation: 9.273383950s
  Verification: 25.266225000ms

=========================================
Summary
=========================================
Total tiles processed: 8
Circuit build time: 7.761331609s
Total proof generation time: 85.249252076s
Average proof time per tile: 10.656156510s
Total verification time: 236.913130000ms
Average verification time per tile: 29.614141250ms
Variables per tile: 384000 (vs 2764800 for full image)
=========================================
	Command being timed: "cargo run --release --example gray-benchmark -- /home/aristidas/Desktop/zkp-benchmark/tile-based/benchmark/grayscale/outputs_hd/passport_0040.json 100"
	User time (seconds): 203.53
	System time (seconds): 63.57
	Percent of CPU this job got: 283%
	Elapsed (wall clock) time (h:mm:ss or m:ss): 1:34.14
	Average shared text size (kbytes): 0
	Average unshared data size (kbytes): 0
	Average stack size (kbytes): 0
	Average total size (kbytes): 0
	Maximum resident set size (kbytes): 3000116
	Average resident set size (kbytes): 0
	Major (requiring I/O) page faults: 0
	Minor (reclaiming a frame) page faults: 1560028
	Voluntary context switches: 7327
	Involuntary context switches: 18550
	Swaps: 0
	File system inputs: 117752
	File system outputs: 232
	Socket messages sent: 0
	Socket messages received: 0
	Signals delivered: 0
	Page size (bytes): 4096
	Exit status: 0

=== Memory and Resource Statistics ===
