    Finished `release` profile [optimized] target(s) in 0.04s
     Running `target/release/examples/gray-benchmark /home/aristidas/Desktop/zkp-benchmark/tile-based/benchmark/grayscale/outputs_hd/passport_0019.json 100`
=========================================
Tile-Based Grayscale Proof Generation
=========================================
JSON file: /home/aristidas/Desktop/zkp-benchmark/tile-based/benchmark/grayscale/outputs_hd/passport_0019.json
Tile height: 100 rows
=========================================
Image dimensions: 720x1280 pixels
Number of tiles: 8

Building tile circuit (100x1280 pixels per tile)...
Circuit build took: 8.151075224s
Number of constraints: 5
Number of variables per tile: 384000

Processing tile 1/8 (rows 0..100)
  Proof generation: 12.260583641s
  Verification: 28.720025000ms

Processing tile 2/8 (rows 100..200)
  Proof generation: 10.075175266s
  Verification: 29.266647000ms

Processing tile 3/8 (rows 200..300)
  Proof generation: 10.068281050s
  Verification: 45.842080000ms

Processing tile 4/8 (rows 300..400)
  Proof generation: 9.137897001s
  Verification: 27.056842000ms

Processing tile 5/8 (rows 400..500)
  Proof generation: 8.604963418s
  Verification: 27.568845000ms

Processing tile 6/8 (rows 500..600)
  Proof generation: 8.741201724s
  Verification: 30.031597000ms

Processing tile 7/8 (rows 600..700)
  Proof generation: 9.125737677s
  Verification: 26.149655000ms

Processing tile 8/8 (rows 700..720)
  Proof generation: 9.130348822s
  Verification: 29.022547000ms

=========================================
Summary
=========================================
Total tiles processed: 8
Circuit build time: 8.151075224s
Total proof generation time: 77.144188599s
Average proof time per tile: 9.643023575s
Total verification time: 243.658238000ms
Average verification time per tile: 30.457279750ms
Variables per tile: 384000 (vs 2764800 for full image)
=========================================
	Command being timed: "cargo run --release --example gray-benchmark -- /home/aristidas/Desktop/zkp-benchmark/tile-based/benchmark/grayscale/outputs_hd/passport_0019.json 100"
	User time (seconds): 200.61
	System time (seconds): 76.13
	Percent of CPU this job got: 320%
	Elapsed (wall clock) time (h:mm:ss or m:ss): 1:26.46
	Average shared text size (kbytes): 0
	Average unshared data size (kbytes): 0
	Average stack size (kbytes): 0
	Average total size (kbytes): 0
	Maximum resident set size (kbytes): 2972140
	Average resident set size (kbytes): 0
	Major (requiring I/O) page faults: 2
	Minor (reclaiming a frame) page faults: 1535059
	Voluntary context switches: 9402
	Involuntary context switches: 28121
	Swaps: 0
	File system inputs: 118488
	File system outputs: 24
	Socket messages sent: 0
	Socket messages received: 0
	Signals delivered: 0
	Page size (bytes): 4096
	Exit status: 0

=== Memory and Resource Statistics ===
