    Finished `release` profile [optimized] target(s) in 0.04s
     Running `target/release/examples/gray-benchmark /home/aristidas/Desktop/zkp-benchmark/tile-based/benchmark/grayscale/outputs_hd/passport_0018.json 100`
=========================================
Tile-Based Grayscale Proof Generation
=========================================
JSON file: /home/aristidas/Desktop/zkp-benchmark/tile-based/benchmark/grayscale/outputs_hd/passport_0018.json
Tile height: 100 rows
=========================================
Image dimensions: 720x1280 pixels
Number of tiles: 8

Building tile circuit (100x1280 pixels per tile)...
Circuit build took: 7.497281364s
Number of constraints: 5
Number of variables per tile: 384000

Processing tile 1/8 (rows 0..100)
  Proof generation: 8.883086888s
  Verification: 25.010854000ms

Processing tile 2/8 (rows 100..200)
  Proof generation: 8.657193027s
  Verification: 27.704266000ms

Processing tile 3/8 (rows 200..300)
  Proof generation: 8.694563805s
  Verification: 25.708219000ms

Processing tile 4/8 (rows 300..400)
  Proof generation: 9.071015974s
  Verification: 24.444481000ms

Processing tile 5/8 (rows 400..500)
  Proof generation: 9.866309328s
  Verification: 49.325367000ms

Processing tile 6/8 (rows 500..600)
  Proof generation: 11.073698505s
  Verification: 27.653415000ms

Processing tile 7/8 (rows 600..700)
  Proof generation: 11.467234556s
  Verification: 26.661524000ms

Processing tile 8/8 (rows 700..720)
  Proof generation: 11.166658841s
  Verification: 27.547315000ms

=========================================
Summary
=========================================
Total tiles processed: 8
Circuit build time: 7.497281364s
Total proof generation time: 78.879760924s
Average proof time per tile: 9.859970115s
Total verification time: 234.055441000ms
Average verification time per tile: 29.256930125ms
Variables per tile: 384000 (vs 2764800 for full image)
=========================================
	Command being timed: "cargo run --release --example gray-benchmark -- /home/aristidas/Desktop/zkp-benchmark/tile-based/benchmark/grayscale/outputs_hd/passport_0018.json 100"
	User time (seconds): 203.12
	System time (seconds): 64.05
	Percent of CPU this job got: 305%
	Elapsed (wall clock) time (h:mm:ss or m:ss): 1:27.38
	Average shared text size (kbytes): 0
	Average unshared data size (kbytes): 0
	Average stack size (kbytes): 0
	Average total size (kbytes): 0
	Maximum resident set size (kbytes): 2797800
	Average resident set size (kbytes): 0
	Major (requiring I/O) page faults: 0
	Minor (reclaiming a frame) page faults: 1543058
	Voluntary context switches: 6406
	Involuntary context switches: 14863
	Swaps: 0
	File system inputs: 118008
	File system outputs: 24
	Socket messages sent: 0
	Socket messages received: 0
	Signals delivered: 0
	Page size (bytes): 4096
	Exit status: 0

=== Memory and Resource Statistics ===
