    Finished `release` profile [optimized] target(s) in 0.05s
     Running `target/release/examples/gray-benchmark /home/aristidas/Desktop/zkp-benchmark/tile-based/benchmark/grayscale/outputs_hd/passport_0005.json 100`
=========================================
Tile-Based Grayscale Proof Generation
=========================================
JSON file: /home/aristidas/Desktop/zkp-benchmark/tile-based/benchmark/grayscale/outputs_hd/passport_0005.json
Tile height: 100 rows
=========================================
Image dimensions: 720x1280 pixels
Number of tiles: 8

Building tile circuit (100x1280 pixels per tile)...
Circuit build took: 7.049002360s
Number of constraints: 5
Number of variables per tile: 384000

Processing tile 1/8 (rows 0..100)
  Proof generation: 9.197414907s
  Verification: 32.535923000ms

Processing tile 2/8 (rows 100..200)
  Proof generation: 8.831680048s
  Verification: 26.374820000ms

Processing tile 3/8 (rows 200..300)
  Proof generation: 9.263849296s
  Verification: 39.865701000ms

Processing tile 4/8 (rows 300..400)
  Proof generation: 8.857895712s
  Verification: 25.739548000ms

Processing tile 5/8 (rows 400..500)
  Proof generation: 9.112173645s
  Verification: 31.821835000ms

Processing tile 6/8 (rows 500..600)
  Proof generation: 9.123633440s
  Verification: 27.507003000ms

Processing tile 7/8 (rows 600..700)
  Proof generation: 9.119331829s
  Verification: 25.802166000ms

Processing tile 8/8 (rows 700..720)
  Proof generation: 8.722112115s
  Verification: 26.049877000ms

=========================================
Summary
=========================================
Total tiles processed: 8
Circuit build time: 7.049002360s
Total proof generation time: 72.228090992s
Average proof time per tile: 9.028511374s
Total verification time: 235.696873000ms
Average verification time per tile: 29.462109125ms
Variables per tile: 384000 (vs 2764800 for full image)
=========================================
	Command being timed: "cargo run --release --example gray-benchmark -- /home/aristidas/Desktop/zkp-benchmark/tile-based/benchmark/grayscale/outputs_hd/passport_0005.json 100"
	User time (seconds): 204.94
	System time (seconds): 58.41
	Percent of CPU this job got: 327%
	Elapsed (wall clock) time (h:mm:ss or m:ss): 1:20.37
	Average shared text size (kbytes): 0
	Average unshared data size (kbytes): 0
	Average stack size (kbytes): 0
	Average total size (kbytes): 0
	Maximum resident set size (kbytes): 2747912
	Average resident set size (kbytes): 0
	Major (requiring I/O) page faults: 0
	Minor (reclaiming a frame) page faults: 1537773
	Voluntary context switches: 8245
	Involuntary context switches: 11285
	Swaps: 0
	File system inputs: 118376
	File system outputs: 24
	Socket messages sent: 0
	Socket messages received: 0
	Signals delivered: 0
	Page size (bytes): 4096
	Exit status: 0

=== Memory and Resource Statistics ===
