    Finished `release` profile [optimized] target(s) in 0.04s
     Running `target/release/examples/gray-benchmark /home/aristidas/Desktop/zkp-benchmark/tile-based/benchmark/grayscale/outputs_hd/passport_0034.json 100`
=========================================
Tile-Based Grayscale Proof Generation
=========================================
JSON file: /home/aristidas/Desktop/zkp-benchmark/tile-based/benchmark/grayscale/outputs_hd/passport_0034.json
Tile height: 100 rows
=========================================
Image dimensions: 720x1280 pixels
Number of tiles: 8

Building tile circuit (100x1280 pixels per tile)...
Circuit build took: 7.343663067s
Number of constraints: 5
Number of variables per tile: 384000

Processing tile 1/8 (rows 0..100)
  Proof generation: 9.281444808s
  Verification: 30.851969000ms

Processing tile 2/8 (rows 100..200)
  Proof generation: 9.101453903s
  Verification: 25.288022000ms

Processing tile 3/8 (rows 200..300)
  Proof generation: 9.169649620s
  Verification: 35.478718000ms

Processing tile 4/8 (rows 300..400)
  Proof generation: 8.853411975s
  Verification: 28.456537000ms

Processing tile 5/8 (rows 400..500)
  Proof generation: 9.471119669s
  Verification: 29.137819000ms

Processing tile 6/8 (rows 500..600)
  Proof generation: 9.013772582s
  Verification: 25.455788000ms

Processing tile 7/8 (rows 600..700)
  Proof generation: 8.777511511s
  Verification: 28.492672000ms

Processing tile 8/8 (rows 700..720)
  Proof generation: 9.041227105s
  Verification: 29.655971000ms

=========================================
Summary
=========================================
Total tiles processed: 8
Circuit build time: 7.343663067s
Total proof generation time: 72.709591173s
Average proof time per tile: 9.088698897s
Total verification time: 232.817496000ms
Average verification time per tile: 29.102187000ms
Variables per tile: 384000 (vs 2764800 for full image)
=========================================
	Command being timed: "cargo run --release --example gray-benchmark -- /home/aristidas/Desktop/zkp-benchmark/tile-based/benchmark/grayscale/outputs_hd/passport_0034.json 100"
	User time (seconds): 200.78
	System time (seconds): 64.41
	Percent of CPU this job got: 326%
	Elapsed (wall clock) time (h:mm:ss or m:ss): 1:21.11
	Average shared text size (kbytes): 0
	Average unshared data size (kbytes): 0
	Average stack size (kbytes): 0
	Average total size (kbytes): 0
	Maximum resident set size (kbytes): 2845112
	Average resident set size (kbytes): 0
	Major (requiring I/O) page faults: 0
	Minor (reclaiming a frame) page faults: 1511039
	Voluntary context switches: 7005
	Involuntary context switches: 16009
	Swaps: 0
	File system inputs: 118552
	File system outputs: 24
	Socket messages sent: 0
	Socket messages received: 0
	Signals delivered: 0
	Page size (bytes): 4096
	Exit status: 0

=== Memory and Resource Statistics ===
