    Finished `release` profile [optimized] target(s) in 0.09s
     Running `target/release/examples/gray-benchmark /home/aristidas/Desktop/zkp-benchmark/tile-based/benchmark/grayscale/outputs_hd/passport_0020.json 100`
=========================================
Tile-Based Grayscale Proof Generation
=========================================
JSON file: /home/aristidas/Desktop/zkp-benchmark/tile-based/benchmark/grayscale/outputs_hd/passport_0020.json
Tile height: 100 rows
=========================================
Image dimensions: 720x1280 pixels
Number of tiles: 8

Building tile circuit (100x1280 pixels per tile)...
Circuit build took: 7.315402136s
Number of constraints: 5
Number of variables per tile: 384000

Processing tile 1/8 (rows 0..100)
  Proof generation: 9.112700388s
  Verification: 22.558741000ms

Processing tile 2/8 (rows 100..200)
  Proof generation: 8.898901229s
  Verification: 24.469092000ms

Processing tile 3/8 (rows 200..300)
  Proof generation: 8.770229483s
  Verification: 25.012304000ms

Processing tile 4/8 (rows 300..400)
  Proof generation: 9.024945991s
  Verification: 25.819812000ms

Processing tile 5/8 (rows 400..500)
  Proof generation: 8.964289328s
  Verification: 34.752654000ms

Processing tile 6/8 (rows 500..600)
  Proof generation: 9.223017223s
  Verification: 25.904711000ms

Processing tile 7/8 (rows 600..700)
  Proof generation: 9.312955951s
  Verification: 33.083636000ms

Processing tile 8/8 (rows 700..720)
  Proof generation: 8.705080529s
  Verification: 26.183539000ms

=========================================
Summary
=========================================
Total tiles processed: 8
Circuit build time: 7.315402136s
Total proof generation time: 72.012120122s
Average proof time per tile: 9.001515015s
Total verification time: 217.784489000ms
Average verification time per tile: 27.223061125ms
Variables per tile: 384000 (vs 2764800 for full image)
=========================================
	Command being timed: "cargo run --release --example gray-benchmark -- /home/aristidas/Desktop/zkp-benchmark/tile-based/benchmark/grayscale/outputs_hd/passport_0020.json 100"
	User time (seconds): 195.87
	System time (seconds): 66.58
	Percent of CPU this job got: 326%
	Elapsed (wall clock) time (h:mm:ss or m:ss): 1:20.43
	Average shared text size (kbytes): 0
	Average unshared data size (kbytes): 0
	Average stack size (kbytes): 0
	Average total size (kbytes): 0
	Maximum resident set size (kbytes): 2805412
	Average resident set size (kbytes): 0
	Major (requiring I/O) page faults: 0
	Minor (reclaiming a frame) page faults: 1529918
	Voluntary context switches: 12928
	Involuntary context switches: 11433
	Swaps: 0
	File system inputs: 118680
	File system outputs: 232
	Socket messages sent: 0
	Socket messages received: 0
	Signals delivered: 0
	Page size (bytes): 4096
	Exit status: 0

=== Memory and Resource Statistics ===
