    Finished `release` profile [optimized] target(s) in 0.05s
     Running `target/release/examples/gray-benchmark /home/aristidas/Desktop/zkp-benchmark/tile-based/benchmark/grayscale/outputs_hd/passport_0029.json 100`
=========================================
Tile-Based Grayscale Proof Generation
=========================================
JSON file: /home/aristidas/Desktop/zkp-benchmark/tile-based/benchmark/grayscale/outputs_hd/passport_0029.json
Tile height: 100 rows
=========================================
Image dimensions: 720x1280 pixels
Number of tiles: 8

Building tile circuit (100x1280 pixels per tile)...
Circuit build took: 7.900039417s
Number of constraints: 5
Number of variables per tile: 384000

Processing tile 1/8 (rows 0..100)
  Proof generation: 8.969890162s
  Verification: 25.190372000ms

Processing tile 2/8 (rows 100..200)
  Proof generation: 9.012588471s
  Verification: 26.421648000ms

Processing tile 3/8 (rows 200..300)
  Proof generation: 9.330093957s
  Verification: 29.665441000ms

Processing tile 4/8 (rows 300..400)
  Proof generation: 9.046306139s
  Verification: 31.642333000ms

Processing tile 5/8 (rows 400..500)
  Proof generation: 9.130834843s
  Verification: 32.780134000ms

Processing tile 6/8 (rows 500..600)
  Proof generation: 9.263198402s
  Verification: 25.109914000ms

Processing tile 7/8 (rows 600..700)
  Proof generation: 8.831100407s
  Verification: 29.424575000ms

Processing tile 8/8 (rows 700..720)
  Proof generation: 9.148307804s
  Verification: 32.369962000ms

=========================================
Summary
=========================================
Total tiles processed: 8
Circuit build time: 7.900039417s
Total proof generation time: 72.732320185s
Average proof time per tile: 9.091540023s
Total verification time: 232.604379000ms
Average verification time per tile: 29.075547375ms
Variables per tile: 384000 (vs 2764800 for full image)
=========================================
	Command being timed: "cargo run --release --example gray-benchmark -- /home/aristidas/Desktop/zkp-benchmark/tile-based/benchmark/grayscale/outputs_hd/passport_0029.json 100"
	User time (seconds): 203.69
	System time (seconds): 63.39
	Percent of CPU this job got: 326%
	Elapsed (wall clock) time (h:mm:ss or m:ss): 1:21.72
	Average shared text size (kbytes): 0
	Average unshared data size (kbytes): 0
	Average stack size (kbytes): 0
	Average total size (kbytes): 0
	Maximum resident set size (kbytes): 2801508
	Average resident set size (kbytes): 0
	Major (requiring I/O) page faults: 0
	Minor (reclaiming a frame) page faults: 1543947
	Voluntary context switches: 8121
	Involuntary context switches: 27002
	Swaps: 0
	File system inputs: 117776
	File system outputs: 24
	Socket messages sent: 0
	Socket messages received: 0
	Signals delivered: 0
	Page size (bytes): 4096
	Exit status: 0

=== Memory and Resource Statistics ===
