    Finished `release` profile [optimized] target(s) in 0.04s
     Running `target/release/examples/gray-benchmark /home/aristidas/Desktop/zkp-benchmark/tile-based/benchmark/grayscale/outputs_hd/passport_0013.json 100`
=========================================
Tile-Based Grayscale Proof Generation
=========================================
JSON file: /home/aristidas/Desktop/zkp-benchmark/tile-based/benchmark/grayscale/outputs_hd/passport_0013.json
Tile height: 100 rows
=========================================
Image dimensions: 720x1280 pixels
Number of tiles: 8

Building tile circuit (100x1280 pixels per tile)...
Circuit build took: 7.685004614s
Number of constraints: 5
Number of variables per tile: 384000

Processing tile 1/8 (rows 0..100)
  Proof generation: 11.838199204s
  Verification: 43.156577000ms

Processing tile 2/8 (rows 100..200)
  Proof generation: 9.492381297s
  Verification: 28.301625000ms

Processing tile 3/8 (rows 200..300)
  Proof generation: 9.213751236s
  Verification: 30.088020000ms

Processing tile 4/8 (rows 300..400)
  Proof generation: 9.366811009s
  Verification: 41.811905000ms

Processing tile 5/8 (rows 400..500)
  Proof generation: 9.189690818s
  Verification: 34.408285000ms

Processing tile 6/8 (rows 500..600)
  Proof generation: 8.911346817s
  Verification: 25.000994000ms

Processing tile 7/8 (rows 600..700)
  Proof generation: 8.847600013s
  Verification: 32.868458000ms

Processing tile 8/8 (rows 700..720)
  Proof generation: 8.940920159s
  Verification: 27.649182000ms

=========================================
Summary
=========================================
Total tiles processed: 8
Circuit build time: 7.685004614s
Total proof generation time: 75.800700553s
Average proof time per tile: 9.475087569s
Total verification time: 263.285046000ms
Average verification time per tile: 32.910630750ms
Variables per tile: 384000 (vs 2764800 for full image)
=========================================
	Command being timed: "cargo run --release --example gray-benchmark -- /home/aristidas/Desktop/zkp-benchmark/tile-based/benchmark/grayscale/outputs_hd/passport_0013.json 100"
	User time (seconds): 210.80
	System time (seconds): 67.41
	Percent of CPU this job got: 329%
	Elapsed (wall clock) time (h:mm:ss or m:ss): 1:24.53
	Average shared text size (kbytes): 0
	Average unshared data size (kbytes): 0
	Average stack size (kbytes): 0
	Average total size (kbytes): 0
	Maximum resident set size (kbytes): 2841796
	Average resident set size (kbytes): 0
	Major (requiring I/O) page faults: 0
	Minor (reclaiming a frame) page faults: 1519161
	Voluntary context switches: 6642
	Involuntary context switches: 10704
	Swaps: 0
	File system inputs: 118368
	File system outputs: 24
	Socket messages sent: 0
	Socket messages received: 0
	Signals delivered: 0
	Page size (bytes): 4096
	Exit status: 0

=== Memory and Resource Statistics ===
