    Finished `release` profile [optimized] target(s) in 0.07s
     Running `target/release/examples/gray-benchmark /home/aristidas/Desktop/zkp-benchmark/tile-based/benchmark/grayscale/outputs_hd/passport_0024.json 100`
=========================================
Tile-Based Grayscale Proof Generation
=========================================
JSON file: /home/aristidas/Desktop/zkp-benchmark/tile-based/benchmark/grayscale/outputs_hd/passport_0024.json
Tile height: 100 rows
=========================================
Image dimensions: 720x1280 pixels
Number of tiles: 8

Building tile circuit (100x1280 pixels per tile)...
Circuit build took: 7.423598926s
Number of constraints: 5
Number of variables per tile: 384000

Processing tile 1/8 (rows 0..100)
  Proof generation: 9.085229080s
  Verification: 24.701050000ms

Processing tile 2/8 (rows 100..200)
  Proof generation: 8.568949684s
  Verification: 34.208084000ms

Processing tile 3/8 (rows 200..300)
  Proof generation: 8.813842388s
  Verification: 28.030869000ms

Processing tile 4/8 (rows 300..400)
  Proof generation: 8.732597957s
  Verification: 27.472067000ms

Processing tile 5/8 (rows 400..500)
  Proof generation: 9.133680375s
  Verification: 26.300326000ms

Processing tile 6/8 (rows 500..600)
  Proof generation: 9.883512858s
  Verification: 25.194188000ms

Processing tile 7/8 (rows 600..700)
  Proof generation: 8.853155540s
  Verification: 26.912570000ms

Processing tile 8/8 (rows 700..720)
  Proof generation: 8.766834580s
  Verification: 31.119411000ms

=========================================
Summary
=========================================
Total tiles processed: 8
Circuit build time: 7.423598926s
Total proof generation time: 71.837802462s
Average proof time per tile: 8.979725308s
Total verification time: 223.938565000ms
Average verification time per tile: 27.992320625ms
Variables per tile: 384000 (vs 2764800 for full image)
=========================================
	Command being timed: "cargo run --release --example gray-benchmark -- /home/aristidas/Desktop/zkp-benchmark/tile-based/benchmark/grayscale/outputs_hd/passport_0024.json 100"
	User time (seconds): 199.63
	System time (seconds): 65.66
	Percent of CPU this job got: 330%
	Elapsed (wall clock) time (h:mm:ss or m:ss): 1:20.26
	Average shared text size (kbytes): 0
	Average unshared data size (kbytes): 0
	Average stack size (kbytes): 0
	Average total size (kbytes): 0
	Maximum resident set size (kbytes): 2960492
	Average resident set size (kbytes): 0
	Major (requiring I/O) page faults: 3
	Minor (reclaiming a frame) page faults: 1533615
	Voluntary context switches: 7917
	Involuntary context switches: 17016
	Swaps: 0
	File system inputs: 117848
	File system outputs: 232
	Socket messages sent: 0
	Socket messages received: 0
	Signals delivered: 0
	Page size (bytes): 4096
	Exit status: 0

=== Memory and Resource Statistics ===
