    Finished `release` profile [optimized] target(s) in 0.06s
     Running `target/release/examples/gray-benchmark /home/aristidas/Desktop/zkp-benchmark/tile-based/benchmark/grayscale/outputs_hd/passport_0037.json 100`
=========================================
Tile-Based Grayscale Proof Generation
=========================================
JSON file: /home/aristidas/Desktop/zkp-benchmark/tile-based/benchmark/grayscale/outputs_hd/passport_0037.json
Tile height: 100 rows
=========================================
Image dimensions: 720x1280 pixels
Number of tiles: 8

Building tile circuit (100x1280 pixels per tile)...
Circuit build took: 7.144882615s
Number of constraints: 5
Number of variables per tile: 384000

Processing tile 1/8 (rows 0..100)
  Proof generation: 9.122355290s
  Verification: 31.928355000ms

Processing tile 2/8 (rows 100..200)
  Proof generation: 9.484368502s
  Verification: 28.564172000ms

Processing tile 3/8 (rows 200..300)
  Proof generation: 9.028002052s
  Verification: 28.126930000ms

Processing tile 4/8 (rows 300..400)
  Proof generation: 8.770472772s
  Verification: 25.195735000ms

Processing tile 5/8 (rows 400..500)
  Proof generation: 8.879022205s
  Verification: 29.770054000ms

Processing tile 6/8 (rows 500..600)
  Proof generation: 9.134760530s
  Verification: 27.733743000ms

Processing tile 7/8 (rows 600..700)
  Proof generation: 8.962447463s
  Verification: 32.485432000ms

Processing tile 8/8 (rows 700..720)
  Proof generation: 8.880659767s
  Verification: 25.931669000ms

=========================================
Summary
=========================================
Total tiles processed: 8
Circuit build time: 7.144882615s
Total proof generation time: 72.262088581s
Average proof time per tile: 9.032761073s
Total verification time: 229.736090000ms
Average verification time per tile: 28.717011250ms
Variables per tile: 384000 (vs 2764800 for full image)
=========================================
	Command being timed: "cargo run --release --example gray-benchmark -- /home/aristidas/Desktop/zkp-benchmark/tile-based/benchmark/grayscale/outputs_hd/passport_0037.json 100"
	User time (seconds): 199.17
	System time (seconds): 66.66
	Percent of CPU this job got: 330%
	Elapsed (wall clock) time (h:mm:ss or m:ss): 1:20.50
	Average shared text size (kbytes): 0
	Average unshared data size (kbytes): 0
	Average stack size (kbytes): 0
	Average total size (kbytes): 0
	Maximum resident set size (kbytes): 2760692
	Average resident set size (kbytes): 0
	Major (requiring I/O) page faults: 0
	Minor (reclaiming a frame) page faults: 1492871
	Voluntary context switches: 6116
	Involuntary context switches: 9505
	Swaps: 0
	File system inputs: 118312
	File system outputs: 24
	Socket messages sent: 0
	Socket messages received: 0
	Signals delivered: 0
	Page size (bytes): 4096
	Exit status: 0

=== Memory and Resource Statistics ===
