    Finished `release` profile [optimized] target(s) in 0.04s
     Running `target/release/examples/gray-benchmark /home/ubuntu/zkp-benchmark/tile-based/benchmark/grayscale/outputs_hd/passport_0037.json 64`
=========================================
Tile-Based Grayscale Proof Generation
=========================================
JSON file: /home/ubuntu/zkp-benchmark/tile-based/benchmark/grayscale/outputs_hd/passport_0037.json
Tile height: 64 rows
=========================================
Image dimensions: 720x1280 pixels
Number of tiles: 12

Building tile circuit (64x1280 pixels per tile)...
Circuit build took: 5.030921854s
Number of constraints: 5
Number of variables per tile: 245760

Processing tile 1/12 (rows 0..64)
  Proof generation: 3.667766613s
  Verification: 20.118528000ms

Processing tile 2/12 (rows 64..128)
  Proof generation: 3.380288688s
  Verification: 20.100039000ms

Processing tile 3/12 (rows 128..192)
  Proof generation: 3.527073659s
  Verification: 20.074759000ms

Processing tile 4/12 (rows 192..256)
  Proof generation: 3.380211495s
  Verification: 20.107259000ms

Processing tile 5/12 (rows 256..320)
  Proof generation: 3.483653518s
  Verification: 20.089060000ms

Processing tile 6/12 (rows 320..384)
  Proof generation: 3.463452057s
  Verification: 20.105809000ms

Processing tile 7/12 (rows 384..448)
  Proof generation: 3.399707188s
  Verification: 20.068379000ms

Processing tile 8/12 (rows 448..512)
  Proof generation: 3.462765373s
  Verification: 20.104550000ms

Processing tile 9/12 (rows 512..576)
  Proof generation: 3.345266681s
  Verification: 20.108719000ms

Processing tile 10/12 (rows 576..640)
  Proof generation: 3.390209931s
  Verification: 20.096610000ms

Processing tile 11/12 (rows 640..704)
  Proof generation: 3.501859236s
  Verification: 20.086239000ms

Processing tile 12/12 (rows 704..720)
  Proof generation: 3.471142288s
  Verification: 20.022709000ms

=========================================
Summary
=========================================
Total tiles processed: 12
Circuit build time: 5.030921854s
Total proof generation time: 41.473396727s
Average proof time per tile: 3.456116394s
Total verification time: 241.082660000ms
Average verification time per tile: 20.090221667ms
Variables per tile: 245760 (vs 2764800 for full image)
=========================================
	Command being timed: "cargo run --release --example gray-benchmark -- /home/ubuntu/zkp-benchmark/tile-based/benchmark/grayscale/outputs_hd/passport_0037.json 64"
	User time (seconds): 354.03
	System time (seconds): 39.67
	Percent of CPU this job got: 827%
	Elapsed (wall clock) time (h:mm:ss or m:ss): 0:47.56
	Average shared text size (kbytes): 0
	Average unshared data size (kbytes): 0
	Average stack size (kbytes): 0
	Average total size (kbytes): 0
	Maximum resident set size (kbytes): 3032944
	Average resident set size (kbytes): 0
	Major (requiring I/O) page faults: 0
	Minor (reclaiming a frame) page faults: 1745718
	Voluntary context switches: 28087
	Involuntary context switches: 3895
	Swaps: 0
	File system inputs: 0
	File system outputs: 16
	Socket messages sent: 0
	Socket messages received: 0
	Signals delivered: 0
	Page size (bytes): 4096
	Exit status: 0

=== Memory and Resource Statistics ===
