    Finished `release` profile [optimized] target(s) in 0.04s
     Running `target/release/examples/gray-benchmark /home/ubuntu/zkp-benchmark/tile-based/benchmark/grayscale/outputs_hd/passport_0006.json 64`
=========================================
Tile-Based Grayscale Proof Generation
=========================================
JSON file: /home/ubuntu/zkp-benchmark/tile-based/benchmark/grayscale/outputs_hd/passport_0006.json
Tile height: 64 rows
=========================================
Image dimensions: 720x1280 pixels
Number of tiles: 12

Building tile circuit (64x1280 pixels per tile)...
Circuit build took: 5.029255188s
Number of constraints: 5
Number of variables per tile: 245760

Processing tile 1/12 (rows 0..64)
  Proof generation: 3.565524973s
  Verification: 20.102952000ms

Processing tile 2/12 (rows 64..128)
  Proof generation: 3.440330978s
  Verification: 20.104381000ms

Processing tile 3/12 (rows 128..192)
  Proof generation: 3.442261279s
  Verification: 20.049231000ms

Processing tile 4/12 (rows 192..256)
  Proof generation: 3.459036900s
  Verification: 20.066331000ms

Processing tile 5/12 (rows 256..320)
  Proof generation: 3.346988047s
  Verification: 20.100821000ms

Processing tile 6/12 (rows 320..384)
  Proof generation: 3.342962305s
  Verification: 20.085791000ms

Processing tile 7/12 (rows 384..448)
  Proof generation: 3.330862428s
  Verification: 20.069871000ms

Processing tile 8/12 (rows 448..512)
  Proof generation: 3.463176271s
  Verification: 20.080251000ms

Processing tile 9/12 (rows 512..576)
  Proof generation: 3.406399827s
  Verification: 20.080341000ms

Processing tile 10/12 (rows 576..640)
  Proof generation: 3.374316831s
  Verification: 20.101231000ms

Processing tile 11/12 (rows 640..704)
  Proof generation: 3.334404680s
  Verification: 20.073981000ms

Processing tile 12/12 (rows 704..720)
  Proof generation: 3.496161636s
  Verification: 19.999160000ms

=========================================
Summary
=========================================
Total tiles processed: 12
Circuit build time: 5.029255188s
Total proof generation time: 41.002426155s
Average proof time per tile: 3.416868846s
Total verification time: 240.914342000ms
Average verification time per tile: 20.076195167ms
Variables per tile: 245760 (vs 2764800 for full image)
=========================================
	Command being timed: "cargo run --release --example gray-benchmark -- /home/ubuntu/zkp-benchmark/tile-based/benchmark/grayscale/outputs_hd/passport_0006.json 64"
	User time (seconds): 351.53
	System time (seconds): 39.65
	Percent of CPU this job got: 830%
	Elapsed (wall clock) time (h:mm:ss or m:ss): 0:47.08
	Average shared text size (kbytes): 0
	Average unshared data size (kbytes): 0
	Average stack size (kbytes): 0
	Average total size (kbytes): 0
	Maximum resident set size (kbytes): 3033796
	Average resident set size (kbytes): 0
	Major (requiring I/O) page faults: 0
	Minor (reclaiming a frame) page faults: 1759923
	Voluntary context switches: 27919
	Involuntary context switches: 4094
	Swaps: 0
	File system inputs: 0
	File system outputs: 64
	Socket messages sent: 0
	Socket messages received: 0
	Signals delivered: 0
	Page size (bytes): 4096
	Exit status: 0

=== Memory and Resource Statistics ===
