    Finished `release` profile [optimized] target(s) in 0.04s
     Running `target/release/examples/gray-benchmark /home/ubuntu/zkp-benchmark/tile-based/benchmark/grayscale/outputs_hd/passport_0030.json 64`
=========================================
Tile-Based Grayscale Proof Generation
=========================================
JSON file: /home/ubuntu/zkp-benchmark/tile-based/benchmark/grayscale/outputs_hd/passport_0030.json
Tile height: 64 rows
=========================================
Image dimensions: 720x1280 pixels
Number of tiles: 12

Building tile circuit (64x1280 pixels per tile)...
Circuit build took: 4.994148058s
Number of constraints: 5
Number of variables per tile: 245760

Processing tile 1/12 (rows 0..64)
  Proof generation: 3.536142454s
  Verification: 20.098269000ms

Processing tile 2/12 (rows 64..128)
  Proof generation: 3.401973126s
  Verification: 20.110879000ms

Processing tile 3/12 (rows 128..192)
  Proof generation: 3.349881522s
  Verification: 20.071908000ms

Processing tile 4/12 (rows 192..256)
  Proof generation: 3.460429947s
  Verification: 20.088419000ms

Processing tile 5/12 (rows 256..320)
  Proof generation: 3.323103717s
  Verification: 20.106649000ms

Processing tile 6/12 (rows 320..384)
  Proof generation: 3.356224866s
  Verification: 20.097519000ms

Processing tile 7/12 (rows 384..448)
  Proof generation: 3.351889966s
  Verification: 20.105958000ms

Processing tile 8/12 (rows 448..512)
  Proof generation: 3.418015631s
  Verification: 20.089238000ms

Processing tile 9/12 (rows 512..576)
  Proof generation: 3.336193869s
  Verification: 20.096819000ms

Processing tile 10/12 (rows 576..640)
  Proof generation: 3.451785563s
  Verification: 20.074738000ms

Processing tile 11/12 (rows 640..704)
  Proof generation: 3.407336143s
  Verification: 20.072768000ms

Processing tile 12/12 (rows 704..720)
  Proof generation: 3.402934130s
  Verification: 20.031558000ms

=========================================
Summary
=========================================
Total tiles processed: 12
Circuit build time: 4.994148058s
Total proof generation time: 40.795910934s
Average proof time per tile: 3.399659245s
Total verification time: 241.044722000ms
Average verification time per tile: 20.087060167ms
Variables per tile: 245760 (vs 2764800 for full image)
=========================================
	Command being timed: "cargo run --release --example gray-benchmark -- /home/ubuntu/zkp-benchmark/tile-based/benchmark/grayscale/outputs_hd/passport_0030.json 64"
	User time (seconds): 351.04
	System time (seconds): 39.62
	Percent of CPU this job got: 833%
	Elapsed (wall clock) time (h:mm:ss or m:ss): 0:46.85
	Average shared text size (kbytes): 0
	Average unshared data size (kbytes): 0
	Average stack size (kbytes): 0
	Average total size (kbytes): 0
	Maximum resident set size (kbytes): 3045360
	Average resident set size (kbytes): 0
	Major (requiring I/O) page faults: 0
	Minor (reclaiming a frame) page faults: 1773713
	Voluntary context switches: 28340
	Involuntary context switches: 3956
	Swaps: 0
	File system inputs: 0
	File system outputs: 16
	Socket messages sent: 0
	Socket messages received: 0
	Signals delivered: 0
	Page size (bytes): 4096
	Exit status: 0

=== Memory and Resource Statistics ===
