    Finished `release` profile [optimized] target(s) in 0.05s
     Running `target/release/examples/gray-benchmark /home/ubuntu/zkp-benchmark/tile-based/benchmark/grayscale/outputs_hd/passport_0014.json 64`
=========================================
Tile-Based Grayscale Proof Generation
=========================================
JSON file: /home/ubuntu/zkp-benchmark/tile-based/benchmark/grayscale/outputs_hd/passport_0014.json
Tile height: 64 rows
=========================================
Image dimensions: 720x1280 pixels
Number of tiles: 12

Building tile circuit (64x1280 pixels per tile)...
Circuit build took: 5.016738517s
Number of constraints: 5
Number of variables per tile: 245760

Processing tile 1/12 (rows 0..64)
  Proof generation: 3.537048362s
  Verification: 20.121078000ms

Processing tile 2/12 (rows 64..128)
  Proof generation: 3.334517335s
  Verification: 20.114168000ms

Processing tile 3/12 (rows 128..192)
  Proof generation: 3.461004093s
  Verification: 20.078688000ms

Processing tile 4/12 (rows 192..256)
  Proof generation: 3.420206129s
  Verification: 20.112535000ms

Processing tile 5/12 (rows 256..320)
  Proof generation: 3.347129757s
  Verification: 20.118935000ms

Processing tile 6/12 (rows 320..384)
  Proof generation: 3.487094845s
  Verification: 20.105125000ms

Processing tile 7/12 (rows 384..448)
  Proof generation: 3.336539001s
  Verification: 20.190885000ms

Processing tile 8/12 (rows 448..512)
  Proof generation: 3.356655617s
  Verification: 20.107938000ms

Processing tile 9/12 (rows 512..576)
  Proof generation: 3.374039678s
  Verification: 20.094618000ms

Processing tile 10/12 (rows 576..640)
  Proof generation: 3.328187942s
  Verification: 20.114898000ms

Processing tile 11/12 (rows 640..704)
  Proof generation: 3.339043931s
  Verification: 20.131738000ms

Processing tile 12/12 (rows 704..720)
  Proof generation: 3.431735598s
  Verification: 20.024217000ms

=========================================
Summary
=========================================
Total tiles processed: 12
Circuit build time: 5.016738517s
Total proof generation time: 40.753202288s
Average proof time per tile: 3.396100191s
Total verification time: 241.314823000ms
Average verification time per tile: 20.109568583ms
Variables per tile: 245760 (vs 2764800 for full image)
=========================================
	Command being timed: "cargo run --release --example gray-benchmark -- /home/ubuntu/zkp-benchmark/tile-based/benchmark/grayscale/outputs_hd/passport_0014.json 64"
	User time (seconds): 351.35
	System time (seconds): 39.21
	Percent of CPU this job got: 833%
	Elapsed (wall clock) time (h:mm:ss or m:ss): 0:46.83
	Average shared text size (kbytes): 0
	Average unshared data size (kbytes): 0
	Average stack size (kbytes): 0
	Average total size (kbytes): 0
	Maximum resident set size (kbytes): 3055656
	Average resident set size (kbytes): 0
	Major (requiring I/O) page faults: 0
	Minor (reclaiming a frame) page faults: 1727471
	Voluntary context switches: 23329
	Involuntary context switches: 3096
	Swaps: 0
	File system inputs: 0
	File system outputs: 160
	Socket messages sent: 0
	Socket messages received: 0
	Signals delivered: 0
	Page size (bytes): 4096
	Exit status: 0

=== Memory and Resource Statistics ===
