    Finished `release` profile [optimized] target(s) in 0.04s
     Running `target/release/examples/gray-benchmark /home/ubuntu/zkp-benchmark/tile-based/benchmark/grayscale/outputs_hd/passport_0044.json 64`
=========================================
Tile-Based Grayscale Proof Generation
=========================================
JSON file: /home/ubuntu/zkp-benchmark/tile-based/benchmark/grayscale/outputs_hd/passport_0044.json
Tile height: 64 rows
=========================================
Image dimensions: 720x1280 pixels
Number of tiles: 12

Building tile circuit (64x1280 pixels per tile)...
Circuit build took: 5.056256973s
Number of constraints: 5
Number of variables per tile: 245760

Processing tile 1/12 (rows 0..64)
  Proof generation: 3.618347114s
  Verification: 20.134611000ms

Processing tile 2/12 (rows 64..128)
  Proof generation: 3.318319099s
  Verification: 20.124291000ms

Processing tile 3/12 (rows 128..192)
  Proof generation: 3.341706979s
  Verification: 20.089551000ms

Processing tile 4/12 (rows 192..256)
  Proof generation: 3.454790243s
  Verification: 20.141221000ms

Processing tile 5/12 (rows 256..320)
  Proof generation: 3.335545445s
  Verification: 20.133262000ms

Processing tile 6/12 (rows 320..384)
  Proof generation: 3.335407604s
  Verification: 20.136271000ms

Processing tile 7/12 (rows 384..448)
  Proof generation: 3.425404211s
  Verification: 20.098291000ms

Processing tile 8/12 (rows 448..512)
  Proof generation: 3.330089822s
  Verification: 20.124451000ms

Processing tile 9/12 (rows 512..576)
  Proof generation: 3.391715788s
  Verification: 20.142621000ms

Processing tile 10/12 (rows 576..640)
  Proof generation: 3.346171927s
  Verification: 20.118971000ms

Processing tile 11/12 (rows 640..704)
  Proof generation: 3.458448196s
  Verification: 20.146251000ms

Processing tile 12/12 (rows 704..720)
  Proof generation: 3.461473741s
  Verification: 20.042490000ms

=========================================
Summary
=========================================
Total tiles processed: 12
Circuit build time: 5.056256973s
Total proof generation time: 40.817420169s
Average proof time per tile: 3.401451681s
Total verification time: 241.432282000ms
Average verification time per tile: 20.119356833ms
Variables per tile: 245760 (vs 2764800 for full image)
=========================================
	Command being timed: "cargo run --release --example gray-benchmark -- /home/ubuntu/zkp-benchmark/tile-based/benchmark/grayscale/outputs_hd/passport_0044.json 64"
	User time (seconds): 351.66
	System time (seconds): 39.32
	Percent of CPU this job got: 833%
	Elapsed (wall clock) time (h:mm:ss or m:ss): 0:46.92
	Average shared text size (kbytes): 0
	Average unshared data size (kbytes): 0
	Average stack size (kbytes): 0
	Average total size (kbytes): 0
	Maximum resident set size (kbytes): 3031216
	Average resident set size (kbytes): 0
	Major (requiring I/O) page faults: 0
	Minor (reclaiming a frame) page faults: 1710781
	Voluntary context switches: 25375
	Involuntary context switches: 3429
	Swaps: 0
	File system inputs: 0
	File system outputs: 16
	Socket messages sent: 0
	Socket messages received: 0
	Signals delivered: 0
	Page size (bytes): 4096
	Exit status: 0

=== Memory and Resource Statistics ===
