    Finished `release` profile [optimized] target(s) in 0.04s
     Running `target/release/examples/gray-benchmark /home/ubuntu/zkp-benchmark/tile-based/benchmark/grayscale/outputs_hd/passport_0012.json 64`
=========================================
Tile-Based Grayscale Proof Generation
=========================================
JSON file: /home/ubuntu/zkp-benchmark/tile-based/benchmark/grayscale/outputs_hd/passport_0012.json
Tile height: 64 rows
=========================================
Image dimensions: 720x1280 pixels
Number of tiles: 12

Building tile circuit (64x1280 pixels per tile)...
Circuit build took: 5.044302186s
Number of constraints: 5
Number of variables per tile: 245760

Processing tile 1/12 (rows 0..64)
  Proof generation: 3.603828654s
  Verification: 20.106671000ms

Processing tile 2/12 (rows 64..128)
  Proof generation: 3.391537652s
  Verification: 20.116441000ms

Processing tile 3/12 (rows 128..192)
  Proof generation: 3.346943550s
  Verification: 20.067360000ms

Processing tile 4/12 (rows 192..256)
  Proof generation: 3.353940010s
  Verification: 20.108079000ms

Processing tile 5/12 (rows 256..320)
  Proof generation: 3.346602339s
  Verification: 20.108240000ms

Processing tile 6/12 (rows 320..384)
  Proof generation: 3.391125852s
  Verification: 20.165330000ms

Processing tile 7/12 (rows 384..448)
  Proof generation: 3.478268616s
  Verification: 20.103269000ms

Processing tile 8/12 (rows 448..512)
  Proof generation: 3.407266994s
  Verification: 20.130129000ms

Processing tile 9/12 (rows 512..576)
  Proof generation: 3.413534708s
  Verification: 20.112649000ms

Processing tile 10/12 (rows 576..640)
  Proof generation: 3.399599242s
  Verification: 20.084719000ms

Processing tile 11/12 (rows 640..704)
  Proof generation: 3.351469671s
  Verification: 20.105080000ms

Processing tile 12/12 (rows 704..720)
  Proof generation: 3.367833937s
  Verification: 20.027527000ms

=========================================
Summary
=========================================
Total tiles processed: 12
Circuit build time: 5.044302186s
Total proof generation time: 40.851951225s
Average proof time per tile: 3.404329269s
Total verification time: 241.235494000ms
Average verification time per tile: 20.102957833ms
Variables per tile: 245760 (vs 2764800 for full image)
=========================================
	Command being timed: "cargo run --release --example gray-benchmark -- /home/ubuntu/zkp-benchmark/tile-based/benchmark/grayscale/outputs_hd/passport_0012.json 64"
	User time (seconds): 351.92
	System time (seconds): 39.97
	Percent of CPU this job got: 834%
	Elapsed (wall clock) time (h:mm:ss or m:ss): 0:46.95
	Average shared text size (kbytes): 0
	Average unshared data size (kbytes): 0
	Average stack size (kbytes): 0
	Average total size (kbytes): 0
	Maximum resident set size (kbytes): 3045100
	Average resident set size (kbytes): 0
	Major (requiring I/O) page faults: 0
	Minor (reclaiming a frame) page faults: 1762023
	Voluntary context switches: 26286
	Involuntary context switches: 4230
	Swaps: 0
	File system inputs: 0
	File system outputs: 16
	Socket messages sent: 0
	Socket messages received: 0
	Signals delivered: 0
	Page size (bytes): 4096
	Exit status: 0

=== Memory and Resource Statistics ===
