    Finished `release` profile [optimized] target(s) in 0.04s
     Running `target/release/examples/gray-benchmark /home/ubuntu/zkp-benchmark/tile-based/benchmark/grayscale/outputs_hd/passport_0029.json 64`
=========================================
Tile-Based Grayscale Proof Generation
=========================================
JSON file: /home/ubuntu/zkp-benchmark/tile-based/benchmark/grayscale/outputs_hd/passport_0029.json
Tile height: 64 rows
=========================================
Image dimensions: 720x1280 pixels
Number of tiles: 12

Building tile circuit (64x1280 pixels per tile)...
Circuit build took: 4.937069728s
Number of constraints: 5
Number of variables per tile: 245760

Processing tile 1/12 (rows 0..64)
  Proof generation: 3.537849265s
  Verification: 20.135349000ms

Processing tile 2/12 (rows 64..128)
  Proof generation: 3.405677600s
  Verification: 20.109909000ms

Processing tile 3/12 (rows 128..192)
  Proof generation: 3.455787922s
  Verification: 20.094098000ms

Processing tile 4/12 (rows 192..256)
  Proof generation: 3.338332488s
  Verification: 20.133719000ms

Processing tile 5/12 (rows 256..320)
  Proof generation: 3.399664809s
  Verification: 20.119918000ms

Processing tile 6/12 (rows 320..384)
  Proof generation: 3.467219409s
  Verification: 20.143347000ms

Processing tile 7/12 (rows 384..448)
  Proof generation: 3.433883466s
  Verification: 20.105878000ms

Processing tile 8/12 (rows 448..512)
  Proof generation: 3.351074254s
  Verification: 20.119317000ms

Processing tile 9/12 (rows 512..576)
  Proof generation: 3.344095767s
  Verification: 20.118937000ms

Processing tile 10/12 (rows 576..640)
  Proof generation: 3.396259936s
  Verification: 20.123238000ms

Processing tile 11/12 (rows 640..704)
  Proof generation: 3.397295315s
  Verification: 20.130989000ms

Processing tile 12/12 (rows 704..720)
  Proof generation: 3.358282327s
  Verification: 20.023418000ms

=========================================
Summary
=========================================
Total tiles processed: 12
Circuit build time: 4.937069728s
Total proof generation time: 40.885422558s
Average proof time per tile: 3.407118547s
Total verification time: 241.358117000ms
Average verification time per tile: 20.113176417ms
Variables per tile: 245760 (vs 2764800 for full image)
=========================================
	Command being timed: "cargo run --release --example gray-benchmark -- /home/ubuntu/zkp-benchmark/tile-based/benchmark/grayscale/outputs_hd/passport_0029.json 64"
	User time (seconds): 351.66
	System time (seconds): 39.15
	Percent of CPU this job got: 833%
	Elapsed (wall clock) time (h:mm:ss or m:ss): 0:46.87
	Average shared text size (kbytes): 0
	Average unshared data size (kbytes): 0
	Average stack size (kbytes): 0
	Average total size (kbytes): 0
	Maximum resident set size (kbytes): 3044868
	Average resident set size (kbytes): 0
	Major (requiring I/O) page faults: 0
	Minor (reclaiming a frame) page faults: 1733537
	Voluntary context switches: 23031
	Involuntary context switches: 4188
	Swaps: 0
	File system inputs: 0
	File system outputs: 16
	Socket messages sent: 0
	Socket messages received: 0
	Signals delivered: 0
	Page size (bytes): 4096
	Exit status: 0

=== Memory and Resource Statistics ===
