    Finished `release` profile [optimized] target(s) in 0.04s
     Running `target/release/examples/gray-benchmark /home/ubuntu/zkp-benchmark/tile-based/benchmark/grayscale/outputs_hd/passport_0047.json 64`
=========================================
Tile-Based Grayscale Proof Generation
=========================================
JSON file: /home/ubuntu/zkp-benchmark/tile-based/benchmark/grayscale/outputs_hd/passport_0047.json
Tile height: 64 rows
=========================================
Image dimensions: 720x1280 pixels
Number of tiles: 12

Building tile circuit (64x1280 pixels per tile)...
Circuit build took: 5.007988908s
Number of constraints: 5
Number of variables per tile: 245760

Processing tile 1/12 (rows 0..64)
  Proof generation: 3.584726058s
  Verification: 20.107621000ms

Processing tile 2/12 (rows 64..128)
  Proof generation: 3.461933885s
  Verification: 20.132442000ms

Processing tile 3/12 (rows 128..192)
  Proof generation: 3.473772151s
  Verification: 20.075611000ms

Processing tile 4/12 (rows 192..256)
  Proof generation: 3.354000194s
  Verification: 20.088891000ms

Processing tile 5/12 (rows 256..320)
  Proof generation: 3.420103495s
  Verification: 20.111210000ms

Processing tile 6/12 (rows 320..384)
  Proof generation: 3.416965107s
  Verification: 20.109881000ms

Processing tile 7/12 (rows 384..448)
  Proof generation: 3.348364870s
  Verification: 20.161131000ms

Processing tile 8/12 (rows 448..512)
  Proof generation: 3.442019665s
  Verification: 20.108930000ms

Processing tile 9/12 (rows 512..576)
  Proof generation: 3.360733460s
  Verification: 20.123311000ms

Processing tile 10/12 (rows 576..640)
  Proof generation: 3.366644492s
  Verification: 20.083201000ms

Processing tile 11/12 (rows 640..704)
  Proof generation: 3.339031660s
  Verification: 20.093111000ms

Processing tile 12/12 (rows 704..720)
  Proof generation: 3.374810277s
  Verification: 20.024841000ms

=========================================
Summary
=========================================
Total tiles processed: 12
Circuit build time: 5.007988908s
Total proof generation time: 40.943105314s
Average proof time per tile: 3.411925443s
Total verification time: 241.220181000ms
Average verification time per tile: 20.101681750ms
Variables per tile: 245760 (vs 2764800 for full image)
=========================================
	Command being timed: "cargo run --release --example gray-benchmark -- /home/ubuntu/zkp-benchmark/tile-based/benchmark/grayscale/outputs_hd/passport_0047.json 64"
	User time (seconds): 351.90
	System time (seconds): 39.93
	Percent of CPU this job got: 833%
	Elapsed (wall clock) time (h:mm:ss or m:ss): 0:47.00
	Average shared text size (kbytes): 0
	Average unshared data size (kbytes): 0
	Average stack size (kbytes): 0
	Average total size (kbytes): 0
	Maximum resident set size (kbytes): 3037816
	Average resident set size (kbytes): 0
	Major (requiring I/O) page faults: 0
	Minor (reclaiming a frame) page faults: 1781059
	Voluntary context switches: 29459
	Involuntary context switches: 3352
	Swaps: 0
	File system inputs: 0
	File system outputs: 16
	Socket messages sent: 0
	Socket messages received: 0
	Signals delivered: 0
	Page size (bytes): 4096
	Exit status: 0

=== Memory and Resource Statistics ===
