    Finished `release` profile [optimized] target(s) in 0.04s
     Running `target/release/examples/gray-benchmark /home/ubuntu/zkp-benchmark/tile-based/benchmark/grayscale/outputs_hd/passport_0017.json 64`
=========================================
Tile-Based Grayscale Proof Generation
=========================================
JSON file: /home/ubuntu/zkp-benchmark/tile-based/benchmark/grayscale/outputs_hd/passport_0017.json
Tile height: 64 rows
=========================================
Image dimensions: 720x1280 pixels
Number of tiles: 12

Building tile circuit (64x1280 pixels per tile)...
Circuit build took: 4.974669725s
Number of constraints: 5
Number of variables per tile: 245760

Processing tile 1/12 (rows 0..64)
  Proof generation: 3.555224540s
  Verification: 20.115068000ms

Processing tile 2/12 (rows 64..128)
  Proof generation: 3.418606876s
  Verification: 20.112858000ms

Processing tile 3/12 (rows 128..192)
  Proof generation: 3.475401272s
  Verification: 20.095188000ms

Processing tile 4/12 (rows 192..256)
  Proof generation: 3.333057527s
  Verification: 20.122258000ms

Processing tile 5/12 (rows 256..320)
  Proof generation: 3.388506965s
  Verification: 20.121268000ms

Processing tile 6/12 (rows 320..384)
  Proof generation: 3.339121908s
  Verification: 20.116859000ms

Processing tile 7/12 (rows 384..448)
  Proof generation: 3.428828842s
  Verification: 20.087018000ms

Processing tile 8/12 (rows 448..512)
  Proof generation: 3.344641088s
  Verification: 20.123509000ms

Processing tile 9/12 (rows 512..576)
  Proof generation: 3.333891310s
  Verification: 20.118429000ms

Processing tile 10/12 (rows 576..640)
  Proof generation: 3.349159913s
  Verification: 20.097958000ms

Processing tile 11/12 (rows 640..704)
  Proof generation: 3.383768892s
  Verification: 20.115808000ms

Processing tile 12/12 (rows 704..720)
  Proof generation: 3.403442487s
  Verification: 20.063668000ms

=========================================
Summary
=========================================
Total tiles processed: 12
Circuit build time: 4.974669725s
Total proof generation time: 40.753651620s
Average proof time per tile: 3.396137635s
Total verification time: 241.289889000ms
Average verification time per tile: 20.107490750ms
Variables per tile: 245760 (vs 2764800 for full image)
=========================================
	Command being timed: "cargo run --release --example gray-benchmark -- /home/ubuntu/zkp-benchmark/tile-based/benchmark/grayscale/outputs_hd/passport_0017.json 64"
	User time (seconds): 351.85
	System time (seconds): 39.35
	Percent of CPU this job got: 836%
	Elapsed (wall clock) time (h:mm:ss or m:ss): 0:46.79
	Average shared text size (kbytes): 0
	Average unshared data size (kbytes): 0
	Average stack size (kbytes): 0
	Average total size (kbytes): 0
	Maximum resident set size (kbytes): 3053756
	Average resident set size (kbytes): 0
	Major (requiring I/O) page faults: 0
	Minor (reclaiming a frame) page faults: 1738983
	Voluntary context switches: 24211
	Involuntary context switches: 4364
	Swaps: 0
	File system inputs: 0
	File system outputs: 16
	Socket messages sent: 0
	Socket messages received: 0
	Signals delivered: 0
	Page size (bytes): 4096
	Exit status: 0

=== Memory and Resource Statistics ===
