    Finished `release` profile [optimized] target(s) in 0.04s
     Running `target/release/examples/gray-benchmark /home/ubuntu/zkp-benchmark/tile-based/benchmark/grayscale/outputs_hd/passport_0011.json 64`
=========================================
Tile-Based Grayscale Proof Generation
=========================================
JSON file: /home/ubuntu/zkp-benchmark/tile-based/benchmark/grayscale/outputs_hd/passport_0011.json
Tile height: 64 rows
=========================================
Image dimensions: 720x1280 pixels
Number of tiles: 12

Building tile circuit (64x1280 pixels per tile)...
Circuit build took: 4.984600715s
Number of constraints: 5
Number of variables per tile: 245760

Processing tile 1/12 (rows 0..64)
  Proof generation: 3.543604291s
  Verification: 20.112561000ms

Processing tile 2/12 (rows 64..128)
  Proof generation: 3.325144360s
  Verification: 20.127431000ms

Processing tile 3/12 (rows 128..192)
  Proof generation: 3.437160939s
  Verification: 20.199262000ms

Processing tile 4/12 (rows 192..256)
  Proof generation: 3.479077511s
  Verification: 20.125661000ms

Processing tile 5/12 (rows 256..320)
  Proof generation: 3.389687176s
  Verification: 20.117161000ms

Processing tile 6/12 (rows 320..384)
  Proof generation: 3.327526991s
  Verification: 20.124142000ms

Processing tile 7/12 (rows 384..448)
  Proof generation: 3.482862825s
  Verification: 20.095661000ms

Processing tile 8/12 (rows 448..512)
  Proof generation: 3.320645835s
  Verification: 20.100581000ms

Processing tile 9/12 (rows 512..576)
  Proof generation: 3.337849290s
  Verification: 20.127092000ms

Processing tile 10/12 (rows 576..640)
  Proof generation: 3.322901868s
  Verification: 20.101721000ms

Processing tile 11/12 (rows 640..704)
  Proof generation: 3.361354500s
  Verification: 20.114231000ms

Processing tile 12/12 (rows 704..720)
  Proof generation: 3.378944526s
  Verification: 20.039270000ms

=========================================
Summary
=========================================
Total tiles processed: 12
Circuit build time: 4.984600715s
Total proof generation time: 40.706760112s
Average proof time per tile: 3.392230009s
Total verification time: 241.384774000ms
Average verification time per tile: 20.115397833ms
Variables per tile: 245760 (vs 2764800 for full image)
=========================================
	Command being timed: "cargo run --release --example gray-benchmark -- /home/ubuntu/zkp-benchmark/tile-based/benchmark/grayscale/outputs_hd/passport_0011.json 64"
	User time (seconds): 350.97
	System time (seconds): 39.03
	Percent of CPU this job got: 834%
	Elapsed (wall clock) time (h:mm:ss or m:ss): 0:46.75
	Average shared text size (kbytes): 0
	Average unshared data size (kbytes): 0
	Average stack size (kbytes): 0
	Average total size (kbytes): 0
	Maximum resident set size (kbytes): 3050028
	Average resident set size (kbytes): 0
	Major (requiring I/O) page faults: 0
	Minor (reclaiming a frame) page faults: 1744063
	Voluntary context switches: 26798
	Involuntary context switches: 3868
	Swaps: 0
	File system inputs: 0
	File system outputs: 16
	Socket messages sent: 0
	Socket messages received: 0
	Signals delivered: 0
	Page size (bytes): 4096
	Exit status: 0

=== Memory and Resource Statistics ===
