    Finished `release` profile [optimized] target(s) in 0.04s
     Running `target/release/examples/gray-benchmark /home/ubuntu/zkp-benchmark/tile-based/benchmark/grayscale/outputs_hd/passport_0031.json 64`
=========================================
Tile-Based Grayscale Proof Generation
=========================================
JSON file: /home/ubuntu/zkp-benchmark/tile-based/benchmark/grayscale/outputs_hd/passport_0031.json
Tile height: 64 rows
=========================================
Image dimensions: 720x1280 pixels
Number of tiles: 12

Building tile circuit (64x1280 pixels per tile)...
Circuit build took: 4.982369158s
Number of constraints: 5
Number of variables per tile: 245760

Processing tile 1/12 (rows 0..64)
  Proof generation: 3.625745171s
  Verification: 20.129879000ms

Processing tile 2/12 (rows 64..128)
  Proof generation: 3.371541331s
  Verification: 20.128389000ms

Processing tile 3/12 (rows 128..192)
  Proof generation: 3.487570981s
  Verification: 20.135259000ms

Processing tile 4/12 (rows 192..256)
  Proof generation: 3.476766754s
  Verification: 20.124298000ms

Processing tile 5/12 (rows 256..320)
  Proof generation: 3.482642396s
  Verification: 20.100749000ms

Processing tile 6/12 (rows 320..384)
  Proof generation: 3.374723154s
  Verification: 20.123188000ms

Processing tile 7/12 (rows 384..448)
  Proof generation: 3.342493481s
  Verification: 20.101971000ms

Processing tile 8/12 (rows 448..512)
  Proof generation: 3.350712102s
  Verification: 20.111681000ms

Processing tile 9/12 (rows 512..576)
  Proof generation: 3.375699479s
  Verification: 20.119671000ms

Processing tile 10/12 (rows 576..640)
  Proof generation: 3.395769800s
  Verification: 20.187831000ms

Processing tile 11/12 (rows 640..704)
  Proof generation: 3.514409384s
  Verification: 20.124511000ms

Processing tile 12/12 (rows 704..720)
  Proof generation: 3.387043910s
  Verification: 20.038148000ms

=========================================
Summary
=========================================
Total tiles processed: 12
Circuit build time: 4.982369158s
Total proof generation time: 41.185117943s
Average proof time per tile: 3.432093162s
Total verification time: 241.425575000ms
Average verification time per tile: 20.118797917ms
Variables per tile: 245760 (vs 2764800 for full image)
=========================================
	Command being timed: "cargo run --release --example gray-benchmark -- /home/ubuntu/zkp-benchmark/tile-based/benchmark/grayscale/outputs_hd/passport_0031.json 64"
	User time (seconds): 352.93
	System time (seconds): 40.58
	Percent of CPU this job got: 833%
	Elapsed (wall clock) time (h:mm:ss or m:ss): 0:47.22
	Average shared text size (kbytes): 0
	Average unshared data size (kbytes): 0
	Average stack size (kbytes): 0
	Average total size (kbytes): 0
	Maximum resident set size (kbytes): 3046224
	Average resident set size (kbytes): 0
	Major (requiring I/O) page faults: 0
	Minor (reclaiming a frame) page faults: 1782456
	Voluntary context switches: 28556
	Involuntary context switches: 3782
	Swaps: 0
	File system inputs: 0
	File system outputs: 16
	Socket messages sent: 0
	Socket messages received: 0
	Signals delivered: 0
	Page size (bytes): 4096
	Exit status: 0

=== Memory and Resource Statistics ===
