    Finished `release` profile [optimized] target(s) in 0.04s
     Running `target/release/examples/gray-benchmark /home/ubuntu/zkp-benchmark/tile-based/benchmark/grayscale/outputs_hd/passport_0020.json 64`
=========================================
Tile-Based Grayscale Proof Generation
=========================================
JSON file: /home/ubuntu/zkp-benchmark/tile-based/benchmark/grayscale/outputs_hd/passport_0020.json
Tile height: 64 rows
=========================================
Image dimensions: 720x1280 pixels
Number of tiles: 12

Building tile circuit (64x1280 pixels per tile)...
Circuit build took: 4.981785174s
Number of constraints: 5
Number of variables per tile: 245760

Processing tile 1/12 (rows 0..64)
  Proof generation: 3.638848524s
  Verification: 20.220429000ms

Processing tile 2/12 (rows 64..128)
  Proof generation: 3.366746196s
  Verification: 20.241230000ms

Processing tile 3/12 (rows 128..192)
  Proof generation: 3.314273548s
  Verification: 20.181739000ms

Processing tile 4/12 (rows 192..256)
  Proof generation: 3.347742408s
  Verification: 20.190868000ms

Processing tile 5/12 (rows 256..320)
  Proof generation: 3.344191749s
  Verification: 20.206339000ms

Processing tile 6/12 (rows 320..384)
  Proof generation: 3.447107943s
  Verification: 20.219859000ms

Processing tile 7/12 (rows 384..448)
  Proof generation: 3.451968843s
  Verification: 20.196948000ms

Processing tile 8/12 (rows 448..512)
  Proof generation: 3.354633355s
  Verification: 20.203579000ms

Processing tile 9/12 (rows 512..576)
  Proof generation: 3.400859824s
  Verification: 20.188218000ms

Processing tile 10/12 (rows 576..640)
  Proof generation: 3.445580524s
  Verification: 20.192589000ms

Processing tile 11/12 (rows 640..704)
  Proof generation: 3.472266921s
  Verification: 20.205208000ms

Processing tile 12/12 (rows 704..720)
  Proof generation: 3.362726196s
  Verification: 20.133238000ms

=========================================
Summary
=========================================
Total tiles processed: 12
Circuit build time: 4.981785174s
Total proof generation time: 40.946946031s
Average proof time per tile: 3.412245503s
Total verification time: 242.380244000ms
Average verification time per tile: 20.198353667ms
Variables per tile: 245760 (vs 2764800 for full image)
=========================================
	Command being timed: "cargo run --release --example gray-benchmark -- /home/ubuntu/zkp-benchmark/tile-based/benchmark/grayscale/outputs_hd/passport_0020.json 64"
	User time (seconds): 350.71
	System time (seconds): 39.64
	Percent of CPU this job got: 830%
	Elapsed (wall clock) time (h:mm:ss or m:ss): 0:46.98
	Average shared text size (kbytes): 0
	Average unshared data size (kbytes): 0
	Average stack size (kbytes): 0
	Average total size (kbytes): 0
	Maximum resident set size (kbytes): 3048296
	Average resident set size (kbytes): 0
	Major (requiring I/O) page faults: 0
	Minor (reclaiming a frame) page faults: 1728744
	Voluntary context switches: 23058
	Involuntary context switches: 3985
	Swaps: 0
	File system inputs: 0
	File system outputs: 16
	Socket messages sent: 0
	Socket messages received: 0
	Signals delivered: 0
	Page size (bytes): 4096
	Exit status: 0

=== Memory and Resource Statistics ===
