    Finished `release` profile [optimized] target(s) in 0.04s
     Running `target/release/examples/gray-benchmark /home/ubuntu/zkp-benchmark/tile-based/benchmark/grayscale/outputs_hd/passport_0048.json 64`
=========================================
Tile-Based Grayscale Proof Generation
=========================================
JSON file: /home/ubuntu/zkp-benchmark/tile-based/benchmark/grayscale/outputs_hd/passport_0048.json
Tile height: 64 rows
=========================================
Image dimensions: 720x1280 pixels
Number of tiles: 12

Building tile circuit (64x1280 pixels per tile)...
Circuit build took: 4.972309555s
Number of constraints: 5
Number of variables per tile: 245760

Processing tile 1/12 (rows 0..64)
  Proof generation: 3.536943518s
  Verification: 21.055445000ms

Processing tile 2/12 (rows 64..128)
  Proof generation: 3.375858100s
  Verification: 21.128326000ms

Processing tile 3/12 (rows 128..192)
  Proof generation: 3.456401304s
  Verification: 21.045466000ms

Processing tile 4/12 (rows 192..256)
  Proof generation: 3.330034338s
  Verification: 21.097966000ms

Processing tile 5/12 (rows 256..320)
  Proof generation: 3.455932954s
  Verification: 21.055166000ms

Processing tile 6/12 (rows 320..384)
  Proof generation: 3.447477424s
  Verification: 21.083777000ms

Processing tile 7/12 (rows 384..448)
  Proof generation: 3.411551356s
  Verification: 21.083217000ms

Processing tile 8/12 (rows 448..512)
  Proof generation: 3.398124031s
  Verification: 21.078877000ms

Processing tile 9/12 (rows 512..576)
  Proof generation: 3.314371899s
  Verification: 21.065677000ms

Processing tile 10/12 (rows 576..640)
  Proof generation: 3.501560852s
  Verification: 21.042866000ms

Processing tile 11/12 (rows 640..704)
  Proof generation: 3.350545199s
  Verification: 21.060876000ms

Processing tile 12/12 (rows 704..720)
  Proof generation: 3.348667559s
  Verification: 20.983505000ms

=========================================
Summary
=========================================
Total tiles processed: 12
Circuit build time: 4.972309555s
Total proof generation time: 40.927468534s
Average proof time per tile: 3.410622378s
Total verification time: 252.781164000ms
Average verification time per tile: 21.065097000ms
Variables per tile: 245760 (vs 2764800 for full image)
=========================================
	Command being timed: "cargo run --release --example gray-benchmark -- /home/ubuntu/zkp-benchmark/tile-based/benchmark/grayscale/outputs_hd/passport_0048.json 64"
	User time (seconds): 350.97
	System time (seconds): 39.30
	Percent of CPU this job got: 830%
	Elapsed (wall clock) time (h:mm:ss or m:ss): 0:46.97
	Average shared text size (kbytes): 0
	Average unshared data size (kbytes): 0
	Average stack size (kbytes): 0
	Average total size (kbytes): 0
	Maximum resident set size (kbytes): 3036288
	Average resident set size (kbytes): 0
	Major (requiring I/O) page faults: 0
	Minor (reclaiming a frame) page faults: 1754366
	Voluntary context switches: 20594
	Involuntary context switches: 3747
	Swaps: 0
	File system inputs: 0
	File system outputs: 16
	Socket messages sent: 0
	Socket messages received: 0
	Signals delivered: 0
	Page size (bytes): 4096
	Exit status: 0

=== Memory and Resource Statistics ===
