    Finished `release` profile [optimized] target(s) in 0.04s
     Running `target/release/examples/gray-benchmark /home/ubuntu/zkp-benchmark/tile-based/benchmark/grayscale/outputs_hd/passport_0018.json 64`
=========================================
Tile-Based Grayscale Proof Generation
=========================================
JSON file: /home/ubuntu/zkp-benchmark/tile-based/benchmark/grayscale/outputs_hd/passport_0018.json
Tile height: 64 rows
=========================================
Image dimensions: 720x1280 pixels
Number of tiles: 12

Building tile circuit (64x1280 pixels per tile)...
Circuit build took: 4.995529001s
Number of constraints: 5
Number of variables per tile: 245760

Processing tile 1/12 (rows 0..64)
  Proof generation: 3.525306672s
  Verification: 20.084988000ms

Processing tile 2/12 (rows 64..128)
  Proof generation: 3.385145309s
  Verification: 20.089838000ms

Processing tile 3/12 (rows 128..192)
  Proof generation: 3.342067156s
  Verification: 20.058688000ms

Processing tile 4/12 (rows 192..256)
  Proof generation: 3.469471392s
  Verification: 20.079388000ms

Processing tile 5/12 (rows 256..320)
  Proof generation: 3.347175584s
  Verification: 20.101128000ms

Processing tile 6/12 (rows 320..384)
  Proof generation: 3.341019623s
  Verification: 20.094188000ms

Processing tile 7/12 (rows 384..448)
  Proof generation: 3.330015055s
  Verification: 20.063688000ms

Processing tile 8/12 (rows 448..512)
  Proof generation: 3.429267298s
  Verification: 20.158669000ms

Processing tile 9/12 (rows 512..576)
  Proof generation: 3.349203417s
  Verification: 20.080928000ms

Processing tile 10/12 (rows 576..640)
  Proof generation: 3.344590783s
  Verification: 20.091418000ms

Processing tile 11/12 (rows 640..704)
  Proof generation: 3.377803318s
  Verification: 20.073248000ms

Processing tile 12/12 (rows 704..720)
  Proof generation: 3.419233788s
  Verification: 20.000207000ms

=========================================
Summary
=========================================
Total tiles processed: 12
Circuit build time: 4.995529001s
Total proof generation time: 40.660299395s
Average proof time per tile: 3.388358283s
Total verification time: 240.976376000ms
Average verification time per tile: 20.081364667ms
Variables per tile: 245760 (vs 2764800 for full image)
=========================================
	Command being timed: "cargo run --release --example gray-benchmark -- /home/ubuntu/zkp-benchmark/tile-based/benchmark/grayscale/outputs_hd/passport_0018.json 64"
	User time (seconds): 350.97
	System time (seconds): 39.07
	Percent of CPU this job got: 834%
	Elapsed (wall clock) time (h:mm:ss or m:ss): 0:46.71
	Average shared text size (kbytes): 0
	Average unshared data size (kbytes): 0
	Average stack size (kbytes): 0
	Average total size (kbytes): 0
	Maximum resident set size (kbytes): 3053264
	Average resident set size (kbytes): 0
	Major (requiring I/O) page faults: 0
	Minor (reclaiming a frame) page faults: 1757747
	Voluntary context switches: 20840
	Involuntary context switches: 3703
	Swaps: 0
	File system inputs: 0
	File system outputs: 16
	Socket messages sent: 0
	Socket messages received: 0
	Signals delivered: 0
	Page size (bytes): 4096
	Exit status: 0

=== Memory and Resource Statistics ===
