    Finished `release` profile [optimized] target(s) in 0.04s
     Running `target/release/examples/gray-benchmark /home/ubuntu/zkp-benchmark/tile-based/benchmark/grayscale/outputs_hd/passport_0003.json 64`
=========================================
Tile-Based Grayscale Proof Generation
=========================================
JSON file: /home/ubuntu/zkp-benchmark/tile-based/benchmark/grayscale/outputs_hd/passport_0003.json
Tile height: 64 rows
=========================================
Image dimensions: 720x1280 pixels
Number of tiles: 12

Building tile circuit (64x1280 pixels per tile)...
Circuit build took: 4.983299236s
Number of constraints: 5
Number of variables per tile: 245760

Processing tile 1/12 (rows 0..64)
  Proof generation: 3.566979050s
  Verification: 20.110452000ms

Processing tile 2/12 (rows 64..128)
  Proof generation: 3.430710564s
  Verification: 20.123392000ms

Processing tile 3/12 (rows 128..192)
  Proof generation: 3.403233097s
  Verification: 20.075121000ms

Processing tile 4/12 (rows 192..256)
  Proof generation: 3.344792684s
  Verification: 20.084941000ms

Processing tile 5/12 (rows 256..320)
  Proof generation: 3.389343991s
  Verification: 20.094541000ms

Processing tile 6/12 (rows 320..384)
  Proof generation: 3.372887820s
  Verification: 20.097211000ms

Processing tile 7/12 (rows 384..448)
  Proof generation: 3.330169503s
  Verification: 20.078831000ms

Processing tile 8/12 (rows 448..512)
  Proof generation: 3.412507846s
  Verification: 20.089042000ms

Processing tile 9/12 (rows 512..576)
  Proof generation: 3.479866467s
  Verification: 20.085852000ms

Processing tile 10/12 (rows 576..640)
  Proof generation: 3.392090360s
  Verification: 20.096202000ms

Processing tile 11/12 (rows 640..704)
  Proof generation: 3.335416386s
  Verification: 20.076782000ms

Processing tile 12/12 (rows 704..720)
  Proof generation: 3.364752289s
  Verification: 20.035121000ms

=========================================
Summary
=========================================
Total tiles processed: 12
Circuit build time: 4.983299236s
Total proof generation time: 40.822750057s
Average proof time per tile: 3.401895838s
Total verification time: 241.047488000ms
Average verification time per tile: 20.087290667ms
Variables per tile: 245760 (vs 2764800 for full image)
=========================================
	Command being timed: "cargo run --release --example gray-benchmark -- /home/ubuntu/zkp-benchmark/tile-based/benchmark/grayscale/outputs_hd/passport_0003.json 64"
	User time (seconds): 350.41
	System time (seconds): 39.64
	Percent of CPU this job got: 832%
	Elapsed (wall clock) time (h:mm:ss or m:ss): 0:46.86
	Average shared text size (kbytes): 0
	Average unshared data size (kbytes): 0
	Average stack size (kbytes): 0
	Average total size (kbytes): 0
	Maximum resident set size (kbytes): 3052260
	Average resident set size (kbytes): 0
	Major (requiring I/O) page faults: 0
	Minor (reclaiming a frame) page faults: 1764633
	Voluntary context switches: 24907
	Involuntary context switches: 4023
	Swaps: 0
	File system inputs: 0
	File system outputs: 64
	Socket messages sent: 0
	Socket messages received: 0
	Signals delivered: 0
	Page size (bytes): 4096
	Exit status: 0

=== Memory and Resource Statistics ===
