    Finished `release` profile [optimized] target(s) in 0.05s
     Running `target/release/examples/gray-benchmark /home/ubuntu/zkp-benchmark/tile-based/benchmark/grayscale/outputs_hd/passport_0035.json 64`
=========================================
Tile-Based Grayscale Proof Generation
=========================================
JSON file: /home/ubuntu/zkp-benchmark/tile-based/benchmark/grayscale/outputs_hd/passport_0035.json
Tile height: 64 rows
=========================================
Image dimensions: 720x1280 pixels
Number of tiles: 12

Building tile circuit (64x1280 pixels per tile)...
Circuit build took: 4.982249390s
Number of constraints: 5
Number of variables per tile: 245760

Processing tile 1/12 (rows 0..64)
  Proof generation: 3.641288485s
  Verification: 20.094048000ms

Processing tile 2/12 (rows 64..128)
  Proof generation: 3.472033240s
  Verification: 20.095148000ms

Processing tile 3/12 (rows 128..192)
  Proof generation: 3.333814883s
  Verification: 20.066108000ms

Processing tile 4/12 (rows 192..256)
  Proof generation: 3.392815931s
  Verification: 20.120749000ms

Processing tile 5/12 (rows 256..320)
  Proof generation: 3.324356170s
  Verification: 20.101349000ms

Processing tile 6/12 (rows 320..384)
  Proof generation: 3.323622937s
  Verification: 20.138839000ms

Processing tile 7/12 (rows 384..448)
  Proof generation: 3.396861303s
  Verification: 20.082458000ms

Processing tile 8/12 (rows 448..512)
  Proof generation: 3.516253387s
  Verification: 20.126249000ms

Processing tile 9/12 (rows 512..576)
  Proof generation: 3.387081733s
  Verification: 20.088889000ms

Processing tile 10/12 (rows 576..640)
  Proof generation: 3.344225497s
  Verification: 20.103789000ms

Processing tile 11/12 (rows 640..704)
  Proof generation: 3.421819368s
  Verification: 20.099089000ms

Processing tile 12/12 (rows 704..720)
  Proof generation: 3.385801782s
  Verification: 20.006219000ms

=========================================
Summary
=========================================
Total tiles processed: 12
Circuit build time: 4.982249390s
Total proof generation time: 40.939974716s
Average proof time per tile: 3.411664560s
Total verification time: 241.122934000ms
Average verification time per tile: 20.093577833ms
Variables per tile: 245760 (vs 2764800 for full image)
=========================================
	Command being timed: "cargo run --release --example gray-benchmark -- /home/ubuntu/zkp-benchmark/tile-based/benchmark/grayscale/outputs_hd/passport_0035.json 64"
	User time (seconds): 351.99
	System time (seconds): 38.92
	Percent of CPU this job got: 831%
	Elapsed (wall clock) time (h:mm:ss or m:ss): 0:47.00
	Average shared text size (kbytes): 0
	Average unshared data size (kbytes): 0
	Average stack size (kbytes): 0
	Average total size (kbytes): 0
	Maximum resident set size (kbytes): 3041320
	Average resident set size (kbytes): 0
	Major (requiring I/O) page faults: 0
	Minor (reclaiming a frame) page faults: 1711025
	Voluntary context switches: 19382
	Involuntary context switches: 3203
	Swaps: 0
	File system inputs: 0
	File system outputs: 160
	Socket messages sent: 0
	Socket messages received: 0
	Signals delivered: 0
	Page size (bytes): 4096
	Exit status: 0

=== Memory and Resource Statistics ===
