    Finished `release` profile [optimized] target(s) in 0.04s
     Running `target/release/examples/gray-benchmark /home/ubuntu/zkp-benchmark/tile-based/benchmark/grayscale/outputs_hd/passport_0036.json 64`
=========================================
Tile-Based Grayscale Proof Generation
=========================================
JSON file: /home/ubuntu/zkp-benchmark/tile-based/benchmark/grayscale/outputs_hd/passport_0036.json
Tile height: 64 rows
=========================================
Image dimensions: 720x1280 pixels
Number of tiles: 12

Building tile circuit (64x1280 pixels per tile)...
Circuit build took: 5.022540017s
Number of constraints: 5
Number of variables per tile: 245760

Processing tile 1/12 (rows 0..64)
  Proof generation: 3.582286174s
  Verification: 20.090409000ms

Processing tile 2/12 (rows 64..128)
  Proof generation: 3.432276335s
  Verification: 20.117330000ms

Processing tile 3/12 (rows 128..192)
  Proof generation: 3.353311174s
  Verification: 20.074169000ms

Processing tile 4/12 (rows 192..256)
  Proof generation: 3.474759626s
  Verification: 20.102690000ms

Processing tile 5/12 (rows 256..320)
  Proof generation: 3.477239278s
  Verification: 20.184219000ms

Processing tile 6/12 (rows 320..384)
  Proof generation: 3.405026330s
  Verification: 20.075749000ms

Processing tile 7/12 (rows 384..448)
  Proof generation: 3.353392440s
  Verification: 20.102319000ms

Processing tile 8/12 (rows 448..512)
  Proof generation: 3.348746085s
  Verification: 20.093368000ms

Processing tile 9/12 (rows 512..576)
  Proof generation: 3.378849361s
  Verification: 20.117720000ms

Processing tile 10/12 (rows 576..640)
  Proof generation: 3.394845681s
  Verification: 20.085320000ms

Processing tile 11/12 (rows 640..704)
  Proof generation: 3.354443401s
  Verification: 20.116110000ms

Processing tile 12/12 (rows 704..720)
  Proof generation: 3.348933791s
  Verification: 20.006059000ms

=========================================
Summary
=========================================
Total tiles processed: 12
Circuit build time: 5.022540017s
Total proof generation time: 40.904109676s
Average proof time per tile: 3.408675806s
Total verification time: 241.165462000ms
Average verification time per tile: 20.097121833ms
Variables per tile: 245760 (vs 2764800 for full image)
=========================================
	Command being timed: "cargo run --release --example gray-benchmark -- /home/ubuntu/zkp-benchmark/tile-based/benchmark/grayscale/outputs_hd/passport_0036.json 64"
	User time (seconds): 352.11
	System time (seconds): 40.02
	Percent of CPU this job got: 834%
	Elapsed (wall clock) time (h:mm:ss or m:ss): 0:46.99
	Average shared text size (kbytes): 0
	Average unshared data size (kbytes): 0
	Average stack size (kbytes): 0
	Average total size (kbytes): 0
	Maximum resident set size (kbytes): 3040432
	Average resident set size (kbytes): 0
	Major (requiring I/O) page faults: 0
	Minor (reclaiming a frame) page faults: 1858050
	Voluntary context switches: 29626
	Involuntary context switches: 4127
	Swaps: 0
	File system inputs: 0
	File system outputs: 16
	Socket messages sent: 0
	Socket messages received: 0
	Signals delivered: 0
	Page size (bytes): 4096
	Exit status: 0

=== Memory and Resource Statistics ===
