    Finished `release` profile [optimized] target(s) in 0.05s
     Running `target/release/examples/gray-benchmark /home/ubuntu/zkp-benchmark/tile-based/benchmark/grayscale/outputs_hd/passport_0021.json 64`
=========================================
Tile-Based Grayscale Proof Generation
=========================================
JSON file: /home/ubuntu/zkp-benchmark/tile-based/benchmark/grayscale/outputs_hd/passport_0021.json
Tile height: 64 rows
=========================================
Image dimensions: 720x1280 pixels
Number of tiles: 12

Building tile circuit (64x1280 pixels per tile)...
Circuit build took: 4.970781016s
Number of constraints: 5
Number of variables per tile: 245760

Processing tile 1/12 (rows 0..64)
  Proof generation: 3.533997225s
  Verification: 20.109607000ms

Processing tile 2/12 (rows 64..128)
  Proof generation: 3.367205013s
  Verification: 20.142198000ms

Processing tile 3/12 (rows 128..192)
  Proof generation: 3.435253607s
  Verification: 20.078868000ms

Processing tile 4/12 (rows 192..256)
  Proof generation: 3.449657714s
  Verification: 20.115188000ms

Processing tile 5/12 (rows 256..320)
  Proof generation: 3.370268886s
  Verification: 20.083688000ms

Processing tile 6/12 (rows 320..384)
  Proof generation: 3.325766597s
  Verification: 20.098408000ms

Processing tile 7/12 (rows 384..448)
  Proof generation: 3.350068998s
  Verification: 20.120958000ms

Processing tile 8/12 (rows 448..512)
  Proof generation: 3.405830508s
  Verification: 20.105178000ms

Processing tile 9/12 (rows 512..576)
  Proof generation: 3.373916416s
  Verification: 20.103598000ms

Processing tile 10/12 (rows 576..640)
  Proof generation: 3.384393222s
  Verification: 20.077738000ms

Processing tile 11/12 (rows 640..704)
  Proof generation: 3.370271307s
  Verification: 20.075228000ms

Processing tile 12/12 (rows 704..720)
  Proof generation: 3.393578408s
  Verification: 20.046029000ms

=========================================
Summary
=========================================
Total tiles processed: 12
Circuit build time: 4.970781016s
Total proof generation time: 40.760207901s
Average proof time per tile: 3.396683992s
Total verification time: 241.156686000ms
Average verification time per tile: 20.096390500ms
Variables per tile: 245760 (vs 2764800 for full image)
=========================================
	Command being timed: "cargo run --release --example gray-benchmark -- /home/ubuntu/zkp-benchmark/tile-based/benchmark/grayscale/outputs_hd/passport_0021.json 64"
	User time (seconds): 351.10
	System time (seconds): 39.20
	Percent of CPU this job got: 834%
	Elapsed (wall clock) time (h:mm:ss or m:ss): 0:46.79
	Average shared text size (kbytes): 0
	Average unshared data size (kbytes): 0
	Average stack size (kbytes): 0
	Average total size (kbytes): 0
	Maximum resident set size (kbytes): 3037972
	Average resident set size (kbytes): 0
	Major (requiring I/O) page faults: 0
	Minor (reclaiming a frame) page faults: 1790561
	Voluntary context switches: 23034
	Involuntary context switches: 4267
	Swaps: 0
	File system inputs: 0
	File system outputs: 160
	Socket messages sent: 0
	Socket messages received: 0
	Signals delivered: 0
	Page size (bytes): 4096
	Exit status: 0

=== Memory and Resource Statistics ===
