    Finished `release` profile [optimized] target(s) in 0.04s
     Running `target/release/examples/gray-benchmark /home/ubuntu/zkp-benchmark/tile-based/benchmark/grayscale/outputs_hd/passport_0010.json 64`
=========================================
Tile-Based Grayscale Proof Generation
=========================================
JSON file: /home/ubuntu/zkp-benchmark/tile-based/benchmark/grayscale/outputs_hd/passport_0010.json
Tile height: 64 rows
=========================================
Image dimensions: 720x1280 pixels
Number of tiles: 12

Building tile circuit (64x1280 pixels per tile)...
Circuit build took: 5.028077688s
Number of constraints: 5
Number of variables per tile: 245760

Processing tile 1/12 (rows 0..64)
  Proof generation: 3.536085930s
  Verification: 20.213971000ms

Processing tile 2/12 (rows 64..128)
  Proof generation: 3.470796210s
  Verification: 20.228023000ms

Processing tile 3/12 (rows 128..192)
  Proof generation: 3.338472509s
  Verification: 20.180722000ms

Processing tile 4/12 (rows 192..256)
  Proof generation: 3.459124895s
  Verification: 20.221502000ms

Processing tile 5/12 (rows 256..320)
  Proof generation: 3.362585229s
  Verification: 20.180122000ms

Processing tile 6/12 (rows 320..384)
  Proof generation: 3.335759488s
  Verification: 20.201272000ms

Processing tile 7/12 (rows 384..448)
  Proof generation: 3.328438873s
  Verification: 20.172242000ms

Processing tile 8/12 (rows 448..512)
  Proof generation: 3.340186478s
  Verification: 20.202722000ms

Processing tile 9/12 (rows 512..576)
  Proof generation: 3.328621694s
  Verification: 20.217102000ms

Processing tile 10/12 (rows 576..640)
  Proof generation: 3.325210805s
  Verification: 20.178982000ms

Processing tile 11/12 (rows 640..704)
  Proof generation: 3.453162248s
  Verification: 20.209233000ms

Processing tile 12/12 (rows 704..720)
  Proof generation: 3.363338300s
  Verification: 20.120622000ms

=========================================
Summary
=========================================
Total tiles processed: 12
Circuit build time: 5.028077688s
Total proof generation time: 40.641782659s
Average proof time per tile: 3.386815222s
Total verification time: 242.326515000ms
Average verification time per tile: 20.193876250ms
Variables per tile: 245760 (vs 2764800 for full image)
=========================================
	Command being timed: "cargo run --release --example gray-benchmark -- /home/ubuntu/zkp-benchmark/tile-based/benchmark/grayscale/outputs_hd/passport_0010.json 64"
	User time (seconds): 352.88
	System time (seconds): 39.07
	Percent of CPU this job got: 838%
	Elapsed (wall clock) time (h:mm:ss or m:ss): 0:46.73
	Average shared text size (kbytes): 0
	Average unshared data size (kbytes): 0
	Average stack size (kbytes): 0
	Average total size (kbytes): 0
	Maximum resident set size (kbytes): 3040944
	Average resident set size (kbytes): 0
	Major (requiring I/O) page faults: 0
	Minor (reclaiming a frame) page faults: 1765240
	Voluntary context switches: 22214
	Involuntary context switches: 4285
	Swaps: 0
	File system inputs: 0
	File system outputs: 16
	Socket messages sent: 0
	Socket messages received: 0
	Signals delivered: 0
	Page size (bytes): 4096
	Exit status: 0

=== Memory and Resource Statistics ===
