    Finished `release` profile [optimized] target(s) in 0.04s
     Running `target/release/examples/gray-benchmark /home/ubuntu/zkp-benchmark/tile-based/benchmark/grayscale/outputs_hd/passport_0033.json 64`
=========================================
Tile-Based Grayscale Proof Generation
=========================================
JSON file: /home/ubuntu/zkp-benchmark/tile-based/benchmark/grayscale/outputs_hd/passport_0033.json
Tile height: 64 rows
=========================================
Image dimensions: 720x1280 pixels
Number of tiles: 12

Building tile circuit (64x1280 pixels per tile)...
Circuit build took: 4.973801493s
Number of constraints: 5
Number of variables per tile: 245760

Processing tile 1/12 (rows 0..64)
  Proof generation: 3.590736430s
  Verification: 20.137609000ms

Processing tile 2/12 (rows 64..128)
  Proof generation: 3.375781399s
  Verification: 20.110209000ms

Processing tile 3/12 (rows 128..192)
  Proof generation: 3.482576497s
  Verification: 20.165109000ms

Processing tile 4/12 (rows 192..256)
  Proof generation: 3.390591722s
  Verification: 20.120388000ms

Processing tile 5/12 (rows 256..320)
  Proof generation: 3.340089889s
  Verification: 20.130318000ms

Processing tile 6/12 (rows 320..384)
  Proof generation: 3.361336733s
  Verification: 20.114539000ms

Processing tile 7/12 (rows 384..448)
  Proof generation: 3.339206413s
  Verification: 20.110669000ms

Processing tile 8/12 (rows 448..512)
  Proof generation: 3.444674953s
  Verification: 20.251300000ms

Processing tile 9/12 (rows 512..576)
  Proof generation: 3.349781987s
  Verification: 20.106938000ms

Processing tile 10/12 (rows 576..640)
  Proof generation: 3.363875203s
  Verification: 20.114778000ms

Processing tile 11/12 (rows 640..704)
  Proof generation: 3.351166134s
  Verification: 20.103478000ms

Processing tile 12/12 (rows 704..720)
  Proof generation: 3.462203873s
  Verification: 20.051358000ms

=========================================
Summary
=========================================
Total tiles processed: 12
Circuit build time: 4.973801493s
Total proof generation time: 40.852021233s
Average proof time per tile: 3.404335103s
Total verification time: 241.516693000ms
Average verification time per tile: 20.126391083ms
Variables per tile: 245760 (vs 2764800 for full image)
=========================================
	Command being timed: "cargo run --release --example gray-benchmark -- /home/ubuntu/zkp-benchmark/tile-based/benchmark/grayscale/outputs_hd/passport_0033.json 64"
	User time (seconds): 352.38
	System time (seconds): 39.97
	Percent of CPU this job got: 836%
	Elapsed (wall clock) time (h:mm:ss or m:ss): 0:46.87
	Average shared text size (kbytes): 0
	Average unshared data size (kbytes): 0
	Average stack size (kbytes): 0
	Average total size (kbytes): 0
	Maximum resident set size (kbytes): 3038780
	Average resident set size (kbytes): 0
	Major (requiring I/O) page faults: 0
	Minor (reclaiming a frame) page faults: 1790444
	Voluntary context switches: 31619
	Involuntary context switches: 4216
	Swaps: 0
	File system inputs: 0
	File system outputs: 16
	Socket messages sent: 0
	Socket messages received: 0
	Signals delivered: 0
	Page size (bytes): 4096
	Exit status: 0

=== Memory and Resource Statistics ===
