    Finished `release` profile [optimized] target(s) in 0.04s
     Running `target/release/examples/gray-benchmark /home/ubuntu/zkp-benchmark/tile-based/benchmark/grayscale/outputs_hd/passport_0032.json 64`
=========================================
Tile-Based Grayscale Proof Generation
=========================================
JSON file: /home/ubuntu/zkp-benchmark/tile-based/benchmark/grayscale/outputs_hd/passport_0032.json
Tile height: 64 rows
=========================================
Image dimensions: 720x1280 pixels
Number of tiles: 12

Building tile circuit (64x1280 pixels per tile)...
Circuit build took: 5.000169016s
Number of constraints: 5
Number of variables per tile: 245760

Processing tile 1/12 (rows 0..64)
  Proof generation: 3.602219412s
  Verification: 20.124469000ms

Processing tile 2/12 (rows 64..128)
  Proof generation: 3.409177250s
  Verification: 20.125949000ms

Processing tile 3/12 (rows 128..192)
  Proof generation: 3.455621341s
  Verification: 20.079568000ms

Processing tile 4/12 (rows 192..256)
  Proof generation: 3.339233432s
  Verification: 20.115978000ms

Processing tile 5/12 (rows 256..320)
  Proof generation: 3.441071021s
  Verification: 20.101609000ms

Processing tile 6/12 (rows 320..384)
  Proof generation: 3.359510071s
  Verification: 20.138189000ms

Processing tile 7/12 (rows 384..448)
  Proof generation: 3.329919292s
  Verification: 20.082358000ms

Processing tile 8/12 (rows 448..512)
  Proof generation: 3.401234572s
  Verification: 20.140150000ms

Processing tile 9/12 (rows 512..576)
  Proof generation: 3.461618966s
  Verification: 20.111549000ms

Processing tile 10/12 (rows 576..640)
  Proof generation: 3.351207446s
  Verification: 20.091569000ms

Processing tile 11/12 (rows 640..704)
  Proof generation: 3.395083814s
  Verification: 20.072570000ms

Processing tile 12/12 (rows 704..720)
  Proof generation: 3.458557286s
  Verification: 20.016119000ms

=========================================
Summary
=========================================
Total tiles processed: 12
Circuit build time: 5.000169016s
Total proof generation time: 41.004453903s
Average proof time per tile: 3.417037825s
Total verification time: 241.200077000ms
Average verification time per tile: 20.100006417ms
Variables per tile: 245760 (vs 2764800 for full image)
=========================================
	Command being timed: "cargo run --release --example gray-benchmark -- /home/ubuntu/zkp-benchmark/tile-based/benchmark/grayscale/outputs_hd/passport_0032.json 64"
	User time (seconds): 352.89
	System time (seconds): 39.75
	Percent of CPU this job got: 834%
	Elapsed (wall clock) time (h:mm:ss or m:ss): 0:47.05
	Average shared text size (kbytes): 0
	Average unshared data size (kbytes): 0
	Average stack size (kbytes): 0
	Average total size (kbytes): 0
	Maximum resident set size (kbytes): 3047188
	Average resident set size (kbytes): 0
	Major (requiring I/O) page faults: 0
	Minor (reclaiming a frame) page faults: 1834059
	Voluntary context switches: 26875
	Involuntary context switches: 3816
	Swaps: 0
	File system inputs: 0
	File system outputs: 16
	Socket messages sent: 0
	Socket messages received: 0
	Signals delivered: 0
	Page size (bytes): 4096
	Exit status: 0

=== Memory and Resource Statistics ===
