    Finished `release` profile [optimized] target(s) in 0.04s
     Running `target/release/examples/gray-benchmark /home/ubuntu/zkp-benchmark/tile-based/benchmark/grayscale/outputs_hd/passport_0013.json 64`
=========================================
Tile-Based Grayscale Proof Generation
=========================================
JSON file: /home/ubuntu/zkp-benchmark/tile-based/benchmark/grayscale/outputs_hd/passport_0013.json
Tile height: 64 rows
=========================================
Image dimensions: 720x1280 pixels
Number of tiles: 12

Building tile circuit (64x1280 pixels per tile)...
Circuit build took: 4.983529913s
Number of constraints: 5
Number of variables per tile: 245760

Processing tile 1/12 (rows 0..64)
  Proof generation: 3.663619977s
  Verification: 20.164991000ms

Processing tile 2/12 (rows 64..128)
  Proof generation: 3.335352973s
  Verification: 20.185081000ms

Processing tile 3/12 (rows 128..192)
  Proof generation: 3.349565582s
  Verification: 20.154177000ms

Processing tile 4/12 (rows 192..256)
  Proof generation: 3.416245055s
  Verification: 20.205397000ms

Processing tile 5/12 (rows 256..320)
  Proof generation: 3.377560052s
  Verification: 20.174627000ms

Processing tile 6/12 (rows 320..384)
  Proof generation: 3.335292109s
  Verification: 20.186837000ms

Processing tile 7/12 (rows 384..448)
  Proof generation: 3.440229242s
  Verification: 20.166856000ms

Processing tile 8/12 (rows 448..512)
  Proof generation: 3.450622497s
  Verification: 20.179406000ms

Processing tile 9/12 (rows 512..576)
  Proof generation: 3.461047152s
  Verification: 20.197669000ms

Processing tile 10/12 (rows 576..640)
  Proof generation: 3.433370576s
  Verification: 20.174220000ms

Processing tile 11/12 (rows 640..704)
  Proof generation: 3.361873139s
  Verification: 20.147839000ms

Processing tile 12/12 (rows 704..720)
  Proof generation: 3.462255083s
  Verification: 20.117539000ms

=========================================
Summary
=========================================
Total tiles processed: 12
Circuit build time: 4.983529913s
Total proof generation time: 41.087033437s
Average proof time per tile: 3.423919453s
Total verification time: 242.054639000ms
Average verification time per tile: 20.171219917ms
Variables per tile: 245760 (vs 2764800 for full image)
=========================================
	Command being timed: "cargo run --release --example gray-benchmark -- /home/ubuntu/zkp-benchmark/tile-based/benchmark/grayscale/outputs_hd/passport_0013.json 64"
	User time (seconds): 351.44
	System time (seconds): 39.22
	Percent of CPU this job got: 828%
	Elapsed (wall clock) time (h:mm:ss or m:ss): 0:47.13
	Average shared text size (kbytes): 0
	Average unshared data size (kbytes): 0
	Average stack size (kbytes): 0
	Average total size (kbytes): 0
	Maximum resident set size (kbytes): 3031536
	Average resident set size (kbytes): 0
	Major (requiring I/O) page faults: 0
	Minor (reclaiming a frame) page faults: 1703525
	Voluntary context switches: 25067
	Involuntary context switches: 4018
	Swaps: 0
	File system inputs: 0
	File system outputs: 16
	Socket messages sent: 0
	Socket messages received: 0
	Signals delivered: 0
	Page size (bytes): 4096
	Exit status: 0

=== Memory and Resource Statistics ===
