    Finished `release` profile [optimized] target(s) in 0.04s
     Running `target/release/examples/gray-benchmark /home/ubuntu/zkp-benchmark/tile-based/benchmark/grayscale/outputs_hd/passport_0004.json 64`
=========================================
Tile-Based Grayscale Proof Generation
=========================================
JSON file: /home/ubuntu/zkp-benchmark/tile-based/benchmark/grayscale/outputs_hd/passport_0004.json
Tile height: 64 rows
=========================================
Image dimensions: 720x1280 pixels
Number of tiles: 12

Building tile circuit (64x1280 pixels per tile)...
Circuit build took: 5.038696523s
Number of constraints: 5
Number of variables per tile: 245760

Processing tile 1/12 (rows 0..64)
  Proof generation: 3.699760149s
  Verification: 20.103122000ms

Processing tile 2/12 (rows 64..128)
  Proof generation: 3.412112462s
  Verification: 20.103441000ms

Processing tile 3/12 (rows 128..192)
  Proof generation: 3.476679080s
  Verification: 20.090672000ms

Processing tile 4/12 (rows 192..256)
  Proof generation: 3.423732035s
  Verification: 20.137522000ms

Processing tile 5/12 (rows 256..320)
  Proof generation: 3.452642216s
  Verification: 20.086091000ms

Processing tile 6/12 (rows 320..384)
  Proof generation: 3.333139751s
  Verification: 20.128042000ms

Processing tile 7/12 (rows 384..448)
  Proof generation: 3.402365476s
  Verification: 20.097511000ms

Processing tile 8/12 (rows 448..512)
  Proof generation: 3.353906299s
  Verification: 20.111222000ms

Processing tile 9/12 (rows 512..576)
  Proof generation: 3.396858147s
  Verification: 20.095891000ms

Processing tile 10/12 (rows 576..640)
  Proof generation: 3.373307696s
  Verification: 20.094651000ms

Processing tile 11/12 (rows 640..704)
  Proof generation: 3.401150401s
  Verification: 20.125562000ms

Processing tile 12/12 (rows 704..720)
  Proof generation: 3.339565999s
  Verification: 20.034271000ms

=========================================
Summary
=========================================
Total tiles processed: 12
Circuit build time: 5.038696523s
Total proof generation time: 41.065219711s
Average proof time per tile: 3.422101643s
Total verification time: 241.207998000ms
Average verification time per tile: 20.100666500ms
Variables per tile: 245760 (vs 2764800 for full image)
=========================================
	Command being timed: "cargo run --release --example gray-benchmark -- /home/ubuntu/zkp-benchmark/tile-based/benchmark/grayscale/outputs_hd/passport_0004.json 64"
	User time (seconds): 350.99
	System time (seconds): 39.31
	Percent of CPU this job got: 827%
	Elapsed (wall clock) time (h:mm:ss or m:ss): 0:47.16
	Average shared text size (kbytes): 0
	Average unshared data size (kbytes): 0
	Average stack size (kbytes): 0
	Average total size (kbytes): 0
	Maximum resident set size (kbytes): 3023120
	Average resident set size (kbytes): 0
	Major (requiring I/O) page faults: 0
	Minor (reclaiming a frame) page faults: 1726242
	Voluntary context switches: 28702
	Involuntary context switches: 4310
	Swaps: 0
	File system inputs: 0
	File system outputs: 64
	Socket messages sent: 0
	Socket messages received: 0
	Signals delivered: 0
	Page size (bytes): 4096
	Exit status: 0

=== Memory and Resource Statistics ===
