    Finished `release` profile [optimized] target(s) in 0.05s
     Running `target/release/examples/gray-benchmark /home/ubuntu/zkp-benchmark/tile-based/benchmark/grayscale/outputs_hd/passport_0049.json 64`
=========================================
Tile-Based Grayscale Proof Generation
=========================================
JSON file: /home/ubuntu/zkp-benchmark/tile-based/benchmark/grayscale/outputs_hd/passport_0049.json
Tile height: 64 rows
=========================================
Image dimensions: 720x1280 pixels
Number of tiles: 12

Building tile circuit (64x1280 pixels per tile)...
Circuit build took: 5.080007702s
Number of constraints: 5
Number of variables per tile: 245760

Processing tile 1/12 (rows 0..64)
  Proof generation: 3.595190928s
  Verification: 20.090011000ms

Processing tile 2/12 (rows 64..128)
  Proof generation: 3.409271383s
  Verification: 20.083451000ms

Processing tile 3/12 (rows 128..192)
  Proof generation: 3.377641539s
  Verification: 20.078931000ms

Processing tile 4/12 (rows 192..256)
  Proof generation: 3.370407980s
  Verification: 20.112370000ms

Processing tile 5/12 (rows 256..320)
  Proof generation: 3.453057730s
  Verification: 20.121842000ms

Processing tile 6/12 (rows 320..384)
  Proof generation: 3.312867665s
  Verification: 20.103121000ms

Processing tile 7/12 (rows 384..448)
  Proof generation: 3.367631589s
  Verification: 20.080762000ms

Processing tile 8/12 (rows 448..512)
  Proof generation: 3.473258196s
  Verification: 20.109341000ms

Processing tile 9/12 (rows 512..576)
  Proof generation: 3.440024951s
  Verification: 20.092261000ms

Processing tile 10/12 (rows 576..640)
  Proof generation: 3.339632170s
  Verification: 20.093071000ms

Processing tile 11/12 (rows 640..704)
  Proof generation: 3.440296886s
  Verification: 20.081061000ms

Processing tile 12/12 (rows 704..720)
  Proof generation: 3.472881757s
  Verification: 20.028690000ms

=========================================
Summary
=========================================
Total tiles processed: 12
Circuit build time: 5.080007702s
Total proof generation time: 41.052162774s
Average proof time per tile: 3.421013565s
Total verification time: 241.074912000ms
Average verification time per tile: 20.089576000ms
Variables per tile: 245760 (vs 2764800 for full image)
=========================================
	Command being timed: "cargo run --release --example gray-benchmark -- /home/ubuntu/zkp-benchmark/tile-based/benchmark/grayscale/outputs_hd/passport_0049.json 64"
	User time (seconds): 352.94
	System time (seconds): 39.83
	Percent of CPU this job got: 832%
	Elapsed (wall clock) time (h:mm:ss or m:ss): 0:47.20
	Average shared text size (kbytes): 0
	Average unshared data size (kbytes): 0
	Average stack size (kbytes): 0
	Average total size (kbytes): 0
	Maximum resident set size (kbytes): 3035928
	Average resident set size (kbytes): 0
	Major (requiring I/O) page faults: 0
	Minor (reclaiming a frame) page faults: 1726569
	Voluntary context switches: 25292
	Involuntary context switches: 4325
	Swaps: 0
	File system inputs: 0
	File system outputs: 160
	Socket messages sent: 0
	Socket messages received: 0
	Signals delivered: 0
	Page size (bytes): 4096
	Exit status: 0

=== Memory and Resource Statistics ===
