    Finished `release` profile [optimized] target(s) in 0.04s
     Running `target/release/examples/gray-benchmark /home/ubuntu/zkp-benchmark/tile-based/benchmark/grayscale/outputs_hd/passport_0002.json 64`
=========================================
Tile-Based Grayscale Proof Generation
=========================================
JSON file: /home/ubuntu/zkp-benchmark/tile-based/benchmark/grayscale/outputs_hd/passport_0002.json
Tile height: 64 rows
=========================================
Image dimensions: 720x1280 pixels
Number of tiles: 12

Building tile circuit (64x1280 pixels per tile)...
Circuit build took: 5.000867994s
Number of constraints: 5
Number of variables per tile: 245760

Processing tile 1/12 (rows 0..64)
  Proof generation: 3.564712985s
  Verification: 20.146941000ms

Processing tile 2/12 (rows 64..128)
  Proof generation: 3.544542802s
  Verification: 20.112082000ms

Processing tile 3/12 (rows 128..192)
  Proof generation: 3.368957241s
  Verification: 20.110791000ms

Processing tile 4/12 (rows 192..256)
  Proof generation: 3.386783066s
  Verification: 20.114061000ms

Processing tile 5/12 (rows 256..320)
  Proof generation: 3.325470418s
  Verification: 20.114891000ms

Processing tile 6/12 (rows 320..384)
  Proof generation: 3.358369230s
  Verification: 20.116271000ms

Processing tile 7/12 (rows 384..448)
  Proof generation: 3.388897527s
  Verification: 20.120000000ms

Processing tile 8/12 (rows 448..512)
  Proof generation: 3.462828428s
  Verification: 20.109841000ms

Processing tile 9/12 (rows 512..576)
  Proof generation: 3.341370729s
  Verification: 20.115020000ms

Processing tile 10/12 (rows 576..640)
  Proof generation: 3.427378882s
  Verification: 20.110991000ms

Processing tile 11/12 (rows 640..704)
  Proof generation: 3.321397459s
  Verification: 20.112071000ms

Processing tile 12/12 (rows 704..720)
  Proof generation: 3.313468512s
  Verification: 20.048962000ms

=========================================
Summary
=========================================
Total tiles processed: 12
Circuit build time: 5.000867994s
Total proof generation time: 40.804177279s
Average proof time per tile: 3.400348107s
Total verification time: 241.331922000ms
Average verification time per tile: 20.110993500ms
Variables per tile: 245760 (vs 2764800 for full image)
=========================================
	Command being timed: "cargo run --release --example gray-benchmark -- /home/ubuntu/zkp-benchmark/tile-based/benchmark/grayscale/outputs_hd/passport_0002.json 64"
	User time (seconds): 350.61
	System time (seconds): 40.49
	Percent of CPU this job got: 834%
	Elapsed (wall clock) time (h:mm:ss or m:ss): 0:46.86
	Average shared text size (kbytes): 0
	Average unshared data size (kbytes): 0
	Average stack size (kbytes): 0
	Average total size (kbytes): 0
	Maximum resident set size (kbytes): 3052544
	Average resident set size (kbytes): 0
	Major (requiring I/O) page faults: 0
	Minor (reclaiming a frame) page faults: 1849325
	Voluntary context switches: 34012
	Involuntary context switches: 3970
	Swaps: 0
	File system inputs: 0
	File system outputs: 64
	Socket messages sent: 0
	Socket messages received: 0
	Signals delivered: 0
	Page size (bytes): 4096
	Exit status: 0

=== Memory and Resource Statistics ===
