    Finished `release` profile [optimized] target(s) in 0.04s
     Running `target/release/examples/gray-benchmark /home/ubuntu/zkp-benchmark/tile-based/benchmark/grayscale/outputs_hd/passport_0045.json 64`
=========================================
Tile-Based Grayscale Proof Generation
=========================================
JSON file: /home/ubuntu/zkp-benchmark/tile-based/benchmark/grayscale/outputs_hd/passport_0045.json
Tile height: 64 rows
=========================================
Image dimensions: 720x1280 pixels
Number of tiles: 12

Building tile circuit (64x1280 pixels per tile)...
Circuit build took: 4.975844982s
Number of constraints: 5
Number of variables per tile: 245760

Processing tile 1/12 (rows 0..64)
  Proof generation: 3.547483656s
  Verification: 20.076470000ms

Processing tile 2/12 (rows 64..128)
  Proof generation: 3.364424838s
  Verification: 20.097401000ms

Processing tile 3/12 (rows 128..192)
  Proof generation: 3.348691879s
  Verification: 20.088481000ms

Processing tile 4/12 (rows 192..256)
  Proof generation: 3.339705299s
  Verification: 20.146641000ms

Processing tile 5/12 (rows 256..320)
  Proof generation: 3.349815364s
  Verification: 20.098121000ms

Processing tile 6/12 (rows 320..384)
  Proof generation: 3.307893162s
  Verification: 20.111682000ms

Processing tile 7/12 (rows 384..448)
  Proof generation: 3.324378544s
  Verification: 20.102611000ms

Processing tile 8/12 (rows 448..512)
  Proof generation: 3.391544275s
  Verification: 20.093211000ms

Processing tile 9/12 (rows 512..576)
  Proof generation: 3.353508215s
  Verification: 20.091831000ms

Processing tile 10/12 (rows 576..640)
  Proof generation: 3.333876226s
  Verification: 20.113981000ms

Processing tile 11/12 (rows 640..704)
  Proof generation: 3.348494477s
  Verification: 20.089322000ms

Processing tile 12/12 (rows 704..720)
  Proof generation: 3.421729873s
  Verification: 20.036080000ms

=========================================
Summary
=========================================
Total tiles processed: 12
Circuit build time: 4.975844982s
Total proof generation time: 40.431545808s
Average proof time per tile: 3.369295484s
Total verification time: 241.145832000ms
Average verification time per tile: 20.095486000ms
Variables per tile: 245760 (vs 2764800 for full image)
=========================================
	Command being timed: "cargo run --release --example gray-benchmark -- /home/ubuntu/zkp-benchmark/tile-based/benchmark/grayscale/outputs_hd/passport_0045.json 64"
	User time (seconds): 351.21
	System time (seconds): 39.36
	Percent of CPU this job got: 839%
	Elapsed (wall clock) time (h:mm:ss or m:ss): 0:46.51
	Average shared text size (kbytes): 0
	Average unshared data size (kbytes): 0
	Average stack size (kbytes): 0
	Average total size (kbytes): 0
	Maximum resident set size (kbytes): 3039872
	Average resident set size (kbytes): 0
	Major (requiring I/O) page faults: 0
	Minor (reclaiming a frame) page faults: 1791889
	Voluntary context switches: 24755
	Involuntary context switches: 3789
	Swaps: 0
	File system inputs: 0
	File system outputs: 16
	Socket messages sent: 0
	Socket messages received: 0
	Signals delivered: 0
	Page size (bytes): 4096
	Exit status: 0

=== Memory and Resource Statistics ===
