    Finished `release` profile [optimized] target(s) in 0.04s
     Running `target/release/examples/gray-benchmark /home/ubuntu/zkp-benchmark/tile-based/benchmark/grayscale/outputs_hd/passport_0039.json 64`
=========================================
Tile-Based Grayscale Proof Generation
=========================================
JSON file: /home/ubuntu/zkp-benchmark/tile-based/benchmark/grayscale/outputs_hd/passport_0039.json
Tile height: 64 rows
=========================================
Image dimensions: 720x1280 pixels
Number of tiles: 12

Building tile circuit (64x1280 pixels per tile)...
Circuit build took: 5.000501500s
Number of constraints: 5
Number of variables per tile: 245760

Processing tile 1/12 (rows 0..64)
  Proof generation: 3.664863764s
  Verification: 20.155530000ms

Processing tile 2/12 (rows 64..128)
  Proof generation: 3.429404739s
  Verification: 20.157451000ms

Processing tile 3/12 (rows 128..192)
  Proof generation: 3.400792913s
  Verification: 20.140440000ms

Processing tile 4/12 (rows 192..256)
  Proof generation: 3.379395435s
  Verification: 20.172161000ms

Processing tile 5/12 (rows 256..320)
  Proof generation: 3.352836930s
  Verification: 20.165121000ms

Processing tile 6/12 (rows 320..384)
  Proof generation: 3.339860778s
  Verification: 20.172840000ms

Processing tile 7/12 (rows 384..448)
  Proof generation: 3.418359236s
  Verification: 20.137731000ms

Processing tile 8/12 (rows 448..512)
  Proof generation: 3.445707557s
  Verification: 20.119140000ms

Processing tile 9/12 (rows 512..576)
  Proof generation: 3.503254713s
  Verification: 20.164901000ms

Processing tile 10/12 (rows 576..640)
  Proof generation: 3.405388718s
  Verification: 20.129731000ms

Processing tile 11/12 (rows 640..704)
  Proof generation: 3.374502489s
  Verification: 20.144671000ms

Processing tile 12/12 (rows 704..720)
  Proof generation: 3.518829919s
  Verification: 20.075662000ms

=========================================
Summary
=========================================
Total tiles processed: 12
Circuit build time: 5.000501500s
Total proof generation time: 41.233197191s
Average proof time per tile: 3.436099766s
Total verification time: 241.735379000ms
Average verification time per tile: 20.144614917ms
Variables per tile: 245760 (vs 2764800 for full image)
=========================================
	Command being timed: "cargo run --release --example gray-benchmark -- /home/ubuntu/zkp-benchmark/tile-based/benchmark/grayscale/outputs_hd/passport_0039.json 64"
	User time (seconds): 355.42
	System time (seconds): 39.89
	Percent of CPU this job got: 835%
	Elapsed (wall clock) time (h:mm:ss or m:ss): 0:47.28
	Average shared text size (kbytes): 0
	Average unshared data size (kbytes): 0
	Average stack size (kbytes): 0
	Average total size (kbytes): 0
	Maximum resident set size (kbytes): 3008492
	Average resident set size (kbytes): 0
	Major (requiring I/O) page faults: 0
	Minor (reclaiming a frame) page faults: 1775826
	Voluntary context switches: 29573
	Involuntary context switches: 4196
	Swaps: 0
	File system inputs: 0
	File system outputs: 16
	Socket messages sent: 0
	Socket messages received: 0
	Signals delivered: 0
	Page size (bytes): 4096
	Exit status: 0

=== Memory and Resource Statistics ===
