    Finished `release` profile [optimized] target(s) in 0.04s
     Running `target/release/examples/gray-benchmark /home/ubuntu/zkp-benchmark/tile-based/benchmark/grayscale/outputs_hd/passport_0022.json 64`
=========================================
Tile-Based Grayscale Proof Generation
=========================================
JSON file: /home/ubuntu/zkp-benchmark/tile-based/benchmark/grayscale/outputs_hd/passport_0022.json
Tile height: 64 rows
=========================================
Image dimensions: 720x1280 pixels
Number of tiles: 12

Building tile circuit (64x1280 pixels per tile)...
Circuit build took: 4.987159918s
Number of constraints: 5
Number of variables per tile: 245760

Processing tile 1/12 (rows 0..64)
  Proof generation: 3.561914493s
  Verification: 20.139369000ms

Processing tile 2/12 (rows 64..128)
  Proof generation: 3.394175966s
  Verification: 20.125789000ms

Processing tile 3/12 (rows 128..192)
  Proof generation: 3.469902827s
  Verification: 20.193129000ms

Processing tile 4/12 (rows 192..256)
  Proof generation: 3.332389874s
  Verification: 20.133929000ms

Processing tile 5/12 (rows 256..320)
  Proof generation: 3.343842316s
  Verification: 20.119009000ms

Processing tile 6/12 (rows 320..384)
  Proof generation: 3.324129879s
  Verification: 20.142169000ms

Processing tile 7/12 (rows 384..448)
  Proof generation: 3.463630255s
  Verification: 20.118149000ms

Processing tile 8/12 (rows 448..512)
  Proof generation: 3.352749292s
  Verification: 20.131259000ms

Processing tile 9/12 (rows 512..576)
  Proof generation: 3.343474027s
  Verification: 20.138158000ms

Processing tile 10/12 (rows 576..640)
  Proof generation: 3.451382258s
  Verification: 20.132348000ms

Processing tile 11/12 (rows 640..704)
  Proof generation: 3.405459750s
  Verification: 20.118228000ms

Processing tile 12/12 (rows 704..720)
  Proof generation: 3.392283469s
  Verification: 20.042118000ms

=========================================
Summary
=========================================
Total tiles processed: 12
Circuit build time: 4.987159918s
Total proof generation time: 40.835334406s
Average proof time per tile: 3.402944534s
Total verification time: 241.533654000ms
Average verification time per tile: 20.127804500ms
Variables per tile: 245760 (vs 2764800 for full image)
=========================================
	Command being timed: "cargo run --release --example gray-benchmark -- /home/ubuntu/zkp-benchmark/tile-based/benchmark/grayscale/outputs_hd/passport_0022.json 64"
	User time (seconds): 351.24
	System time (seconds): 39.63
	Percent of CPU this job got: 833%
	Elapsed (wall clock) time (h:mm:ss or m:ss): 0:46.88
	Average shared text size (kbytes): 0
	Average unshared data size (kbytes): 0
	Average stack size (kbytes): 0
	Average total size (kbytes): 0
	Maximum resident set size (kbytes): 3039852
	Average resident set size (kbytes): 0
	Major (requiring I/O) page faults: 0
	Minor (reclaiming a frame) page faults: 1739154
	Voluntary context switches: 25592
	Involuntary context switches: 3763
	Swaps: 0
	File system inputs: 0
	File system outputs: 16
	Socket messages sent: 0
	Socket messages received: 0
	Signals delivered: 0
	Page size (bytes): 4096
	Exit status: 0

=== Memory and Resource Statistics ===
