    Finished `release` profile [optimized] target(s) in 0.04s
     Running `target/release/examples/gray-benchmark /home/ubuntu/zkp-benchmark/tile-based/benchmark/grayscale/outputs_hd/passport_0041.json 64`
=========================================
Tile-Based Grayscale Proof Generation
=========================================
JSON file: /home/ubuntu/zkp-benchmark/tile-based/benchmark/grayscale/outputs_hd/passport_0041.json
Tile height: 64 rows
=========================================
Image dimensions: 720x1280 pixels
Number of tiles: 12

Building tile circuit (64x1280 pixels per tile)...
Circuit build took: 5.069604300s
Number of constraints: 5
Number of variables per tile: 245760

Processing tile 1/12 (rows 0..64)
  Proof generation: 3.692123730s
  Verification: 20.156320000ms

Processing tile 2/12 (rows 64..128)
  Proof generation: 3.437310525s
  Verification: 20.139970000ms

Processing tile 3/12 (rows 128..192)
  Proof generation: 3.405253033s
  Verification: 20.091531000ms

Processing tile 4/12 (rows 192..256)
  Proof generation: 3.448382420s
  Verification: 20.204071000ms

Processing tile 5/12 (rows 256..320)
  Proof generation: 3.351286008s
  Verification: 20.119010000ms

Processing tile 6/12 (rows 320..384)
  Proof generation: 3.388734851s
  Verification: 20.134451000ms

Processing tile 7/12 (rows 384..448)
  Proof generation: 3.410393508s
  Verification: 20.102441000ms

Processing tile 8/12 (rows 448..512)
  Proof generation: 3.440789846s
  Verification: 20.129750000ms

Processing tile 9/12 (rows 512..576)
  Proof generation: 3.440638175s
  Verification: 20.125290000ms

Processing tile 10/12 (rows 576..640)
  Proof generation: 3.336414743s
  Verification: 20.102530000ms

Processing tile 11/12 (rows 640..704)
  Proof generation: 3.484377120s
  Verification: 20.144821000ms

Processing tile 12/12 (rows 704..720)
  Proof generation: 3.483338789s
  Verification: 20.065960000ms

=========================================
Summary
=========================================
Total tiles processed: 12
Circuit build time: 5.069604300s
Total proof generation time: 41.319042748s
Average proof time per tile: 3.443253562s
Total verification time: 241.516145000ms
Average verification time per tile: 20.126345417ms
Variables per tile: 245760 (vs 2764800 for full image)
=========================================
	Command being timed: "cargo run --release --example gray-benchmark -- /home/ubuntu/zkp-benchmark/tile-based/benchmark/grayscale/outputs_hd/passport_0041.json 64"
	User time (seconds): 354.91
	System time (seconds): 39.54
	Percent of CPU this job got: 831%
	Elapsed (wall clock) time (h:mm:ss or m:ss): 0:47.44
	Average shared text size (kbytes): 0
	Average unshared data size (kbytes): 0
	Average stack size (kbytes): 0
	Average total size (kbytes): 0
	Maximum resident set size (kbytes): 3049860
	Average resident set size (kbytes): 0
	Major (requiring I/O) page faults: 0
	Minor (reclaiming a frame) page faults: 1685362
	Voluntary context switches: 26317
	Involuntary context switches: 3881
	Swaps: 0
	File system inputs: 0
	File system outputs: 16
	Socket messages sent: 0
	Socket messages received: 0
	Signals delivered: 0
	Page size (bytes): 4096
	Exit status: 0

=== Memory and Resource Statistics ===
