    Finished `release` profile [optimized] target(s) in 0.04s
     Running `target/release/examples/gray-benchmark /home/ubuntu/zkp-benchmark/tile-based/benchmark/grayscale/outputs_hd/passport_0008.json 64`
=========================================
Tile-Based Grayscale Proof Generation
=========================================
JSON file: /home/ubuntu/zkp-benchmark/tile-based/benchmark/grayscale/outputs_hd/passport_0008.json
Tile height: 64 rows
=========================================
Image dimensions: 720x1280 pixels
Number of tiles: 12

Building tile circuit (64x1280 pixels per tile)...
Circuit build took: 5.007322457s
Number of constraints: 5
Number of variables per tile: 245760

Processing tile 1/12 (rows 0..64)
  Proof generation: 3.602407031s
  Verification: 20.117722000ms

Processing tile 2/12 (rows 64..128)
  Proof generation: 3.514493725s
  Verification: 20.100611000ms

Processing tile 3/12 (rows 128..192)
  Proof generation: 3.377038382s
  Verification: 20.079012000ms

Processing tile 4/12 (rows 192..256)
  Proof generation: 3.361644206s
  Verification: 20.117902000ms

Processing tile 5/12 (rows 256..320)
  Proof generation: 3.340160144s
  Verification: 20.085432000ms

Processing tile 6/12 (rows 320..384)
  Proof generation: 3.388210935s
  Verification: 20.093201000ms

Processing tile 7/12 (rows 384..448)
  Proof generation: 3.340170339s
  Verification: 20.078922000ms

Processing tile 8/12 (rows 448..512)
  Proof generation: 3.430183607s
  Verification: 20.123362000ms

Processing tile 9/12 (rows 512..576)
  Proof generation: 3.333820734s
  Verification: 20.093671000ms

Processing tile 10/12 (rows 576..640)
  Proof generation: 3.482402260s
  Verification: 20.091011000ms

Processing tile 11/12 (rows 640..704)
  Proof generation: 3.411163979s
  Verification: 20.100961000ms

Processing tile 12/12 (rows 704..720)
  Proof generation: 3.337298291s
  Verification: 20.012931000ms

=========================================
Summary
=========================================
Total tiles processed: 12
Circuit build time: 5.007322457s
Total proof generation time: 40.918993633s
Average proof time per tile: 3.409916136s
Total verification time: 241.094738000ms
Average verification time per tile: 20.091228167ms
Variables per tile: 245760 (vs 2764800 for full image)
=========================================
	Command being timed: "cargo run --release --example gray-benchmark -- /home/ubuntu/zkp-benchmark/tile-based/benchmark/grayscale/outputs_hd/passport_0008.json 64"
	User time (seconds): 351.68
	System time (seconds): 40.28
	Percent of CPU this job got: 834%
	Elapsed (wall clock) time (h:mm:ss or m:ss): 0:46.98
	Average shared text size (kbytes): 0
	Average unshared data size (kbytes): 0
	Average stack size (kbytes): 0
	Average total size (kbytes): 0
	Maximum resident set size (kbytes): 3044152
	Average resident set size (kbytes): 0
	Major (requiring I/O) page faults: 0
	Minor (reclaiming a frame) page faults: 1800224
	Voluntary context switches: 27108
	Involuntary context switches: 4236
	Swaps: 0
	File system inputs: 0
	File system outputs: 24
	Socket messages sent: 0
	Socket messages received: 0
	Signals delivered: 0
	Page size (bytes): 4096
	Exit status: 0

=== Memory and Resource Statistics ===
