    Finished `release` profile [optimized] target(s) in 0.04s
     Running `target/release/examples/gray-benchmark /home/ubuntu/zkp-benchmark/tile-based/benchmark/grayscale/outputs_hd/passport_0005.json 64`
=========================================
Tile-Based Grayscale Proof Generation
=========================================
JSON file: /home/ubuntu/zkp-benchmark/tile-based/benchmark/grayscale/outputs_hd/passport_0005.json
Tile height: 64 rows
=========================================
Image dimensions: 720x1280 pixels
Number of tiles: 12

Building tile circuit (64x1280 pixels per tile)...
Circuit build took: 4.951790302s
Number of constraints: 5
Number of variables per tile: 245760

Processing tile 1/12 (rows 0..64)
  Proof generation: 3.554267381s
  Verification: 20.132232000ms

Processing tile 2/12 (rows 64..128)
  Proof generation: 3.440847914s
  Verification: 20.132941000ms

Processing tile 3/12 (rows 128..192)
  Proof generation: 3.361564096s
  Verification: 20.079271000ms

Processing tile 4/12 (rows 192..256)
  Proof generation: 3.366474116s
  Verification: 20.124251000ms

Processing tile 5/12 (rows 256..320)
  Proof generation: 3.401694743s
  Verification: 20.149252000ms

Processing tile 6/12 (rows 320..384)
  Proof generation: 3.384385527s
  Verification: 20.113831000ms

Processing tile 7/12 (rows 384..448)
  Proof generation: 3.328671028s
  Verification: 20.113312000ms

Processing tile 8/12 (rows 448..512)
  Proof generation: 3.444465300s
  Verification: 20.095661000ms

Processing tile 9/12 (rows 512..576)
  Proof generation: 3.421204771s
  Verification: 20.098762000ms

Processing tile 10/12 (rows 576..640)
  Proof generation: 3.414336713s
  Verification: 20.097662000ms

Processing tile 11/12 (rows 640..704)
  Proof generation: 3.346690848s
  Verification: 20.107042000ms

Processing tile 12/12 (rows 704..720)
  Proof generation: 3.356762864s
  Verification: 20.052572000ms

=========================================
Summary
=========================================
Total tiles processed: 12
Circuit build time: 4.951790302s
Total proof generation time: 40.821365301s
Average proof time per tile: 3.401780442s
Total verification time: 241.296789000ms
Average verification time per tile: 20.108065750ms
Variables per tile: 245760 (vs 2764800 for full image)
=========================================
	Command being timed: "cargo run --release --example gray-benchmark -- /home/ubuntu/zkp-benchmark/tile-based/benchmark/grayscale/outputs_hd/passport_0005.json 64"
	User time (seconds): 352.56
	System time (seconds): 39.57
	Percent of CPU this job got: 837%
	Elapsed (wall clock) time (h:mm:ss or m:ss): 0:46.82
	Average shared text size (kbytes): 0
	Average unshared data size (kbytes): 0
	Average stack size (kbytes): 0
	Average total size (kbytes): 0
	Maximum resident set size (kbytes): 3040612
	Average resident set size (kbytes): 0
	Major (requiring I/O) page faults: 0
	Minor (reclaiming a frame) page faults: 1844766
	Voluntary context switches: 25595
	Involuntary context switches: 3988
	Swaps: 0
	File system inputs: 0
	File system outputs: 64
	Socket messages sent: 0
	Socket messages received: 0
	Signals delivered: 0
	Page size (bytes): 4096
	Exit status: 0

=== Memory and Resource Statistics ===
