    Finished `release` profile [optimized] target(s) in 0.04s
     Running `target/release/examples/gray-benchmark /home/ubuntu/zkp-benchmark/tile-based/benchmark/grayscale/outputs_hd/passport_0015.json 64`
=========================================
Tile-Based Grayscale Proof Generation
=========================================
JSON file: /home/ubuntu/zkp-benchmark/tile-based/benchmark/grayscale/outputs_hd/passport_0015.json
Tile height: 64 rows
=========================================
Image dimensions: 720x1280 pixels
Number of tiles: 12

Building tile circuit (64x1280 pixels per tile)...
Circuit build took: 5.034765055s
Number of constraints: 5
Number of variables per tile: 245760

Processing tile 1/12 (rows 0..64)
  Proof generation: 3.582424131s
  Verification: 20.110001000ms

Processing tile 2/12 (rows 64..128)
  Proof generation: 3.316837825s
  Verification: 20.105180000ms

Processing tile 3/12 (rows 128..192)
  Proof generation: 3.379708660s
  Verification: 20.056780000ms

Processing tile 4/12 (rows 192..256)
  Proof generation: 3.405526509s
  Verification: 20.125346000ms

Processing tile 5/12 (rows 256..320)
  Proof generation: 3.501033536s
  Verification: 20.110226000ms

Processing tile 6/12 (rows 320..384)
  Proof generation: 3.313852720s
  Verification: 20.114486000ms

Processing tile 7/12 (rows 384..448)
  Proof generation: 3.369849738s
  Verification: 20.108519000ms

Processing tile 8/12 (rows 448..512)
  Proof generation: 3.452329692s
  Verification: 20.082878000ms

Processing tile 9/12 (rows 512..576)
  Proof generation: 3.402541814s
  Verification: 20.076019000ms

Processing tile 10/12 (rows 576..640)
  Proof generation: 3.333842744s
  Verification: 20.078208000ms

Processing tile 11/12 (rows 640..704)
  Proof generation: 3.372881874s
  Verification: 20.081708000ms

Processing tile 12/12 (rows 704..720)
  Proof generation: 3.465170602s
  Verification: 20.018918000ms

=========================================
Summary
=========================================
Total tiles processed: 12
Circuit build time: 5.034765055s
Total proof generation time: 40.895999845s
Average proof time per tile: 3.407999987s
Total verification time: 241.068269000ms
Average verification time per tile: 20.089022417ms
Variables per tile: 245760 (vs 2764800 for full image)
=========================================
	Command being timed: "cargo run --release --example gray-benchmark -- /home/ubuntu/zkp-benchmark/tile-based/benchmark/grayscale/outputs_hd/passport_0015.json 64"
	User time (seconds): 351.66
	System time (seconds): 39.27
	Percent of CPU this job got: 831%
	Elapsed (wall clock) time (h:mm:ss or m:ss): 0:46.99
	Average shared text size (kbytes): 0
	Average unshared data size (kbytes): 0
	Average stack size (kbytes): 0
	Average total size (kbytes): 0
	Maximum resident set size (kbytes): 3044028
	Average resident set size (kbytes): 0
	Major (requiring I/O) page faults: 0
	Minor (reclaiming a frame) page faults: 1724728
	Voluntary context switches: 26638
	Involuntary context switches: 2851
	Swaps: 0
	File system inputs: 0
	File system outputs: 16
	Socket messages sent: 0
	Socket messages received: 0
	Signals delivered: 0
	Page size (bytes): 4096
	Exit status: 0

=== Memory and Resource Statistics ===
