    Finished `release` profile [optimized] target(s) in 0.04s
     Running `target/release/examples/gray-benchmark /home/ubuntu/zkp-benchmark/tile-based/benchmark/grayscale/outputs_hd/passport_0001.json 64`
=========================================
Tile-Based Grayscale Proof Generation
=========================================
JSON file: /home/ubuntu/zkp-benchmark/tile-based/benchmark/grayscale/outputs_hd/passport_0001.json
Tile height: 64 rows
=========================================
Image dimensions: 720x1280 pixels
Number of tiles: 12

Building tile circuit (64x1280 pixels per tile)...
Circuit build took: 4.963411709s
Number of constraints: 5
Number of variables per tile: 245760

Processing tile 1/12 (rows 0..64)
  Proof generation: 3.622822417s
  Verification: 20.189533000ms

Processing tile 2/12 (rows 64..128)
  Proof generation: 3.371621097s
  Verification: 20.194922000ms

Processing tile 3/12 (rows 128..192)
  Proof generation: 3.380844921s
  Verification: 20.168072000ms

Processing tile 4/12 (rows 192..256)
  Proof generation: 3.456041108s
  Verification: 20.219802000ms

Processing tile 5/12 (rows 256..320)
  Proof generation: 3.480665875s
  Verification: 20.192982000ms

Processing tile 6/12 (rows 320..384)
  Proof generation: 3.369896230s
  Verification: 20.223172000ms

Processing tile 7/12 (rows 384..448)
  Proof generation: 3.319973177s
  Verification: 20.193242000ms

Processing tile 8/12 (rows 448..512)
  Proof generation: 3.370489692s
  Verification: 20.198892000ms

Processing tile 9/12 (rows 512..576)
  Proof generation: 3.438027387s
  Verification: 20.197522000ms

Processing tile 10/12 (rows 576..640)
  Proof generation: 3.440981523s
  Verification: 20.184782000ms

Processing tile 11/12 (rows 640..704)
  Proof generation: 3.372777124s
  Verification: 20.200653000ms

Processing tile 12/12 (rows 704..720)
  Proof generation: 3.343802587s
  Verification: 20.129492000ms

=========================================
Summary
=========================================
Total tiles processed: 12
Circuit build time: 4.963411709s
Total proof generation time: 40.967943138s
Average proof time per tile: 3.413995262s
Total verification time: 242.293066000ms
Average verification time per tile: 20.191088833ms
Variables per tile: 245760 (vs 2764800 for full image)
=========================================
	Command being timed: "cargo run --release --example gray-benchmark -- /home/ubuntu/zkp-benchmark/tile-based/benchmark/grayscale/outputs_hd/passport_0001.json 64"
	User time (seconds): 350.97
	System time (seconds): 38.61
	Percent of CPU this job got: 829%
	Elapsed (wall clock) time (h:mm:ss or m:ss): 0:46.99
	Average shared text size (kbytes): 0
	Average unshared data size (kbytes): 0
	Average stack size (kbytes): 0
	Average total size (kbytes): 0
	Maximum resident set size (kbytes): 3040024
	Average resident set size (kbytes): 0
	Major (requiring I/O) page faults: 0
	Minor (reclaiming a frame) page faults: 1696445
	Voluntary context switches: 20568
	Involuntary context switches: 3863
	Swaps: 0
	File system inputs: 0
	File system outputs: 56
	Socket messages sent: 0
	Socket messages received: 0
	Signals delivered: 0
	Page size (bytes): 4096
	Exit status: 0

=== Memory and Resource Statistics ===
