    Finished `release` profile [optimized] target(s) in 0.04s
     Running `target/release/examples/gray-benchmark /home/ubuntu/zkp-benchmark/tile-based/benchmark/grayscale/outputs_hd/passport_0024.json 64`
=========================================
Tile-Based Grayscale Proof Generation
=========================================
JSON file: /home/ubuntu/zkp-benchmark/tile-based/benchmark/grayscale/outputs_hd/passport_0024.json
Tile height: 64 rows
=========================================
Image dimensions: 720x1280 pixels
Number of tiles: 12

Building tile circuit (64x1280 pixels per tile)...
Circuit build took: 5.021951761s
Number of constraints: 5
Number of variables per tile: 245760

Processing tile 1/12 (rows 0..64)
  Proof generation: 3.549900367s
  Verification: 20.124208000ms

Processing tile 2/12 (rows 64..128)
  Proof generation: 3.359770174s
  Verification: 20.128259000ms

Processing tile 3/12 (rows 128..192)
  Proof generation: 3.407616132s
  Verification: 20.079088000ms

Processing tile 4/12 (rows 192..256)
  Proof generation: 3.352982279s
  Verification: 20.101658000ms

Processing tile 5/12 (rows 256..320)
  Proof generation: 3.466361094s
  Verification: 20.099129000ms

Processing tile 6/12 (rows 320..384)
  Proof generation: 3.332968776s
  Verification: 20.136948000ms

Processing tile 7/12 (rows 384..448)
  Proof generation: 3.460322342s
  Verification: 20.116498000ms

Processing tile 8/12 (rows 448..512)
  Proof generation: 3.463635560s
  Verification: 20.142638000ms

Processing tile 9/12 (rows 512..576)
  Proof generation: 3.349810986s
  Verification: 20.128378000ms

Processing tile 10/12 (rows 576..640)
  Proof generation: 3.416609549s
  Verification: 20.097328000ms

Processing tile 11/12 (rows 640..704)
  Proof generation: 3.356977257s
  Verification: 20.112659000ms

Processing tile 12/12 (rows 704..720)
  Proof generation: 3.389918425s
  Verification: 20.040118000ms

=========================================
Summary
=========================================
Total tiles processed: 12
Circuit build time: 5.021951761s
Total proof generation time: 40.906872941s
Average proof time per tile: 3.408906078s
Total verification time: 241.306909000ms
Average verification time per tile: 20.108909083ms
Variables per tile: 245760 (vs 2764800 for full image)
=========================================
	Command being timed: "cargo run --release --example gray-benchmark -- /home/ubuntu/zkp-benchmark/tile-based/benchmark/grayscale/outputs_hd/passport_0024.json 64"
	User time (seconds): 351.84
	System time (seconds): 39.22
	Percent of CPU this job got: 832%
	Elapsed (wall clock) time (h:mm:ss or m:ss): 0:46.98
	Average shared text size (kbytes): 0
	Average unshared data size (kbytes): 0
	Average stack size (kbytes): 0
	Average total size (kbytes): 0
	Maximum resident set size (kbytes): 3042236
	Average resident set size (kbytes): 0
	Major (requiring I/O) page faults: 0
	Minor (reclaiming a frame) page faults: 1738021
	Voluntary context switches: 28621
	Involuntary context switches: 4400
	Swaps: 0
	File system inputs: 0
	File system outputs: 16
	Socket messages sent: 0
	Socket messages received: 0
	Signals delivered: 0
	Page size (bytes): 4096
	Exit status: 0

=== Memory and Resource Statistics ===
